Microchip MPLAB XC8 Compiler V1.34 ()

Linker command line:

--edf=C:\Program Files (x86)\Microchip\xc8\v1.34\dat\en_msgs.txt -cs \
  -h+dist/xc8_pic16f1705/production\PIC_PS2_to_UART.production.sym \
  --cmf=dist/xc8_pic16f1705/production\PIC_PS2_to_UART.production.cmf -z \
  -Q16F1705 -oC:\Users\DWHITF~1\AppData\Local\Temp\s7jo.6 \
  -Mdist/xc8_pic16f1705/production/PIC_PS2_to_UART.production.map -E1 \
  -ver=XC8 -ASTACK=0215Ch-023efh -pstack=STACK -ACODE=00h-07FFhx4 \
  -ASTRCODE=00h-01FFFh -ASTRING=00h-0FFhx32 -ACONST=00h-0FFhx32 \
  -AENTRY=00h-0FFhx32 -ACOMMON=070h-07Fh -ABANK0=020h-06Fh \
  -ABANK1=0A0h-0EFh -ABANK2=0120h-016Fh -ABANK3=01A0h-01EFh \
  -ABANK4=0220h-026Fh -ABANK5=02A0h-02EFh -ABANK6=0320h-036Fh \
  -ABANK7=03A0h-03EFh -ABANK8=0420h-046Fh -ABANK9=04A0h-04EFh \
  -ABANK10=0520h-056Fh -ABANK11=05A0h-05EFh -ABANK12=0620h-064Fh \
  -ABIGRAM=02000h-023EFh \
  -ARAM=020h-06Fh,0A0h-0EFh,0120h-016Fh,01A0h-01EFh,0220h-026Fh,02A0h-02EFh,0320h-036Fh,03A0h-03EFh,0420h-046Fh,04A0h-04EFh,0520h-056Fh,05A0h-05EFh,0620h-064Fh \
  -AABS1=020h-07Fh,0A0h-0EFh,0120h-016Fh,01A0h-01EFh,0220h-026Fh,02A0h-02EFh,0320h-036Fh,03A0h-03EFh,0420h-046Fh,04A0h-04EFh,0520h-056Fh,05A0h-05EFh,0620h-064Fh \
  -ASFR0=00h-01Fh -ASFR1=080h-09Fh -ASFR2=0100h-011Fh -ASFR3=0180h-019Fh \
  -ASFR4=0200h-021Fh -ASFR5=0280h-029Fh -ASFR6=0300h-031Fh \
  -ASFR7=0380h-039Fh -ASFR8=0400h-041Fh -ASFR9=0480h-049Fh \
  -ASFR10=0500h-051Fh -ASFR11=0580h-059Fh -ASFR12=0600h-061Fh \
  -ASFR13=0680h-06EFh -ASFR14=0700h-076Fh -ASFR15=0780h-07EFh \
  -ASFR16=0800h-086Fh -ASFR17=0880h-08EFh -ASFR18=0900h-096Fh \
  -ASFR19=0980h-09EFh -ASFR20=0A00h-0A6Fh -ASFR21=0A80h-0AEFh \
  -ASFR22=0B00h-0B6Fh -ASFR23=0B80h-0BEFh -ASFR24=0C00h-0C6Fh \
  -ASFR25=0C80h-0CEFh -ASFR26=0D00h-0D6Fh -ASFR27=0D80h-0DEFh \
  -ASFR28=0E00h-0E6Fh -ASFR29=0E80h-0EEFh -ASFR30=0F00h-0F6Fh \
  -ASFR31=0F80h-0FEFh -preset_vec=00h,intentry=04h,init,end_init \
  -ppowerup=CODE -pcinit=CODE -pfunctab=CODE -ACONFIG=08007h-08008h \
  -pconfig=CONFIG -DCONFIG=2 -AIDLOC=08000h-08003h -pidloc=IDLOC -DIDLOC=2 \
  -DCODE=2 -DSTRCODE=2 -DSTRING=2 -DCONST=2 -DENTRY=2 -k \
  C:\Users\DWHITF~1\AppData\Local\Temp\s7jo.obj \
  dist/xc8_pic16f1705/production\PIC_PS2_to_UART.production.obj 

Object code version is 3.11

Machine type is 16F1705



                Name                               Link     Load   Length Selector   Space Scale
C:\Users\DWHITF~1\AppData\Local\Temp\s7jo.obj
                end_init                             D8       D8        2        8       0
                reset_vec                             0        0        2        0       0
                config                             8007     8007        2    1000E       0
dist/xc8_pic16f1705/production\PIC_PS2_to_UART.production.obj
                cinit                               819      819      7E7     1032       0
                intentry                              4        4       D4        8       0
                text77                              443      443       78        8       0
                text65                               DA       DA      1D9        8       0
                text52                             100D     100D      7F3     201A       0
                text42                              4DB      4DB        4        8       0
                text40                              4BB      4BB       10        8       0
                text39                              4E5      4E5        3        8       0
                text38                              4E2      4E2        3        8       0
                text37                              4CB      4CB        A        8       0
                text36                              4DF      4DF        3        8       0
                text2                               2B3      2B3      190        8       0
                cstackBANK0                          20       20       50       20       1
                cstackCOMMON                         70       70        E       70       1
                cstackBANK1                          A0       A0       50       A0       1
                cstackBANK2                         120      120       50      120       1
                cstackBANK3                         1A0      1A0       33      1A0       1
                clrtext                             4D5      4D5        6        8       0
                dataBANK4                           238      238        4      220       1
                bssBANK4                            220      220       18      220       1
                bssBANK3                            1D3      1D3       1D      1A0       1
                stringtext                         1800     1800      341       30       0

TOTAL           Name                               Link     Load   Length     Space
        CLASS   STACK          

        CLASS   CODE           
                end_init                             D8       D8        2         0
                cinit                               819      819      7E7         0
                intentry                              4        4       D4         0
                reset_vec                             0        0        2         0
                text77                              443      443       78         0
                text65                               DA       DA      1D9         0
                text52                             100D     100D      7F3         0
                text42                              4DB      4DB        4         0
                text40                              4BB      4BB       10         0
                text39                              4E5      4E5        3         0
                text38                              4E2      4E2        3         0
                text37                              4CB      4CB        A         0
                text36                              4DF      4DF        3         0
                text2                               2B3      2B3      190         0
                clrtext                             4D5      4D5        6         0

        CLASS   STRCODE        
                stringtext                         1800     1800      341         0

        CLASS   STRING         

        CLASS   CONST          

        CLASS   ENTRY          

        CLASS   COMMON         
                cstackCOMMON                         70       70        E         1

        CLASS   BANK0          
                cstackBANK0                          20       20       50         1

        CLASS   BANK1          
                cstackBANK1                          A0       A0       50         1

        CLASS   BANK2          
                cstackBANK2                         120      120       50         1

        CLASS   BANK3          
                cstackBANK3                         1A0      1A0       33         1
                bssBANK3                            1D3      1D3       1D         1

        CLASS   BANK4          
                dataBANK4                           238      238        4         1
                bssBANK4                            220      220       18         1

        CLASS   BANK5          

        CLASS   BANK6          

        CLASS   BANK7          

        CLASS   BANK8          

        CLASS   BANK9          

        CLASS   BANK10         

        CLASS   BANK11         

        CLASS   BANK12         

        CLASS   BIGRAM         

        CLASS   RAM            

        CLASS   ABS1           
                abs_s1                               7E       7E        2         1

        CLASS   SFR0           

        CLASS   SFR1           

        CLASS   SFR2           

        CLASS   SFR3           

        CLASS   SFR4           

        CLASS   SFR5           

        CLASS   SFR6           

        CLASS   SFR7           

        CLASS   SFR8           

        CLASS   SFR9           

        CLASS   SFR10          

        CLASS   SFR11          

        CLASS   SFR12          

        CLASS   SFR13          

        CLASS   SFR14          

        CLASS   SFR15          

        CLASS   SFR16          

        CLASS   SFR17          

        CLASS   SFR18          

        CLASS   SFR19          

        CLASS   SFR20          

        CLASS   SFR21          

        CLASS   SFR22          

        CLASS   SFR23          

        CLASS   SFR24          

        CLASS   SFR25          

        CLASS   SFR26          

        CLASS   SFR27          

        CLASS   SFR28          

        CLASS   SFR29          

        CLASS   SFR30          

        CLASS   SFR31          

        CLASS   CONFIG         
                config                             8007     8007        2         0

        CLASS   IDLOC          

        CLASS   BANK31         

        CLASS   BANK30         

        CLASS   BANK29         

        CLASS   BANK28         

        CLASS   BANK27         

        CLASS   BANK26         

        CLASS   BANK25         

        CLASS   BANK24         

        CLASS   BANK23         

        CLASS   BANK22         

        CLASS   BANK21         

        CLASS   BANK20         

        CLASS   BANK19         

        CLASS   BANK18         

        CLASS   BANK17         

        CLASS   BANK16         

        CLASS   BANK15         

        CLASS   BANK14         

        CLASS   BANK13         

        CLASS   EEDATA         



SEGMENTS        Name                           Load    Length   Top    Selector   Space  Class     Delta

                reset_vec                      000000  000002  000002         0       0  CODE        2
                intentry                       000004  0004E4  0004E8         8       0  CODE        2
                cstackBANK0                    000020  000050  000070        20       1  BANK0       1
                cstackCOMMON                   000070  00000E  00007E        70       1  COMMON      1
                cstackBANK1                    0000A0  000050  0000F0        A0       1  BANK1       1
                cstackBANK2                    000120  000050  000170       120       1  BANK2       1
                cstackBANK3                    0001A0  000050  0001F0       1A0       1  BANK3       1
                bssBANK4                       000220  00001C  00023C       220       1  BANK4       1
                cinit                          000819  0007E7  001000      1032       0  CODE        2
                text52                         00100D  0007F3  001800      201A       0  CODE        2
                stringtext                     001800  000341  001B41        30       0  STRCODE     2
                config                         008007  000002  008009     1000E       0  CONFIG      2


UNUSED ADDRESS RANGES

        Name                Unused          Largest block    Delta
        BANK10           00520-0056F              50           1
        BANK11           005A0-005EF              50           1
        BANK12           00620-0064F              30           1
        BANK4            0023C-0026F              34           1
        BANK5            002A0-002EF              50           1
        BANK6            00320-0036F              50           1
        BANK7            003A0-003EF              50           1
        BANK8            00420-0046F              50           1
        BANK9            004A0-004EF              50           1
        BIGRAM           02000-023EF             3F0           1
        CODE             00002-00003               2           2
                         004E8-00818             318
                         01000-0100C               D
                         01B41-01FFF             4BF
        CONST            00002-00003               2           2
                         004E8-00818             100
                         01000-0100C               D
                         01B41-01FFF             100
        ENTRY            00002-00003               2           2
                         004E8-00818             100
                         01000-0100C               D
                         01B41-01FFF             100
        IDLOC            08000-08003               4           2
        RAM              0023C-0026F              34           1
                         002A0-002EF              50
                         00320-0036F              50
                         003A0-003EF              50
                         00420-0046F              50
                         004A0-004EF              50
                         00520-0056F              50
                         005A0-005EF              50
                         00620-0064F              30
        SFR0             00000-0001F              20           1
        SFR1             00080-0009F              20           1
        SFR10            00500-0051F              20           1
        SFR11            00580-0059F              20           1
        SFR12            00600-0061F              20           1
        SFR13            00680-006EF              70           1
        SFR14            00700-0076F              70           1
        SFR15            00780-007EF              70           1
        SFR16            00800-0086F              70           1
        SFR17            00880-008EF              70           1
        SFR18            00900-0096F              70           1
        SFR19            00980-009EF              70           1
        SFR2             00100-0011F              20           1
        SFR20            00A00-00A6F              70           1
        SFR21            00A80-00AEF              70           1
        SFR22            00B00-00B6F              70           1
        SFR23            00B80-00BEF              70           1
        SFR24            00C00-00C6F              70           1
        SFR25            00C80-00CEF              70           1
        SFR26            00D00-00D6F              70           1
        SFR27            00D80-00DEF              70           1
        SFR28            00E00-00E6F              70           1
        SFR29            00E80-00EEF              70           1
        SFR3             00180-0019F              20           1
        SFR30            00F00-00F6F              70           1
        SFR31            00F80-00FEF              70           1
        SFR4             00200-0021F              20           1
        SFR5             00280-0029F              20           1
        SFR6             00300-0031F              20           1
        SFR7             00380-0039F              20           1
        SFR8             00400-0041F              20           1
        SFR9             00480-0049F              20           1
        STACK            0215C-023EF             294           1
        STRCODE          00002-00003               2           2
                         004E8-00818             331
                         01000-0100C               D
                         01B41-01FFF             4BF
        STRING           00002-00003               2           2
                         004E8-00818             100
                         01000-0100C               D
                         01B41-01FFF             100

                                  Symbol Table

?_InternalADC_Read                    cstackBANK3  001AA
?_PS2RawToScan                        cstackCOMMON 00077
?_ReadBaud                            cstackBANK3  001B2
?_ReadFlash_2Byte                     cstackBANK3  001A0
?_ReadFlash_4Byte                     cstackBANK3  001A6
?_ReadVoltage                         cstackBANK3  001C9
?___ftdiv                             cstackBANK3  001AB
?___ftmul                             cstackBANK3  001BA
?___ftpack                            cstackBANK3  001A0
?___lldiv                             cstackBANK3  001A0
?___llmod                             cstackBANK0  00020
?___lmul                              cstackCOMMON 00070
?___lwtoft                            cstackBANK3  001A8
?_sprintf                             cstackBANK0  00028
?i1_ReadBaud                          cstackBANK0  00024
?i1_ReadFlash_2Byte                   cstackCOMMON 00070
?i1_ReadFlash_4Byte                   cstackCOMMON 00076
?i1___lldiv                           cstackCOMMON 00070
BlockErase@row                        cstackCOMMON 00070
BufferShiftBack@buffer                cstackCOMMON 00077
BufferShiftBack@i                     cstackCOMMON 00076
BufferShiftBack@shift                 cstackCOMMON 00070
BufferShiftBack@size                  cstackCOMMON 00071
CheckSum_byte@Odd_Even                cstackBANK3  001A2
CheckSum_byte@Parity                  cstackBANK3  001A5
CheckSum_byte@This                    cstackBANK3  001A0
CheckSum_byte@ThisTemp                cstackBANK3  001A3
CheckSum_byte@i                       cstackBANK3  001A6
Clock_TRIS@direction                  cstackBANK3  001A0
Data_TRIS@direction                   cstackBANK3  001A0
Decode_Scan_Code@Code                 cstackCOMMON 00070
Decode_Scan_Code_Function@Code        cstackCOMMON 00070
Decode_Scan_Code_FunctionE0@Code      cstackCOMMON 00070
Decode_Scan_Code_Shift@Code           cstackCOMMON 00070
ISNUMBER@ascii                        cstackCOMMON 00070
InitUART@Baud                         cstackBANK3  001AD
InitUART@baudconfig                   cstackBANK3  001BC
InitUART@config                       cstackBANK3  001BD
InitUART@parity                       cstackBANK3  001B1
InitUART@spbrg                        cstackBANK3  001BA
InitUART@temp                         cstackBANK3  001BE
Init_System@Baud                      cstackBANK3  001CA
Init_System@Parity                    cstackBANK3  001CE
Init_System@temp                      cstackBANK3  001C6
InternalADC_Read@channel              cstackBANK3  001AD
OpenUSART@config                      cstackBANK3  001A2
OpenUSART@spbrg                       cstackBANK3  001A0
PL10                                  cinit        00B73
PL12                                  cinit        00B85
PL14                                  text52       01767
PL16                                  text52       017BD
PL18                                  cinit        00E87
PL2                                   cinit        00B5F
PL20                                  cinit        00B97
PL22                                  cinit        00BA3
PL24                                  cinit        00BA9
PL26                                  text52       01778
PL28                                  cinit        00BB0
PL30                                  text52       0177F
PL32                                  cinit        00E94
PL34                                  text65       0029A
PL36                                  cinit        00BB7
PL38                                  cinit        00E9C
PL4                                   cinit        00B66
PL40                                  text52       01784
PL42                                  text52       0178B
PL44                                  cinit        00BBF
PL46                                  text65       002A2
PL48                                  text52       01790
PL50                                  cinit        00FC7
PL52                                  cinit        00EA4
PL54                                  text2        0042E
PL56                                  text52       01795
PL58                                  text2        00435
PL6                                   text52       0175A
PL60                                  cinit        00FCE
PL62                                  text65       002A9
PL64                                  text52       0179C
PL66                                  text52       017A2
PL68                                  cinit        00BC6
PL70                                  cinit        00BCB
PL72                                  cinit        00EAA
PL74                                  cinit        00EAE
PL76                                  text2        0043B
PL78                                  cinit        00EB3
PL8                                   text52       01760
PL80                                  text2        0043F
PL82                                  cinit        00F11
PL84                                  text65       002AF
PL86                                  text52       017A8
PS2RawToScan@Raw                      cstackCOMMON 00077
PS2RawToScan@temp                     cstackBANK0  00020
PS_2_DISABLE_INTERRUPT@DATA_CLK       cstackBANK3  001A0
PS_2_ENABLE_INTERRUPT@DATA_CLK        cstackBANK3  001A0
Process_PS2_ScanCode@buf              cstackBANK2  00126
Process_PS2_ScanCode@shortbreak       cstackBANK2  0016A
Process_PS2_ScanCode@temp             cstackBANK2  0016B
READ_PS_2_PIN@DATA_CLK                cstackBANK3  001A0
ReadBaud@column                       cstackBANK3  001B4
ReadBaud@row                          cstackBANK3  001B2
ReadBaud@temp                         cstackBANK3  001BE
ReadFlash_2Byte@column                cstackBANK3  001A2
ReadFlash_2Byte@row                   cstackBANK3  001A0
ReadFlash_4Byte@column                cstackBANK3  001A8
ReadFlash_4Byte@row                   cstackBANK3  001A6
ReadFlash_4Byte@temp                  cstackBANK3  001AE
ReadUSART@data                        cstackBANK3  001A0
ReadVoltage@temp                      cstackBANK3  001D0
ReadVoltage@voltage                   cstackBANK3  001CD
Reverse_Byte@This                     cstackCOMMON 00072
Reverse_Byte@temp                     cstackCOMMON 00071
Send_PS2@command                      cstackBANK3  001AB
Send_PS2@i                            cstackBANK3  001AC
Send_PS2@oddparity                    cstackBANK3  001AA
Send_PS2@timeout                      cstackBANK3  001AD
SetBaud@Baud                          cstackBANK1  000A8
SetBaud@Baudtemp                      cstackBANK1  000E7
SetBaud@Parity                        cstackBANK1  000AC
SetBaud@Paritytemp                    cstackBANK1  000E3
SetBaud@buf                           cstackBANK1  000B1
SetBaud@i                             cstackBANK1  000EF
SetBaud@temp                          cstackBANK1  000EB
Timer2Init@prescaler                  cstackBANK3  001A2
Timer2Init@time                       cstackBANK3  001A0
UART_send_break_timed@US              cstackCOMMON 0007A
UARTchar@NinethBit_override_data      cstackBANK3  001A8
UARTchar@data                         cstackBANK3  001AA
UARTchar@override                     cstackBANK3  001A7
UARTstringWAIT@data                   cstackBANK3  001AB
WriteBaud@Baud                        cstackBANK0  0006B
WriteBaud@Parity                      cstackBANK0  0006F
WriteBaud@row                         cstackBANK0  00069
WriteBaud@temp                        cstackBANK1  000A4
WriteFlash_Sequential@TempBufH        cstackBANK0  00022
WriteFlash_Sequential@TempBufL        cstackBANK0  00042
WriteFlash_Sequential@amount          cstackCOMMON 0007D
WriteFlash_Sequential@amountTemp      cstackBANK0  00063
WriteFlash_Sequential@buffer          cstackCOMMON 0007C
WriteFlash_Sequential@i               cstackBANK0  00068
WriteFlash_Sequential@row             cstackCOMMON 0007A
WriteFlash_Sequential@spaces          cstackBANK0  00067
WriteFlash_Sequential@temp            cstackBANK0  00065
WriteFlash_Sequential@tempH           cstackBANK0  00064
WriteFlash_Sequential@tempL           cstackBANK0  00062
_ADCON0                               (abs)        0009D
_ADCON1                               (abs)        0009E
_ADRESH                               (abs)        0009C
_ADRESL                               (abs)        0009B
_ANSELA                               (abs)        0018C
_ANSELC                               (abs)        0018E
_Alarm                                bssBANK3     001DD
_BAUD1CON                             (abs)        0019F
_BAUDMODE                             bssBANK3     001DE
_BatteryVoltage                       bssBANK4     00220
_BaudTyped                            bssBANK3     001D3
_BlockErase                           text65       00220
_BufferShiftBack                      text52       016EC
_CCP2CONbits                          (abs)        0029A
_CKPPS                                (abs)        00E25
_CapsCount                            bssBANK3     001DF
_Caps_Lock                            bssBANK3     001E0
_Caps_Lock_Key                        bssBANK4     00229
_Caps_Lock_Key_old                    bssBANK4     0022A
_CheckSum_byte                        cinit        00EF8
_Clock_TRIS                           cinit        00AF6
_CloseUSART                           cinit        00C48
_ConfigureOscillator                  cinit        00B38
_Data_TRIS                            cinit        00B2D
_Decode_Scan_Code                     text52       0171D
_Decode_Scan_Code_Function            text52       01729
_Decode_Scan_Code_FunctionE0          text52       01733
_Decode_Scan_Code_Shift               text52       0173F
_Delete                               bssBANK3     001E1
_DisableInternalADC                   text2        002F8
_EvenParityMSG                        stringtext   019FB
_FVRCON                               (abs)        00117
_HFIOFS                               (abs)        004D0
_INTCON                               (abs)        0000B
_INTCONbits                           (abs)        0000B
_IOCAF                                (abs)        00393
_IOCAN                                (abs)        00392
_ISNUMBER                             text52       0174B
_InitApp                              cinit        00B46
_InitUART                             cinit        00BD0
_Init_PS_2_Send                       cinit        009A1
_Init_System                          cinit        008BD
_InternalADC_Read                     text2        002FB
_LALT                                 bssBANK3     001E2
_LATA                                 (abs)        0010C
_LATC                                 (abs)        0010E
_LControl                             bssBANK3     001E3
_Left_Shift_Key                       bssBANK3     001E4
_Left_Shift_Key_old                   bssBANK4     0022B
_LineOverride                         bssBANK3     001E5
_MEM                                  dataBANK4    00238
_MarkParityMSG                        stringtext   01A4A
_NoParityMSG                          stringtext   01A26
_OPTION_REGbits                       (abs)        00095
_OSCCON                               (abs)        00099
_OSCSTAT                              (abs)        0009A
_OddParityMSG                         stringtext   01A11
_OpenUSART                            cinit        00C49
_PARITY                               bssBANK3     001E6
_PIE1                                 (abs)        00091
_PIE1bits                             (abs)        00091
_PIR1bits                             (abs)        00011
_PMADRH                               (abs)        00192
_PMADRL                               (abs)        00191
_PMCON1                               (abs)        00195
_PMCON2                               (abs)        00196
_PMDATH                               (abs)        00194
_PMDATL                               (abs)        00193
_PORTA                                (abs)        0000C
_PORTC                                (abs)        0000E
_PPSLOCK                              (abs)        00E0F
_PR2                                  (abs)        0001B
_PS2RawToScan                         text77       00443
_PS_2_Buffer_items                    bssBANK3     001E7
_PS_2_DISABLE_INTERRUPT               cinit        00FDE
_PS_2_ENABLE_INTERRUPT                cinit        00FD4
_PS_2_INIT                            cinit        00833
_PS_2_Read_Data_First                 bssBANK3     001D7
_PS_2_Read_Data_Second                bssBANK3     001D9
_PS_2_Read_Data_TEMP                  bssBANK4     00223
_PS_2_Read_Data_Third                 bssBANK3     001DB
_PS_2_ScanCodes                       bssBANK4     0022C
_PS_2_bits                            bssBANK3     001E8
_ParityTyped                          bssBANK3     001E9
_Process_PS2_ScanCode                 text52       01118
_Process_PS2_ScanCode$856             cstackBANK2  00162
_Process_PS2_ScanCode$857             cstackBANK2  00164
_Process_PS2_ScanCode$858             cstackBANK2  00166
_Process_PS2_ScanCode$859             cstackBANK2  00168
_RALT                                 bssBANK3     001EA
_RC1STA                               (abs)        0019D
_RC1STAbits                           (abs)        0019D
_RC2PPS                               (abs)        00EA2
_RCREG                                (abs)        00199
_RCSTA                                (abs)        0019D
_RCSTAbits                            (abs)        0019D
_RControl                             bssBANK3     001EB
_READ_CONFIG_PIN                      text42       004DB
_READ_PS_2_PIN                        cinit        00AC3
_RXPPS                                (abs)        00E24
_ReadBaud                             cinit        00F16
_ReadFlash_2Byte                      cinit        00F9B
_ReadFlash_4Byte                      cinit        00F6F
_ReadUSART                            cinit        00C43
_ReadVoltage                          text2        002B3
_ResendLast                           text40       004BB
_ResendLastFlag                       bssBANK3     001EC
_Reverse_Byte                         text77       0047D
_Right_Shift_Key                      bssBANK3     001ED
_Right_Shift_Key_old                  bssBANK3     001EE
_SPBRG                                (abs)        0019B
_SPBRGH                               (abs)        0019C
_ScanCode                             stringtext   01884
_ScanCodeFunctionE0                   stringtext   01966
_ScanCodeFunctionNoE0                 stringtext   01800
_ScanCodeSHIFT                        stringtext   018F5
_Send_PS2                             cinit        009EA
_SetBaud                              text52       0100D
_Shift_Key                            bssBANK3     001EF
_SinLEDtimer                          bssBANK4     00225
_SpaceParityMSG                       stringtext   01A3A
_T2CON                                (abs)        0001C
_T2CONbits                            (abs)        0001C
_TMR2                                 (abs)        0001A
_TRISAbits                            (abs)        0008C
_TRISCbits                            (abs)        0008E
_TX1STA                               (abs)        0019E
_TX1STAbits                           (abs)        0019E
_TXREG                                (abs)        0019A
_TXSTAbits                            (abs)        0019E
_Timer2Init                           cinit        00FE9
_Timer2OFF                            text39       004E5
_Timer2ON                             cinit        00FFE
_Timer2Reset                          text38       004E2
_UART_send_break                      text52       01755
_UART_send_break_timed                text52       017AD
_UARTchar                             cinit        00EB8
_UARTstringWAIT                       cinit        0097D
_UNLOCK                               text65       00215
_Version                              stringtext   01A66
_VoltageMSG                           stringtext   01A59
_WPUA                                 (abs)        0020C
_WPUC                                 (abs)        0020E
_WriteBaud                            text65       000DA
_WriteFlash_Sequential                text65       00189
__CFG_BOREN$ON                        (abs)        00000
__CFG_BORV$LO                         (abs)        00000
__CFG_CLKOUTEN$OFF                    (abs)        00000
__CFG_CP$ON                           (abs)        00000
__CFG_FCMEN$OFF                       (abs)        00000
__CFG_FOSC$INTOSC                     (abs)        00000
__CFG_IESO$OFF                        (abs)        00000
__CFG_LPBOR$OFF                       (abs)        00000
__CFG_LVP$ON                          (abs)        00000
__CFG_MCLRE$ON                        (abs)        00000
__CFG_PLLEN$OFF                       (abs)        00000
__CFG_PPS1WAY$OFF                     (abs)        00000
__CFG_PWRTE$OFF                       (abs)        00000
__CFG_STVREN$ON                       (abs)        00000
__CFG_WDTE$OFF                        (abs)        00000
__CFG_WRT$OFF                         (abs)        00000
__CFG_ZCDDIS$ON                       (abs)        00000
__Habs1                               abs1         00000
__Hbank0                              bank0        00000
__Hbank1                              bank1        00000
__Hbank10                             bank10       00000
__Hbank11                             bank11       00000
__Hbank12                             bank12       00000
__Hbank13                             bank13       00000
__Hbank14                             bank14       00000
__Hbank15                             bank15       00000
__Hbank16                             bank16       00000
__Hbank17                             bank17       00000
__Hbank18                             bank18       00000
__Hbank19                             bank19       00000
__Hbank2                              bank2        00000
__Hbank20                             bank20       00000
__Hbank21                             bank21       00000
__Hbank22                             bank22       00000
__Hbank23                             bank23       00000
__Hbank24                             bank24       00000
__Hbank25                             bank25       00000
__Hbank26                             bank26       00000
__Hbank27                             bank27       00000
__Hbank28                             bank28       00000
__Hbank29                             bank29       00000
__Hbank3                              bank3        00000
__Hbank30                             bank30       00000
__Hbank31                             bank31       00000
__Hbank4                              bank4        00000
__Hbank5                              bank5        00000
__Hbank6                              bank6        00000
__Hbank7                              bank7        00000
__Hbank8                              bank8        00000
__Hbank9                              bank9        00000
__Hbigram                             bigram       00000
__HbssBANK3                           bssBANK3     00000
__HbssBANK4                           bssBANK4     00000
__Hcinit                              cinit        01000
__Hclrtext                            clrtext      00000
__Hcode                               code         00000
__Hcommon                             common       00000
__Hconfig                             config       08009
__HcstackBANK0                        cstackBANK0  00000
__HcstackBANK1                        cstackBANK1  00000
__HcstackBANK2                        cstackBANK2  00000
__HcstackBANK3                        cstackBANK3  00000
__HcstackCOMMON                       cstackCOMMON 00000
__HdataBANK4                          dataBANK4    00000
__Heeprom_data                        eeprom_data  00000
__Hend_init                           end_init     000DA
__Hfunctab                            functab      00000
__HidataBANK4                         idataBANK4   00000
__Hidloc                              idloc        00000
__Hinit                               init         000D8
__Hintentry                           intentry     000D8
__Hmaintext                           maintext     00000
__Hpa_nodes                           pa_nodes     00000
__Hpowerup                            powerup      00000
__Hram                                ram          00000
__Hreset_vec                          reset_vec    00002
__Hsfr0                               sfr0         00000
__Hsfr1                               sfr1         00000
__Hsfr10                              sfr10        00000
__Hsfr11                              sfr11        00000
__Hsfr12                              sfr12        00000
__Hsfr13                              sfr13        00000
__Hsfr14                              sfr14        00000
__Hsfr15                              sfr15        00000
__Hsfr16                              sfr16        00000
__Hsfr17                              sfr17        00000
__Hsfr18                              sfr18        00000
__Hsfr19                              sfr19        00000
__Hsfr2                               sfr2         00000
__Hsfr20                              sfr20        00000
__Hsfr21                              sfr21        00000
__Hsfr22                              sfr22        00000
__Hsfr23                              sfr23        00000
__Hsfr24                              sfr24        00000
__Hsfr25                              sfr25        00000
__Hsfr26                              sfr26        00000
__Hsfr27                              sfr27        00000
__Hsfr28                              sfr28        00000
__Hsfr29                              sfr29        00000
__Hsfr3                               sfr3         00000
__Hsfr30                              sfr30        00000
__Hsfr31                              sfr31        00000
__Hsfr4                               sfr4         00000
__Hsfr5                               sfr5         00000
__Hsfr6                               sfr6         00000
__Hsfr7                               sfr7         00000
__Hsfr8                               sfr8         00000
__Hsfr9                               sfr9         00000
__Hspace_0                            (abs)        08009
__Hspace_1                            (abs)        0023C
__Hspace_2                            (abs)        00000
__Hspace_3                            (abs)        00000
__Hstack                              stack        00000
__Hstrings                            strings      00000
__Hstringtext                         stringtext   00000
__Htext                               text         00000
__Labs1                               abs1         00000
__Lbank0                              bank0        00000
__Lbank1                              bank1        00000
__Lbank10                             bank10       00000
__Lbank11                             bank11       00000
__Lbank12                             bank12       00000
__Lbank13                             bank13       00000
__Lbank14                             bank14       00000
__Lbank15                             bank15       00000
__Lbank16                             bank16       00000
__Lbank17                             bank17       00000
__Lbank18                             bank18       00000
__Lbank19                             bank19       00000
__Lbank2                              bank2        00000
__Lbank20                             bank20       00000
__Lbank21                             bank21       00000
__Lbank22                             bank22       00000
__Lbank23                             bank23       00000
__Lbank24                             bank24       00000
__Lbank25                             bank25       00000
__Lbank26                             bank26       00000
__Lbank27                             bank27       00000
__Lbank28                             bank28       00000
__Lbank29                             bank29       00000
__Lbank3                              bank3        00000
__Lbank30                             bank30       00000
__Lbank31                             bank31       00000
__Lbank4                              bank4        00000
__Lbank5                              bank5        00000
__Lbank6                              bank6        00000
__Lbank7                              bank7        00000
__Lbank8                              bank8        00000
__Lbank9                              bank9        00000
__Lbigram                             bigram       00000
__LbssBANK3                           bssBANK3     00000
__LbssBANK4                           bssBANK4     00000
__Lcinit                              cinit        00819
__Lclrtext                            clrtext      00000
__Lcode                               code         00000
__Lcommon                             common       00000
__Lconfig                             config       08007
__LcstackBANK0                        cstackBANK0  00000
__LcstackBANK1                        cstackBANK1  00000
__LcstackBANK2                        cstackBANK2  00000
__LcstackBANK3                        cstackBANK3  00000
__LcstackCOMMON                       cstackCOMMON 00000
__LdataBANK4                          dataBANK4    00000
__Leeprom_data                        eeprom_data  00000
__Lend_init                           end_init     000D8
__Lfunctab                            functab      00000
__LidataBANK4                         idataBANK4   00000
__Lidloc                              idloc        00000
__Linit                               init         000D8
__Lintentry                           intentry     00004
__Lmaintext                           maintext     00000
__Lpa_nodes                           pa_nodes     00000
__Lpowerup                            powerup      00000
__Lram                                ram          00000
__Lreset_vec                          reset_vec    00000
__Lsfr0                               sfr0         00000
__Lsfr1                               sfr1         00000
__Lsfr10                              sfr10        00000
__Lsfr11                              sfr11        00000
__Lsfr12                              sfr12        00000
__Lsfr13                              sfr13        00000
__Lsfr14                              sfr14        00000
__Lsfr15                              sfr15        00000
__Lsfr16                              sfr16        00000
__Lsfr17                              sfr17        00000
__Lsfr18                              sfr18        00000
__Lsfr19                              sfr19        00000
__Lsfr2                               sfr2         00000
__Lsfr20                              sfr20        00000
__Lsfr21                              sfr21        00000
__Lsfr22                              sfr22        00000
__Lsfr23                              sfr23        00000
__Lsfr24                              sfr24        00000
__Lsfr25                              sfr25        00000
__Lsfr26                              sfr26        00000
__Lsfr27                              sfr27        00000
__Lsfr28                              sfr28        00000
__Lsfr29                              sfr29        00000
__Lsfr3                               sfr3         00000
__Lsfr30                              sfr30        00000
__Lsfr31                              sfr31        00000
__Lsfr4                               sfr4         00000
__Lsfr5                               sfr5         00000
__Lsfr6                               sfr6         00000
__Lsfr7                               sfr7         00000
__Lsfr8                               sfr8         00000
__Lsfr9                               sfr9         00000
__Lspace_0                            (abs)        00000
__Lspace_1                            (abs)        00000
__Lspace_2                            (abs)        00000
__Lspace_3                            (abs)        00000
__Lstack                              stack        00000
__Lstrings                            strings      00000
__Lstringtext                         stringtext   00000
__Ltext                               text         00000
__S0                                  (abs)        08009
__S1                                  (abs)        0023C
__S2                                  (abs)        00000
___ftdiv                              text2        00328
___ftdiv@cntr                         cstackBANK3  001B4
___ftdiv@exp                          cstackBANK3  001B8
___ftdiv@f1                           cstackBANK3  001AE
___ftdiv@f2                           cstackBANK3  001AB
___ftdiv@f3                           cstackBANK3  001B5
___ftdiv@sign                         cstackBANK3  001B9
___ftge                               cinit        00B01
___ftge@ff1                           cstackBANK3  001A0
___ftge@ff2                           cstackBANK3  001A3
___ftmul                              text2        003D2
___ftmul@cntr                         cstackBANK3  001C7
___ftmul@exp                          cstackBANK3  001C3
___ftmul@f1                           cstackBANK3  001BA
___ftmul@f2                           cstackBANK3  001BD
___ftmul@f3_as_product                cstackBANK3  001C4
___ftmul@sign                         cstackBANK3  001C8
___ftpack                             text2        00394
___ftpack@arg                         cstackBANK3  001A0
___ftpack@exp                         cstackBANK3  001A3
___ftpack@sign                        cstackBANK3  001A4
___int_sp                             stack        00000
___latbits                            (abs)        00002
___lldiv                              cinit        00C6F
___lldiv@counter                      cstackBANK3  001AC
___lldiv@dividend                     cstackBANK3  001A4
___lldiv@divisor                      cstackBANK3  001A0
___lldiv@quotient                     cstackBANK3  001A8
___llmod                              cinit        00DE6
___llmod@counter                      cstackCOMMON 0007D
___llmod@dividend                     cstackBANK0  00024
___llmod@divisor                      cstackBANK0  00020
___lmul                               text52       017C6
___lmul@multiplicand                  cstackCOMMON 00074
___lmul@multiplier                    cstackCOMMON 00070
___lmul@product                       cstackCOMMON 00078
___lwtoft                             text2        00384
___lwtoft@c                           cstackBANK3  001A8
___sp                                 stack        00000
__end_ofPL10                          cinit        00B85
__end_ofPL12                          cinit        00B97
__end_ofPL14                          text52       01778
__end_ofPL16                          text52       017C6
__end_ofPL18                          cinit        00E94
__end_ofPL2                           cinit        00B66
__end_ofPL20                          cinit        00BA3
__end_ofPL22                          cinit        00BA9
__end_ofPL24                          cinit        00BB0
__end_ofPL26                          text52       0177F
__end_ofPL28                          cinit        00BB7
__end_ofPL30                          text52       01784
__end_ofPL32                          cinit        00E9C
__end_ofPL34                          text65       002A2
__end_ofPL36                          cinit        00BBF
__end_ofPL38                          cinit        00EA4
__end_ofPL4                           cinit        00B73
__end_ofPL40                          text52       0178B
__end_ofPL42                          text52       01790
__end_ofPL44                          cinit        00BC6
__end_ofPL46                          text65       002A9
__end_ofPL48                          text52       01795
__end_ofPL50                          cinit        00FCE
__end_ofPL52                          cinit        00EAA
__end_ofPL54                          text2        00435
__end_ofPL56                          text52       0179C
__end_ofPL58                          text2        0043B
__end_ofPL6                           text52       01760
__end_ofPL60                          cinit        00FD4
__end_ofPL62                          text65       002AF
__end_ofPL64                          text52       017A2
__end_ofPL66                          text52       017A8
__end_ofPL68                          cinit        00BCB
__end_ofPL70                          cinit        00BD0
__end_ofPL72                          cinit        00EAE
__end_ofPL74                          cinit        00EB3
__end_ofPL76                          text2        0043F
__end_ofPL78                          cinit        00EB8
__end_ofPL8                           text52       01767
__end_ofPL80                          text2        00443
__end_ofPL82                          cinit        00F16
__end_ofPL84                          text65       002B3
__end_ofPL86                          text52       017AD
__end_of_BlockErase                   text65       0023F
__end_of_BufferShiftBack              text52       0171D
__end_of_CheckSum_byte                cinit        00F11
__end_of_Clock_TRIS                   cinit        00B01
__end_of_CloseUSART                   cinit        00C49
__end_of_ConfigureOscillator          cinit        00B46
__end_of_Data_TRIS                    cinit        00B38
__end_of_Decode_Scan_Code             text52       01729
__end_of_Decode_Scan_Code_Function    text52       01733
__end_of_Decode_Scan_Code_FunctionE0  text52       0173F
__end_of_Decode_Scan_Code_Shift       text52       0174B
__end_of_DisableInternalADC           text2        002FB
__end_of_EvenParityMSG                stringtext   01A11
__end_of_ISNUMBER                     text52       01755
__end_of_InitApp                      cinit        00B5F
__end_of_InitUART                     cinit        00C43
__end_of_Init_PS_2_Send               cinit        009EA
__end_of_Init_System                  cinit        0097D
__end_of_InternalADC_Read             text2        00328
__end_of_MarkParityMSG                stringtext   01A59
__end_of_NoParityMSG                  stringtext   01A3A
__end_of_OddParityMSG                 stringtext   01A26
__end_of_OpenUSART                    cinit        00C6F
__end_of_PS2RawToScan                 text77       0047D
__end_of_PS_2_DISABLE_INTERRUPT       cinit        00FE9
__end_of_PS_2_ENABLE_INTERRUPT        cinit        00FDE
__end_of_PS_2_INIT                    cinit        0083D
__end_of_Process_PS2_ScanCode         text52       0154B
__end_of_READ_CONFIG_PIN              text42       004DF
__end_of_READ_PS_2_PIN                cinit        00ACF
__end_of_ReadBaud                     cinit        00F6F
__end_of_ReadFlash_2Byte              cinit        00FC7
__end_of_ReadFlash_4Byte              cinit        00F9B
__end_of_ReadUSART                    cinit        00C48
__end_of_ReadVoltage                  text2        002F8
__end_of_ResendLast                   text40       004C1
__end_of_Reverse_Byte                 text77       004BB
__end_of_ScanCode                     stringtext   018F5
__end_of_ScanCodeFunctionE0           stringtext   019D3
__end_of_ScanCodeFunctionNoE0         stringtext   01884
__end_of_ScanCodeSHIFT                stringtext   01966
__end_of_Send_PS2                     cinit        00AC3
__end_of_SetBaud                      text52       01118
__end_of_SpaceParityMSG               stringtext   01A4A
__end_of_Timer2Init                   cinit        00FFE
__end_of_Timer2OFF                    text39       004E8
__end_of_Timer2ON                     cinit        01000
__end_of_Timer2Reset                  text38       004E5
__end_of_UART_send_break              text52       0175A
__end_of_UART_send_break_timed        text52       017BD
__end_of_UARTchar                     cinit        00EF8
__end_of_UARTstringWAIT               cinit        009A1
__end_of_UNLOCK                       text65       00220
__end_of_Version                      stringtext   01A6F
__end_of_VoltageMSG                   stringtext   01A66
__end_of_WriteBaud                    text65       00131
__end_of_WriteFlash_Sequential        text65       00215
__end_of___ftdiv                      text2        00384
__end_of___ftge                       cinit        00B2D
__end_of___ftmul                      text2        0042E
__end_of___ftpack                     text2        003D2
__end_of___lldiv                      cinit        00CAE
__end_of___llmod                      cinit        00E1C
__end_of___lmul                       text52       017EB
__end_of___lwtoft                     text2        00394
__end_of__initialization              cinit        00831
__end_of_baudUSART                    cinit        00CB2
__end_of_cleanBuffer                  text52       01800
__end_of_delayUS                      cinit        00AF6
__end_of_dpowers                      stringtext   019FB
__end_of_isr                          intentry     000D8
__end_of_main                         cinit        008BD
__end_of_sprintf                      cinit        00DE6
__end_ofi1_CheckSum_byte              text52       016EC
__end_ofi1_Clock_TRIS                 text52       016C9
__end_ofi1_CloseUSART                 cinit        00E5C
__end_ofi1_Data_TRIS                  text52       016D3
__end_ofi1_InitUART                   cinit        00D2A
__end_ofi1_OpenUSART                  cinit        00E81
__end_ofi1_PS_2_DISABLE_INTERRUPT     text40       004CB
__end_ofi1_PS_2_ENABLE_INTERRUPT      text37       004D5
__end_ofi1_READ_PS_2_PIN              text52       01699
__end_ofi1_ReadBaud                   text65       00189
__end_ofi1_ReadFlash_2Byte            text65       0029A
__end_ofi1_ReadFlash_4Byte            text65       0026D
__end_ofi1_ReadUSART                  cinit        00D30
__end_ofi1_Send_PS2                   text52       01623
__end_ofi1_Timer2ON                   text36       004E2
__end_ofi1_UARTchar                   text52       0168D
__end_ofi1_UARTstringWAIT             text52       0164C
__end_ofi1___lldiv                    cinit        00E5B
__end_ofi1_baudUSART                  cinit        00E87
__end_ofi1_delayUS                    text52       016BF
__initialization                      cinit        00819
__pbssBANK3                           bssBANK3     001D3
__pbssBANK4                           bssBANK4     00220
__pcstackBANK0                        cstackBANK0  00020
__pcstackBANK1                        cstackBANK1  000A0
__pcstackBANK2                        cstackBANK2  00120
__pcstackBANK3                        cstackBANK3  001A0
__pcstackCOMMON                       cstackCOMMON 00070
__pdataBANK4                          dataBANK4    00238
__pidataBANK4                         idataBANK4   00000
__pintentry                           intentry     00004
__pmaintext                           cinit        0083D
__pstringtext                         stringtext   01800
__ptext1                              cinit        00B01
__ptext10                             cinit        00FE9
__ptext11                             cinit        00FFE
__ptext12                             cinit        009A1
__ptext13                             cinit        009EA
__ptext14                             cinit        00AC3
__ptext15                             cinit        00B2D
__ptext16                             cinit        00AF6
__ptext17                             cinit        00FDE
__ptext18                             cinit        00FD4
__ptext19                             cinit        008BD
__ptext2                              text2        002B3
__ptext20                             cinit        0097D
__ptext21                             cinit        00ACF
__ptext22                             cinit        00EB8
__ptext23                             cinit        00EF8
__ptext24                             cinit        00F16
__ptext25                             cinit        00F6F
__ptext26                             cinit        00F9B
__ptext27                             cinit        00BD0
__ptext28                             cinit        00CAE
__ptext29                             cinit        00C6F
__ptext3                              text2        00384
__ptext30                             cinit        00C43
__ptext31                             cinit        00C49
__ptext32                             cinit        00C48
__ptext33                             cinit        00B46
__ptext34                             cinit        00B38
__ptext36                             text36       004DF
__ptext37                             text37       004CB
__ptext38                             text38       004E2
__ptext39                             text39       004E5
__ptext4                              text2        003D2
__ptext40                             text40       004BB
__ptext41                             text40       004C1
__ptext42                             text42       004DB
__ptext43                             text52       01118
__ptext44                             text52       0154B
__ptext45                             text52       0168D
__ptext46                             text52       016C9
__ptext47                             text52       016BF
__ptext48                             text52       017EB
__ptext49                             text52       017C6
__ptext5                              text2        00328
__ptext50                             text52       017AD
__ptext51                             text52       01755
__ptext52                             text52       0100D
__ptext53                             text52       01623
__ptext54                             text52       0164C
__ptext55                             text65       00131
__ptext56                             text65       0023F
__ptext57                             cinit        00CB2
__ptext58                             cinit        00E81
__ptext59                             cinit        00D2A
__ptext6                              text2        00394
__ptext60                             cinit        00E5C
__ptext61                             cinit        00E5B
__ptext62                             cinit        00D30
__ptext63                             cinit        00E1C
__ptext64                             cinit        00DE6
__ptext65                             text65       000DA
__ptext66                             text65       00189
__ptext67                             text52       01699
__ptext68                             text65       0026D
__ptext69                             text65       00220
__ptext7                              text2        002FB
__ptext70                             text65       00215
__ptext71                             text52       0174B
__ptext72                             text52       0173F
__ptext73                             text52       01733
__ptext74                             text52       01729
__ptext75                             text52       0171D
__ptext76                             text52       016EC
__ptext77                             text77       00443
__ptext78                             text52       016D3
__ptext79                             text77       0047D
__ptext8                              text2        002F8
__ptext9                              cinit        00833
__size_of_BlockErase                  (abs)        00000
__size_of_BufferShiftBack             (abs)        00000
__size_of_CheckSum_byte               (abs)        00000
__size_of_Clock_TRIS                  (abs)        00000
__size_of_CloseUSART                  (abs)        00000
__size_of_ConfigureOscillator         (abs)        00000
__size_of_Data_TRIS                   (abs)        00000
__size_of_Decode_Scan_Code            (abs)        00000
__size_of_Decode_Scan_Code_Function   (abs)        00000
__size_of_Decode_Scan_Code_FunctionE0 (abs)        00000
__size_of_Decode_Scan_Code_Shift      (abs)        00000
__size_of_DisableInternalADC          (abs)        00000
__size_of_ISNUMBER                    (abs)        00000
__size_of_InitApp                     (abs)        00000
__size_of_InitUART                    (abs)        00000
__size_of_Init_PS_2_Send              (abs)        00000
__size_of_Init_System                 (abs)        00000
__size_of_InternalADC_Read            (abs)        00000
__size_of_OpenUSART                   (abs)        00000
__size_of_PS2RawToScan                (abs)        00000
__size_of_PS_2_DISABLE_INTERRUPT      (abs)        00000
__size_of_PS_2_ENABLE_INTERRUPT       (abs)        00000
__size_of_PS_2_INIT                   (abs)        00000
__size_of_Process_PS2_ScanCode        (abs)        00000
__size_of_READ_CONFIG_PIN             (abs)        00000
__size_of_READ_PS_2_PIN               (abs)        00000
__size_of_ReadBaud                    (abs)        00000
__size_of_ReadFlash_2Byte             (abs)        00000
__size_of_ReadFlash_4Byte             (abs)        00000
__size_of_ReadUSART                   (abs)        00000
__size_of_ReadVoltage                 (abs)        00000
__size_of_ResendLast                  (abs)        00000
__size_of_Reverse_Byte                (abs)        00000
__size_of_Send_PS2                    (abs)        00000
__size_of_SetBaud                     (abs)        00000
__size_of_Timer2Init                  (abs)        00000
__size_of_Timer2OFF                   (abs)        00000
__size_of_Timer2ON                    (abs)        00000
__size_of_Timer2Reset                 (abs)        00000
__size_of_UART_send_break             (abs)        00000
__size_of_UART_send_break_timed       (abs)        00000
__size_of_UARTchar                    (abs)        00000
__size_of_UARTstringWAIT              (abs)        00000
__size_of_UNLOCK                      (abs)        00000
__size_of_WriteBaud                   (abs)        00000
__size_of_WriteFlash_Sequential       (abs)        00000
__size_of___ftdiv                     (abs)        00000
__size_of___ftge                      (abs)        00000
__size_of___ftmul                     (abs)        00000
__size_of___ftpack                    (abs)        00000
__size_of___lldiv                     (abs)        00000
__size_of___llmod                     (abs)        00000
__size_of___lmul                      (abs)        00000
__size_of___lwtoft                    (abs)        00000
__size_of_baudUSART                   (abs)        00000
__size_of_cleanBuffer                 (abs)        00000
__size_of_delayUS                     (abs)        00000
__size_of_isr                         (abs)        00000
__size_of_main                        (abs)        00000
__size_of_sprintf                     (abs)        00000
__size_ofi1_CheckSum_byte             (abs)        00000
__size_ofi1_Clock_TRIS                (abs)        00000
__size_ofi1_CloseUSART                (abs)        00000
__size_ofi1_Data_TRIS                 (abs)        00000
__size_ofi1_InitUART                  (abs)        00000
__size_ofi1_OpenUSART                 (abs)        00000
__size_ofi1_PS_2_DISABLE_INTERRUPT    (abs)        00000
__size_ofi1_PS_2_ENABLE_INTERRUPT     (abs)        00000
__size_ofi1_READ_PS_2_PIN             (abs)        00000
__size_ofi1_ReadBaud                  (abs)        00000
__size_ofi1_ReadFlash_2Byte           (abs)        00000
__size_ofi1_ReadFlash_4Byte           (abs)        00000
__size_ofi1_ReadUSART                 (abs)        00000
__size_ofi1_Send_PS2                  (abs)        00000
__size_ofi1_Timer2ON                  (abs)        00000
__size_ofi1_UARTchar                  (abs)        00000
__size_ofi1_UARTstringWAIT            (abs)        00000
__size_ofi1___lldiv                   (abs)        00000
__size_ofi1_baudUSART                 (abs)        00000
__size_ofi1_delayUS                   (abs)        00000
_baudUSART                            cinit        00CAE
_cleanBuffer                          text52       017EB
_delayUS                              cinit        00ACF
_dpowers                              stringtext   019D3
_isr                                  intentry     00004
_main                                 cinit        0083D
_pwrLEDtoggle                         bssBANK4     00227
_sprintf                              cinit        00D30
baudUSART@baudconfig                  cstackBANK3  001A0
btemp                                 (abs)        0007E
cleanBuffer@count                     cstackCOMMON 00070
cleanBuffer@data                      cstackCOMMON 00073
cleanBuffer@i                         cstackCOMMON 00074
clear_ram0                            clrtext      004D5
delayUS@US                            cstackBANK3  001A0
delayUS@i                             cstackBANK3  001A5
delayUS@j                             cstackBANK3  001A9
end_of_initialization                 cinit        00831
i1CheckSum_byte@Odd_Even              cstackCOMMON 00072
i1CheckSum_byte@Parity                cstackCOMMON 00075
i1CheckSum_byte@This                  cstackCOMMON 00070
i1CheckSum_byte@ThisTemp              cstackCOMMON 00073
i1CheckSum_byte@i                     cstackCOMMON 00076
i1Clock_TRIS@direction                cstackCOMMON 00070
i1Data_TRIS@direction                 cstackCOMMON 00070
i1InitUART@Baud                       cstackBANK0  00020
i1InitUART@baudconfig                 cstackBANK0  0002F
i1InitUART@config                     cstackBANK0  00030
i1InitUART@parity                     cstackBANK0  00024
i1InitUART@spbrg                      cstackBANK0  0002D
i1InitUART@temp                       cstackBANK0  00031
i1OpenUSART@config                    cstackCOMMON 00072
i1OpenUSART@spbrg                     cstackCOMMON 00070
i1PS_2_DISABLE_INTERRUPT@DATA_CLK     cstackCOMMON 00070
i1PS_2_ENABLE_INTERRUPT@DATA_CLK      cstackCOMMON 00070
i1READ_PS_2_PIN@DATA_CLK              cstackCOMMON 00070
i1ReadBaud@column                     cstackBANK0  00026
i1ReadBaud@row                        cstackBANK0  00024
i1ReadBaud@temp                       cstackBANK0  00030
i1ReadFlash_2Byte@column              cstackCOMMON 00072
i1ReadFlash_2Byte@row                 cstackCOMMON 00070
i1ReadFlash_4Byte@column              cstackCOMMON 00078
i1ReadFlash_4Byte@row                 cstackCOMMON 00076
i1ReadFlash_4Byte@temp                cstackBANK0  00020
i1ReadUSART@data                      cstackCOMMON 00070
i1Send_PS2@command                    cstackBANK0  00021
i1Send_PS2@i                          cstackBANK0  00022
i1Send_PS2@oddparity                  cstackBANK0  00020
i1Send_PS2@timeout                    cstackBANK0  00023
i1UARTchar@NinethBit_override_data    cstackCOMMON 00078
i1UARTchar@data                       cstackCOMMON 0007A
i1UARTchar@override                   cstackCOMMON 00077
i1UARTstringWAIT@data                 cstackCOMMON 0007B
i1_CheckSum_byte                      text52       016D3
i1_Clock_TRIS                         text52       016BF
i1_CloseUSART                         cinit        00E5B
i1_Data_TRIS                          text52       016C9
i1_InitUART                           cinit        00CB2
i1_OpenUSART                          cinit        00E5C
i1_PS_2_DISABLE_INTERRUPT             text40       004C1
i1_PS_2_ENABLE_INTERRUPT              text37       004CB
i1_READ_PS_2_PIN                      text52       0168D
i1_ReadBaud                           text65       00131
i1_ReadFlash_2Byte                    text65       0026D
i1_ReadFlash_4Byte                    text65       0023F
i1_ReadUSART                          cinit        00D2A
i1_Send_PS2                           text52       0154B
i1_Timer2ON                           text36       004DF
i1_UARTchar                           text52       0164C
i1_UARTstringWAIT                     text52       01623
i1___lldiv                            cinit        00E1C
i1___lldiv@counter                    cstackCOMMON 0007C
i1___lldiv@dividend                   cstackCOMMON 00074
i1___lldiv@divisor                    cstackCOMMON 00070
i1___lldiv@quotient                   cstackCOMMON 00078
i1_baudUSART                          cinit        00E81
i1_delayUS                            text52       01699
i1baudUSART@baudconfig                cstackCOMMON 00070
i1delayUS@US                          cstackCOMMON 00070
i1delayUS@i                           cstackCOMMON 00075
i1delayUS@j                           cstackCOMMON 00079
intlevel0                             functab      00000
intlevel1                             functab      00000
intlevel2                             functab      00000
intlevel3                             functab      00000
intlevel4                             functab      00000
intlevel5                             functab      00000
isr@Rx_Overun                         cstackBANK2  0016D
isr@Rx_fault                          cstackBANK2  0016C
isr@ScanTemp                          cstackBANK2  0016F
isr@rx                                cstackBANK2  0016E
ltemp                                 (abs)        0007E
ltemp0                                (abs)        0007E
ltemp1                                (abs)        00082
ltemp2                                (abs)        00086
ltemp3                                (abs)        00080
main@i                                cstackBANK3  001D2
reset_vec                             reset_vec    00000
sprintf@ap                            cstackBANK0  0003D
sprintf@c                             cstackBANK0  0003E
sprintf@f                             cstackBANK0  0002A
sprintf@flag                          cstackBANK0  00036
sprintf@prec                          cstackBANK0  00037
sprintf@sp                            cstackBANK0  00028
sprintf@val                           cstackBANK0  00039
stackhi                               (abs)        023EF
stacklo                               (abs)        0215C
start                                 init         000D8
start_initialization                  cinit        00819
ttemp                                 (abs)        0007E
ttemp0                                (abs)        0007E
ttemp1                                (abs)        00081
ttemp2                                (abs)        00084
ttemp3                                (abs)        00087
ttemp4                                (abs)        0007F
wtemp                                 (abs)        0007E
wtemp0                                (abs)        0007E
wtemp1                                (abs)        00080
wtemp2                                (abs)        00082
wtemp3                                (abs)        00084
wtemp4                                (abs)        00086
wtemp5                                (abs)        00088
wtemp6                                (abs)        0007F


FUNCTION INFORMATION:

 *************** function _main *****************
 Defined at:
		line 125 in file "main.c"
 Parameters:    Size  Location     Type
		None
 Auto vars:     Size  Location     Type
  i               1   50[BANK3 ] unsigned char 
 Return value:  Size  Location     Type
		None               void
 Registers used:
		wreg, fsr0l, fsr0h, status,2, status,0, pclath, cstack
 Tracked objects:
		On entry : 
		On exit  : 
		Unchanged: 
 Data sizes:     COMMON   BANK0   BANK1   BANK2   BANK3   BANK4   BANK5   BANK6   BANK7   BANK8   BANK9  BANK10  BANK11  BANK12
      Params:         0       0       0       0       0       0       0       0       0       0       0       0       0       0
      Locals:         0       0       0       0       1       0       0       0       0       0       0       0       0       0
      Temps:          0       0       0       0       0       0       0       0       0       0       0       0       0       0
      Totals:         0       0       0       0       1       0       0       0       0       0       0       0       0       0
Total ram usage:        1 bytes
 Hardware stack levels required when called:   11
 This function calls:
		_ConfigureOscillator
		_InitApp
		_Init_System
		_PS_2_ENABLE_INTERRUPT
		_PS_2_INIT
		_ReadVoltage
		_UARTstringWAIT
		___ftge
		_delayUS
 This function is called by:
		Startup code after reset
 This function uses a non-reentrant model


 *************** function ___ftge *****************
 Defined at:
		line 4 in file "C:\Program Files (x86)\Microchip\xc8\v1.34\sources\common\ftge.c"
 Parameters:    Size  Location     Type
  ff1             3    0[BANK3 ] float 
  ff2             3    3[BANK3 ] float 
 Auto vars:     Size  Location     Type
		None
 Return value:  Size  Location     Type
		None               void
 Registers used:
		wreg, status,2, status,0
 Tracked objects:
		On entry : 
		On exit  : 
		Unchanged: 
 Data sizes:     COMMON   BANK0   BANK1   BANK2   BANK3   BANK4   BANK5   BANK6   BANK7   BANK8   BANK9  BANK10  BANK11  BANK12
      Params:         0       0       0       0       6       0       0       0       0       0       0       0       0       0
      Locals:         0       0       0       0       0       0       0       0       0       0       0       0       0       0
      Temps:          0       0       0       0       0       0       0       0       0       0       0       0       0       0
      Totals:         0       0       0       0       6       0       0       0       0       0       0       0       0       0
Total ram usage:        6 bytes
 Hardware stack levels used:    1
 Hardware stack levels required when called:    7
 This function calls:
		Nothing
 This function is called by:
		_main
 This function uses a non-reentrant model


 *************** function _ReadVoltage *****************
 Defined at:
		line 62 in file "ADC.c"
 Parameters:    Size  Location     Type
		None
 Auto vars:     Size  Location     Type
  voltage         3   45[BANK3 ] float 
  temp            2   48[BANK3 ] unsigned int 
 Return value:  Size  Location     Type
                  3   41[BANK3 ] unsigned int 
 Registers used:
		wreg, status,2, status,0, pclath, cstack
 Tracked objects:
		On entry : 
		On exit  : 
		Unchanged: 
 Data sizes:     COMMON   BANK0   BANK1   BANK2   BANK3   BANK4   BANK5   BANK6   BANK7   BANK8   BANK9  BANK10  BANK11  BANK12
      Params:         0       0       0       0       3       0       0       0       0       0       0       0       0       0
      Locals:         0       0       0       0       5       0       0       0       0       0       0       0       0       0
      Temps:          0       0       0       0       1       0       0       0       0       0       0       0       0       0
      Totals:         0       0       0       0       9       0       0       0       0       0       0       0       0       0
Total ram usage:        9 bytes
 Hardware stack levels used:    1
 Hardware stack levels required when called:    9
 This function calls:
		_DisableInternalADC
		_InternalADC_Read
		___ftdiv
		___ftmul
		___lwtoft
 This function is called by:
		_main
 This function uses a non-reentrant model


 *************** function ___lwtoft *****************
 Defined at:
		line 28 in file "C:\Program Files (x86)\Microchip\xc8\v1.34\sources\common\lwtoft.c"
 Parameters:    Size  Location     Type
  c               2    8[BANK3 ] unsigned int 
 Auto vars:     Size  Location     Type
		None
 Return value:  Size  Location     Type
                  3    8[BANK3 ] float 
 Registers used:
		wreg, status,2, status,0, pclath, cstack
 Tracked objects:
		On entry : 
		On exit  : 
		Unchanged: 
 Data sizes:     COMMON   BANK0   BANK1   BANK2   BANK3   BANK4   BANK5   BANK6   BANK7   BANK8   BANK9  BANK10  BANK11  BANK12
      Params:         0       0       0       0       3       0       0       0       0       0       0       0       0       0
      Locals:         0       0       0       0       0       0       0       0       0       0       0       0       0       0
      Temps:          0       0       0       0       0       0       0       0       0       0       0       0       0       0
      Totals:         0       0       0       0       3       0       0       0       0       0       0       0       0       0
Total ram usage:        3 bytes
 Hardware stack levels used:    1
 Hardware stack levels required when called:    8
 This function calls:
		___ftpack
 This function is called by:
		_ReadVoltage
 This function uses a non-reentrant model


 *************** function ___ftmul *****************
 Defined at:
		line 62 in file "C:\Program Files (x86)\Microchip\xc8\v1.34\sources\common\ftmul.c"
 Parameters:    Size  Location     Type
  f1              3   26[BANK3 ] float 
  f2              3   29[BANK3 ] float 
 Auto vars:     Size  Location     Type
  f3_as_produc    3   36[BANK3 ] unsigned um
  sign            1   40[BANK3 ] unsigned char 
  cntr            1   39[BANK3 ] unsigned char 
  exp             1   35[BANK3 ] unsigned char 
 Return value:  Size  Location     Type
                  3   26[BANK3 ] float 
 Registers used:
		wreg, status,2, status,0, pclath, cstack
 Tracked objects:
		On entry : 
		On exit  : 
		Unchanged: 
 Data sizes:     COMMON   BANK0   BANK1   BANK2   BANK3   BANK4   BANK5   BANK6   BANK7   BANK8   BANK9  BANK10  BANK11  BANK12
      Params:         0       0       0       0       6       0       0       0       0       0       0       0       0       0
      Locals:         0       0       0       0       6       0       0       0       0       0       0       0       0       0
      Temps:          0       0       0       0       3       0       0       0       0       0       0       0       0       0
      Totals:         0       0       0       0      15       0       0       0       0       0       0       0       0       0
Total ram usage:       15 bytes
 Hardware stack levels used:    1
 Hardware stack levels required when called:    8
 This function calls:
		___ftpack
 This function is called by:
		_ReadVoltage
 This function uses a non-reentrant model


 *************** function ___ftdiv *****************
 Defined at:
		line 56 in file "C:\Program Files (x86)\Microchip\xc8\v1.34\sources\common\ftdiv.c"
 Parameters:    Size  Location     Type
  f2              3   11[BANK3 ] float 
  f1              3   14[BANK3 ] float 
 Auto vars:     Size  Location     Type
  f3              3   21[BANK3 ] float 
  sign            1   25[BANK3 ] unsigned char 
  exp             1   24[BANK3 ] unsigned char 
  cntr            1   20[BANK3 ] unsigned char 
 Return value:  Size  Location     Type
                  3   11[BANK3 ] float 
 Registers used:
		wreg, status,2, status,0, pclath, cstack
 Tracked objects:
		On entry : 
		On exit  : 
		Unchanged: 
 Data sizes:     COMMON   BANK0   BANK1   BANK2   BANK3   BANK4   BANK5   BANK6   BANK7   BANK8   BANK9  BANK10  BANK11  BANK12
      Params:         0       0       0       0       6       0       0       0       0       0       0       0       0       0
      Locals:         0       0       0       0       6       0       0       0       0       0       0       0       0       0
      Temps:          0       0       0       0       3       0       0       0       0       0       0       0       0       0
      Totals:         0       0       0       0      15       0       0       0       0       0       0       0       0       0
Total ram usage:       15 bytes
 Hardware stack levels used:    1
 Hardware stack levels required when called:    8
 This function calls:
		___ftpack
 This function is called by:
		_ReadVoltage
 This function uses a non-reentrant model


 *************** function ___ftpack *****************
 Defined at:
[...]
      Locals:         1       0       0       0       0       0       0       0       0       0       0       0       0       0
      Temps:          0       0       0       0       0       0       0       0       0       0       0       0       0       0
      Totals:         1       0       0       0       0       0       0       0       0       0       0       0       0       0
Total ram usage:        1 bytes
 Hardware stack levels used:    1
 This function calls:
		Nothing
 This function is called by:
		_Process_PS2_ScanCode
 This function uses a non-reentrant model


 *************** function _Decode_Scan_Code_Shift *****************
 Defined at:
		line 801 in file "PS_2.c"
 Parameters:    Size  Location     Type
  Code            1    wreg     unsigned char 
 Auto vars:     Size  Location     Type
  Code            1    0[COMMON] unsigned char 
 Return value:  Size  Location     Type
                  1    wreg      unsigned char 
 Registers used:
		wreg, fsr0l, fsr0h, status,2, status,0, pclath
 Tracked objects:
		On entry : 
		On exit  : 
		Unchanged: 
 Data sizes:     COMMON   BANK0   BANK1   BANK2   BANK3   BANK4   BANK5   BANK6   BANK7   BANK8   BANK9  BANK10  BANK11  BANK12
      Params:         0       0       0       0       0       0       0       0       0       0       0       0       0       0
      Locals:         1       0       0       0       0       0       0       0       0       0       0       0       0       0
      Temps:          0       0       0       0       0       0       0       0       0       0       0       0       0       0
      Totals:         1       0       0       0       0       0       0       0       0       0       0       0       0       0
Total ram usage:        1 bytes
 Hardware stack levels used:    1
 This function calls:
		Nothing
 This function is called by:
		_Process_PS2_ScanCode
 This function uses a non-reentrant model


 *************** function _Decode_Scan_Code_FunctionE0 *****************
 Defined at:
		line 820 in file "PS_2.c"
 Parameters:    Size  Location     Type
  Code            1    wreg     unsigned char 
 Auto vars:     Size  Location     Type
  Code            1    0[COMMON] unsigned char 
 Return value:  Size  Location     Type
                  1    wreg      unsigned char 
 Registers used:
		wreg, fsr0l, fsr0h, status,2, status,0, pclath
 Tracked objects:
		On entry : 
		On exit  : 
		Unchanged: 
 Data sizes:     COMMON   BANK0   BANK1   BANK2   BANK3   BANK4   BANK5   BANK6   BANK7   BANK8   BANK9  BANK10  BANK11  BANK12
      Params:         0       0       0       0       0       0       0       0       0       0       0       0       0       0
      Locals:         1       0       0       0       0       0       0       0       0       0       0       0       0       0
      Temps:          0       0       0       0       0       0       0       0       0       0       0       0       0       0
      Totals:         1       0       0       0       0       0       0       0       0       0       0       0       0       0
Total ram usage:        1 bytes
 Hardware stack levels used:    1
 This function calls:
		Nothing
 This function is called by:
		_Process_PS2_ScanCode
 This function uses a non-reentrant model


 *************** function _Decode_Scan_Code_Function *****************
 Defined at:
		line 839 in file "PS_2.c"
 Parameters:    Size  Location     Type
  Code            1    wreg     unsigned char 
 Auto vars:     Size  Location     Type
  Code            1    0[COMMON] unsigned char 
 Return value:  Size  Location     Type
                  1    wreg      unsigned char 
 Registers used:
		wreg, fsr0l, fsr0h, pclath
 Tracked objects:
		On entry : 
		On exit  : 
		Unchanged: 
 Data sizes:     COMMON   BANK0   BANK1   BANK2   BANK3   BANK4   BANK5   BANK6   BANK7   BANK8   BANK9  BANK10  BANK11  BANK12
      Params:         0       0       0       0       0       0       0       0       0       0       0       0       0       0
      Locals:         1       0       0       0       0       0       0       0       0       0       0       0       0       0
      Temps:          0       0       0       0       0       0       0       0       0       0       0       0       0       0
      Totals:         1       0       0       0       0       0       0       0       0       0       0       0       0       0
Total ram usage:        1 bytes
 Hardware stack levels used:    1
 This function calls:
		Nothing
 This function is called by:
		_Process_PS2_ScanCode
 This function uses a non-reentrant model


 *************** function _Decode_Scan_Code *****************
 Defined at:
		line 782 in file "PS_2.c"
 Parameters:    Size  Location     Type
  Code            1    wreg     unsigned char 
 Auto vars:     Size  Location     Type
  Code            1    0[COMMON] unsigned char 
 Return value:  Size  Location     Type
                  1    wreg      unsigned char 
 Registers used:
		wreg, fsr0l, fsr0h, status,2, status,0, pclath
 Tracked objects:
		On entry : 
		On exit  : 
		Unchanged: 
 Data sizes:     COMMON   BANK0   BANK1   BANK2   BANK3   BANK4   BANK5   BANK6   BANK7   BANK8   BANK9  BANK10  BANK11  BANK12
      Params:         0       0       0       0       0       0       0       0       0       0       0       0       0       0
      Locals:         1       0       0       0       0       0       0       0       0       0       0       0       0       0
      Temps:          0       0       0       0       0       0       0       0       0       0       0       0       0       0
      Totals:         1       0       0       0       0       0       0       0       0       0       0       0       0       0
Total ram usage:        1 bytes
 Hardware stack levels used:    1
 This function calls:
		Nothing
 This function is called by:
		_Process_PS2_ScanCode
 This function uses a non-reentrant model


 *************** function _BufferShiftBack *****************
 Defined at:
		line 179 in file "MISC.c"
 Parameters:    Size  Location     Type
  buffer          1    wreg     PTR unsigned char 
		 -> PS_2_ScanCodes(12), 
  shift           1    0[COMMON] unsigned char 
  size            1    1[COMMON] unsigned char 
 Auto vars:     Size  Location     Type
  buffer          1    7[COMMON] PTR unsigned char 
		 -> PS_2_ScanCodes(12), 
  i               1    6[COMMON] unsigned char 
 Return value:  Size  Location     Type
                  1    wreg      unsigned char 
 Registers used:
		wreg, fsr0l, fsr0h, fsr1l, fsr1h, status,2, status,0
 Tracked objects:
		On entry : 
		On exit  : 
		Unchanged: 
 Data sizes:     COMMON   BANK0   BANK1   BANK2   BANK3   BANK4   BANK5   BANK6   BANK7   BANK8   BANK9  BANK10  BANK11  BANK12
      Params:         2       0       0       0       0       0       0       0       0       0       0       0       0       0
      Locals:         2       0       0       0       0       0       0       0       0       0       0       0       0       0
      Temps:          4       0       0       0       0       0       0       0       0       0       0       0       0       0
      Totals:         8       0       0       0       0       0       0       0       0       0       0       0       0       0
Total ram usage:        8 bytes
 Hardware stack levels used:    1
 This function calls:
		Nothing
 This function is called by:
		_Process_PS2_ScanCode
 This function uses a non-reentrant model


 *************** function _PS2RawToScan *****************
 Defined at:
		line 1115 in file "PS_2.c"
 Parameters:    Size  Location     Type
  Raw             2    7[COMMON] unsigned int 
 Auto vars:     Size  Location     Type
  temp            2    0[BANK0 ] unsigned int 
 Return value:  Size  Location     Type
                  2    7[COMMON] unsigned int 
 Registers used:
		wreg, status,2, status,0, pclath, cstack
 Tracked objects:
		On entry : 
		On exit  : 
		Unchanged: 
 Data sizes:     COMMON   BANK0   BANK1   BANK2   BANK3   BANK4   BANK5   BANK6   BANK7   BANK8   BANK9  BANK10  BANK11  BANK12
      Params:         2       0       0       0       0       0       0       0       0       0       0       0       0       0
      Locals:         0       2       0       0       0       0       0       0       0       0       0       0       0       0
      Temps:          4       0       0       0       0       0       0       0       0       0       0       0       0       0
      Totals:         6       2       0       0       0       0       0       0       0       0       0       0       0       0
Total ram usage:        8 bytes
 Hardware stack levels used:    1
 Hardware stack levels required when called:    1
 This function calls:
		_Reverse_Byte
		i1_CheckSum_byte
 This function is called by:
		_isr
 This function uses a non-reentrant model


 *************** function i1_CheckSum_byte *****************
 Defined at:
		line 71 in file "MISC.c"
 Parameters:    Size  Location     Type
  This            2    0[COMMON] unsigned int 
  Odd_Even        1    2[COMMON] unsigned char 
 Auto vars:     Size  Location     Type
  CheckSum_byt    2    3[COMMON] unsigned int 
  CheckSum_byt    1    6[COMMON] unsigned char 
  CheckSum_byt    1    5[COMMON] unsigned char 
 Return value:  Size  Location     Type
                  1    wreg      unsigned char 
 Registers used:
		wreg, status,2, status,0
 Tracked objects:
		On entry : 
		On exit  : 
		Unchanged: 
 Data sizes:     COMMON   BANK0   BANK1   BANK2   BANK3   BANK4   BANK5   BANK6   BANK7   BANK8   BANK9  BANK10  BANK11  BANK12
      Params:         3       0       0       0       0       0       0       0       0       0       0       0       0       0
      Locals:         4       0       0       0       0       0       0       0       0       0       0       0       0       0
      Temps:          0       0       0       0       0       0       0       0       0       0       0       0       0       0
      Totals:         7       0       0       0       0       0       0       0       0       0       0       0       0       0
Total ram usage:        7 bytes
 Hardware stack levels used:    1
 This function calls:
		Nothing
 This function is called by:
		_PS2RawToScan
		i1_UARTchar
		i1_Send_PS2
 This function uses a non-reentrant model


 *************** function _Reverse_Byte *****************
 Defined at:
		line 108 in file "MISC.c"
 Parameters:    Size  Location     Type
  This            1    wreg     unsigned char 
 Auto vars:     Size  Location     Type
  This            1    2[COMMON] unsigned char 
  temp            1    1[COMMON] unsigned char 
 Return value:  Size  Location     Type
                  1    wreg      unsigned char 
 Registers used:
		wreg, status,2, status,0
 Tracked objects:
		On entry : 
		On exit  : 
		Unchanged: 
 Data sizes:     COMMON   BANK0   BANK1   BANK2   BANK3   BANK4   BANK5   BANK6   BANK7   BANK8   BANK9  BANK10  BANK11  BANK12
      Params:         0       0       0       0       0       0       0       0       0       0       0       0       0       0
      Locals:         2       0       0       0       0       0       0       0       0       0       0       0       0       0
      Temps:          1       0       0       0       0       0       0       0       0       0       0       0       0       0
      Totals:         3       0       0       0       0       0       0       0       0       0       0       0       0       0
Total ram usage:        3 bytes
 Hardware stack levels used:    1
 This function calls:
		Nothing
 This function is called by:
		_PS2RawToScan
 This function uses a non-reentrant model



MODULE INFORMATION

Module		Function		Class		Link	Load	Size
C:\Program Files (x86)\Microchip\xc8\v1.34\sources\common\ftge.c
		___ftge        		CODE           	0B01	0000	45

C:\Program Files (x86)\Microchip\xc8\v1.34\sources\common\ftge.c estimated size: 45

UART.c
		_OpenUSART     		CODE           	0C49	0000	39
		_UART_send_brea		CODE           	1755	0000	6
		_InitUART      		CODE           	0BD0	0000	116
		_UARTstringWAIT		CODE           	097D	0000	37
		_CloseUSART    		CODE           	0C48	0000	2
		_SetBaud       		CODE           	100D	0000	268
		_UART_send_brea		CODE           	17AD	0000	17
		_UARTchar      		CODE           	0EB8	0000	65
		_baudUSART     		CODE           	0CAE	0000	5
		_ReadUSART     		CODE           	0C43	0000	6

UART.c estimated size: 561

Timer.c
		_Timer2Init    		CODE           	0FE9	0000	22
		_Timer2ON      		CODE           	0FFE	0000	3
		_Timer2OFF     		CODE           	04E5	0000	4
		_Timer2Reset   		CODE           	04E2	0000	4

Timer.c estimated size: 33

interrupts.c
		_isr           		CODE           	0004	0000	213

interrupts.c estimated size: 213

C:\Program Files (x86)\Microchip\xc8\v1.34\sources\common\Umul32.c
		___lmul        		CODE           	17C6	0000	38

C:\Program Files (x86)\Microchip\xc8\v1.34\sources\common\Umul32.c estimated size: 38

C:\Program Files (x86)\Microchip\xc8\v1.34\sources\common\float.c
		___ftpack      		CODE           	0394	0000	63

C:\Program Files (x86)\Microchip\xc8\v1.34\sources\common\float.c estimated size: 63

FLASH.c
		_UNLOCK        		CODE           	0215	0000	12
		_ReadBaud      		CODE           	0F16	0000	90
		_ReadFlash_2Byt		CODE           	0F9B	0000	45
		_ReadFlash_4Byt		CODE           	0F6F	0000	45
		_WriteBaud     		CODE           	00DA	0000	88
		_WriteFlash_Seq		CODE           	0189	0000	141
		_BlockErase    		CODE           	0220	0000	32

FLASH.c estimated size: 453

C:\Program Files (x86)\Microchip\xc8\v1.34\sources\common\llmod.c
		___llmod       		CODE           	0DE6	0000	55

C:\Program Files (x86)\Microchip\xc8\v1.34\sources\common\llmod.c estimated size: 55

PS_2.c
		_READ_PS_2_PIN 		CODE           	0AC3	0000	13
		_Decode_Scan_Co		CODE           	171D	0000	13
		_PS_2_INIT     		CODE           	0833	0000	11
		_PS_2_ENABLE_IN		CODE           	0FD4	0000	11
		_Clock_TRIS    		CODE           	0AF6	0000	12
		_Decode_Scan_Co		CODE           	1729	0000	11
		_Decode_Scan_Co		CODE           	1733	0000	13
		_ResendLast    		CODE           	04BB	0000	7
		_PS2RawToScan  		CODE           	0443	0000	59
		_Send_PS2      		CODE           	09EA	0000	218
		_Data_TRIS     		CODE           	0B2D	0000	12
		_Decode_Scan_Co		CODE           	173F	0000	13
		_Process_PS2_Sc		CODE           	1118	0000	1076
		_PS_2_DISABLE_I		CODE           	0FDE	0000	12
		_Init_PS_2_Send		CODE           	09A1	0000	74

PS_2.c estimated size: 1555

C:\Program Files (x86)\Microchip\xc8\v1.34\sources\common\ftmul.c
		___ftmul       		CODE           	03D2	0000	93

C:\Program Files (x86)\Microchip\xc8\v1.34\sources\common\ftmul.c estimated size: 93

C:\Program Files (x86)\Microchip\xc8\v1.34\sources\common\lwtoft.c
		___lwtoft      		CODE           	0384	0000	17

C:\Program Files (x86)\Microchip\xc8\v1.34\sources\common\lwtoft.c estimated size: 17

C:\Program Files (x86)\Microchip\xc8\v1.34\sources\common\ftdiv.c
		___ftdiv       		CODE           	0328	0000	93

C:\Program Files (x86)\Microchip\xc8\v1.34\sources\common\ftdiv.c estimated size: 93

shared
		PL12           		CODE           	0B85	0000	19
		PL50           		CODE           	0FC7	0000	8
		PL8            		CODE           	1760	0000	8
		PL22           		CODE           	0BA3	0000	7
		PL60           		CODE           	0FCE	0000	7
		i1_PS_2_DISABLE		CODE           	04C1	0000	11
		i1_CloseUSART  		CODE           	0E5B	0000	2
		PL32           		CODE           	0E94	0000	9
		PL70           		CODE           	0BCB	0000	6
		i1_UARTchar    		CODE           	164C	0000	66
		PL42           		CODE           	178B	0000	6
		PL80           		CODE           	043F	0000	5
		PL14           		CODE           	1767	0000	18
		PL52           		CODE           	0EA4	0000	7
		PL24           		CODE           	0BA9	0000	8
		PL62           		CODE           	02A9	0000	7
		i1_CheckSum_byt		CODE           	16D3	0000	26
		PL34           		CODE           	029A	0000	9
		PL72           		CODE           	0EAA	0000	5
		PL44           		CODE           	0BBF	0000	8
		PL82           		CODE           	0F11	0000	6
		_ScanCodeFuncti		STRCODE        	1966	0000	110
		PL16           		CODE           	17BD	0000	10
		PL54           		CODE           	042E	0000	8
		PL26           		CODE           	1778	0000	8
		PL64           		CODE           	179C	0000	7
		PL36           		CODE           	0BB7	0000	9
		PL74           		CODE           	0EAE	0000	6
		_ScanCode      		STRCODE        	1884	0000	114
		PL46           		CODE           	02A2	0000	8
		PL84           		CODE           	02AF	0000	5
		_dpowers       		STRCODE        	19D3	0000	41
		i1_Timer2ON    		CODE           	04DF	0000	4
		PL18           		CODE           	0E87	0000	14
		PL56           		CODE           	1795	0000	8
		i1_baudUSART   		CODE           	0E81	0000	7
		PL28           		CODE           	0BB0	0000	8
		PL66           		CODE           	17A2	0000	7
		PL38           		CODE           	0E9C	0000	9
		PL76           		CODE           	043B	0000	5
		_ScanCodeSHIFT 		STRCODE        	18F5	0000	114
		PL48           		CODE           	1790	0000	6
		PL86           		CODE           	17A8	0000	6
		PL58           		CODE           	0435	0000	7
		i1_ReadFlash_2B		CODE           	026D	0000	46
		i1_ReadFlash_4B		CODE           	023F	0000	47
		PL68           		CODE           	0BC6	0000	6
		PL78           		CODE           	0EB3	0000	6
		i1_ReadBaud    		CODE           	0131	0000	89
		i1_OpenUSART   		CODE           	0E5C	0000	38
		_OddParityMSG  		STRCODE        	1A11	0000	22
		i1___lldiv     		CODE           	0E1C	0000	64
		i1_ReadUSART   		CODE           	0D2A	0000	7
		i1_READ_PS_2_PI		CODE           	168D	0000	13
		__initializatio		CODE           	0819	0000	25
		_VoltageMSG    		STRCODE        	1A59	0000	14
		_NoParityMSG   		STRCODE        	1A26	0000	21
		i1_Send_PS2    		CODE           	154B	0000	217
		i1_Data_TRIS   		CODE           	16C9	0000	11
		i1_Clock_TRIS  		CODE           	16BF	0000	11
		_ScanCodeFuncti		STRCODE        	1800	0000	133
		i1_InitUART    		CODE           	0CB2	0000	121
		_MarkParityMSG 		STRCODE        	1A4A	0000	16
		_EvenParityMSG 		STRCODE        	19FB	0000	23
		i1_delayUS     		CODE           	1699	0000	39
		_Version       		STRCODE        	1A66	0000	10
		PL2            		CODE           	0B5F	0000	8
		_SpaceParityMSG		STRCODE        	1A3A	0000	17
		i1_PS_2_ENABLE_		CODE           	04CB	0000	11
		i1_UARTstringWA		CODE           	1623	0000	42
		PL10           		CODE           	0B73	0000	19
		PL4            		CODE           	0B66	0000	14
		PL20           		CODE           	0B97	0000	13
		PL30           		CODE           	177F	0000	6
		PL6            		CODE           	175A	0000	7
		PL40           		CODE           	1784	0000	8

shared estimated size: 1893

ADC.c
		_InternalADC_Re		CODE           	02FB	0000	46
		_ReadVoltage   		CODE           	02B3	0000	70
		_DisableInterna		CODE           	02F8	0000	4

ADC.c estimated size: 120

MISC.c
		_READ_CONFIG_PI		CODE           	04DB	0000	5
		_cleanBuffer   		CODE           	17EB	0000	22
		_delayUS       		CODE           	0ACF	0000	40
		_CheckSum_byte 		CODE           	0EF8	0000	26
		_Reverse_Byte  		CODE           	047D	0000	63
		_BufferShiftBac		CODE           	16EC	0000	50
		_ISNUMBER      		CODE           	174B	0000	11

MISC.c estimated size: 217

C:\Program Files (x86)\Microchip\xc8\v1.34\sources\common\lldiv.c
		___lldiv       		CODE           	0C6F	0000	64

C:\Program Files (x86)\Microchip\xc8\v1.34\sources\common\lldiv.c estimated size: 64

user.c
		_InitApp       		CODE           	0B46	0000	26
		_Init_System   		CODE           	08BD	0000	193

user.c estimated size: 219

C:\Program Files (x86)\Microchip\xc8\v1.34\sources\common\doprnt.c
		_sprintf       		CODE           	0D30	0000	183

C:\Program Files (x86)\Microchip\xc8\v1.34\sources\common\doprnt.c estimated size: 183

main.c
		_main          		CODE           	083D	0000	129

main.c estimated size: 129

system.c
		_ConfigureOscil		CODE           	0B38	0000	15

system.c estimated size: 15

