Microchip MPLAB XC8 Compiler V1.34 ()

Linker command line:

--edf=C:\Program Files (x86)\Microchip\xc8\v1.34\dat\en_msgs.txt -cs \
  -h+dist/xc8_pic16f1705/production\PS2_to_UART_PIC.production.sym \
  --cmf=dist/xc8_pic16f1705/production\PS2_to_UART_PIC.production.cmf -z \
  -Q16F1705 -oC:\Users\DWHITF~1.TDY\AppData\Local\Temp\s7vk.6 \
  -Mdist/xc8_pic16f1705/production/PS2_to_UART_PIC.production.map -E1 \
  -ver=XC8 -ASTACK=02186h-023efh -pstack=STACK -ACODE=00h-07FFhx4 \
  -ASTRCODE=00h-01FFFh -ASTRING=00h-0FFhx32 -ACONST=00h-0FFhx32 \
  -AENTRY=00h-0FFhx32 -ACOMMON=070h-07Fh -ABANK0=020h-06Fh \
  -ABANK1=0A0h-0EFh -ABANK2=0120h-016Fh -ABANK3=01A0h-01EFh \
  -ABANK4=0220h-026Fh -ABANK5=02A0h-02EFh -ABANK6=0320h-036Fh \
  -ABANK7=03A0h-03EFh -ABANK8=0420h-046Fh -ABANK9=04A0h-04EFh \
  -ABANK10=0520h-056Fh -ABANK11=05A0h-05EFh -ABANK12=0620h-064Fh \
  -ABIGRAM=02000h-023EFh \
  -ARAM=020h-06Fh,0A0h-0EFh,0120h-016Fh,01A0h-01EFh,0220h-026Fh,02A0h-02EFh,0320h-036Fh,03A0h-03EFh,0420h-046Fh,04A0h-04EFh,0520h-056Fh,05A0h-05EFh,0620h-064Fh \
  -AABS1=020h-07Fh,0A0h-0EFh,0120h-016Fh,01A0h-01EFh,0220h-026Fh,02A0h-02EFh,0320h-036Fh,03A0h-03EFh,0420h-046Fh,04A0h-04EFh,0520h-056Fh,05A0h-05EFh,0620h-064Fh \
  -ASFR0=00h-01Fh -ASFR1=080h-09Fh -ASFR2=0100h-011Fh -ASFR3=0180h-019Fh \
  -ASFR4=0200h-021Fh -ASFR5=0280h-029Fh -ASFR6=0300h-031Fh \
  -ASFR7=0380h-039Fh -ASFR8=0400h-041Fh -ASFR9=0480h-049Fh \
  -ASFR10=0500h-051Fh -ASFR11=0580h-059Fh -ASFR12=0600h-061Fh \
  -ASFR13=0680h-06EFh -ASFR14=0700h-076Fh -ASFR15=0780h-07EFh \
  -ASFR16=0800h-086Fh -ASFR17=0880h-08EFh -ASFR18=0900h-096Fh \
  -ASFR19=0980h-09EFh -ASFR20=0A00h-0A6Fh -ASFR21=0A80h-0AEFh \
  -ASFR22=0B00h-0B6Fh -ASFR23=0B80h-0BEFh -ASFR24=0C00h-0C6Fh \
  -ASFR25=0C80h-0CEFh -ASFR26=0D00h-0D6Fh -ASFR27=0D80h-0DEFh \
  -ASFR28=0E00h-0E6Fh -ASFR29=0E80h-0EEFh -ASFR30=0F00h-0F6Fh \
  -ASFR31=0F80h-0FEFh -preset_vec=00h,intentry=04h,init,end_init \
  -ppowerup=CODE -pcinit=CODE -pfunctab=CODE -ACONFIG=08007h-08008h \
  -pconfig=CONFIG -DCONFIG=2 -AIDLOC=08000h-08003h -pidloc=IDLOC -DIDLOC=2 \
  -DCODE=2 -DSTRCODE=2 -DSTRING=2 -DCONST=2 -DENTRY=2 -k \
  C:\Users\DWHITF~1.TDY\AppData\Local\Temp\s7vk.obj \
  dist/xc8_pic16f1705/production\PS2_to_UART_PIC.production.obj 

Object code version is 3.11

Machine type is 16F1705



                Name                               Link     Load   Length Selector   Space Scale
C:\Users\DWHITF~1.TDY\AppData\Local\Temp\s7vk.obj
                end_init                             F3       F3        2        8       0
                reset_vec                             0        0        2        0       0
                config                             8007     8007        2    1000E       0
dist/xc8_pic16f1705/production\PS2_to_UART_PIC.production.obj
                cinit                                F5       F5       32        8       0
                intentry                              4        4       EF        8       0
                text79                             1EED     1EED       54     3DDA       0
                text78                             1A98     1A98       2E     3530       0
                text77                             1DFA     1DFA       4E     3BF4       0
                text76                             1C59     1C59       41     38B2       0
                text75                             190E     190E       12     321C       0
                text74                              A41      A41       10     1482       0
                text73                             1920     1920       12     3240       0
                text72                             1932     1932       12     3264       0
                text71                             18D3     18D3        D     31A6       0
                text70                             189A     189A        B     3134       0
                text69                             1A16     1A16       2B     342C       0
                text68                             19EE     19EE       28     33DC       0
                text67                             1BB5     1BB5       33     376A       0
                text66                             1375     1375       CC     26EA       0
                text65                             11B2     11B2       66     2364       0
                text64                             1D1D     1D1D       43     3A3A       0
                text63                             1E48     1E48       52     3C90       0
                text62                             170A     170A       F6     2E14       0
                text61                             18BB     18BB        C     3176       0
                text60                             1A6C     1A6C       2C     34D8       0
                text59                             186A     186A        9     30D4       0
                text58                             184A     184A        6     3094       0
                text57                             1526     1526       EF     2A4C       0
                text56                             1D60     1D60       4D     3AC0       0
                text55                             1F9E     1F9E       62     3F3C       0
                text54                             1085     1085       63     210A       0
                text53                             1B24     1B24       30     3648       0
                text52                              B65      B65      179     16CA       0
                text51                             1845     1845        5     308A       0
                text50                             19C9     19C9       25     3392       0
                text49                             1AC6     1AC6       2F     358C       0
                text48                             100B     100B       18     2016       0
                text47                             187C     187C        A     30F8       0
                text46                             1886     1886        A     310C       0
                text45                             1956     1956       13     32AC       0
                text44                              CDE      CDE      18E     19BC       0
                text43                              127      127      561        8       0
                text42                             185C     185C        7     30B8       0
                text41                             18FD     18FD       11     31FA       0
                text40                              6F8      6F8        8        8       0
                text39                             1831     1831        3     3062       0
                text38                             1834     1834        3     3068       0
                text37                             18A5     18A5        B     314A       0
                text36                             1837     1837        3     306E       0
                text34                             1944     1944       12     3288       0
                text33                             19A5     19A5       24     334A       0
                text32                             18E0     18E0        E     31C0       0
                text31                             1C9A     1C9A       41     3934       0
                text30                             1890     1890        A     3120       0
                text29                             1E9A     1E9A       53     3D34       0
                text28                             1873     1873        9     30E6       0
                text27                             1441     1441       E5     2882       0
                text26                             1B54     1B54       30     36A8       0
                text25                             1DAD     1DAD       4D     3B5A       0
                text24                             1023     1023       62     2046       0
                text23                             1AF5     1AF5       2F     35EA       0
                text22                             10E8     10E8       65     21D0       0
                text21                             1BE8     1BE8       35     37D0       0
                text20                             1B84     1B84       31     3708       0
                text19                              A51      A51      114     14A2       0
                text18                             18C7     18C7        C     318E       0
                text17                             1969     1969       13     32D2       0
                text16                             18B0     18B0        B     3160       0
                text15                             1000     1000        B     1CD8       0
                text14                             197C     197C       14     32F8       0
                text13                              E6C      E6C      194     1CD8       0
                text12                              688      688       70        8       0
                text11                             183A     183A        3     3074       0
                text10                             1A41     1A41       2B     3482       0
                text9                              18EE     18EE        F     31DC       0
                text8                              1863     1863        7     30C6       0
                text7                              1CDB     1CDB       42     39B6       0
                text6                              114D     114D       65     229A       0
                text5                              1218     1218       A9     2430       0
                text4                              12C1     12C1       B4     2582       0
                text3                              1990     1990       15     3320       0
                text2                              1F41     1F41       5D     3E82       0
                text1                              1C1D     1C1D       3C     383A       0
                maintext                           1615     1615       F5     2C2A       0
                cstackBANK0                          20       20       50       20       1
                cstackCOMMON                         70       70        E       70       1
                cstackBANK1                          A0       A0       26       A0       1
                cstackBANK2                         120      120       3F      120       1
                cstackBANK3                         1A0      1A0       42      1A0       1
                cstackBANK4                         220      220       37      220       1
                inittext                           1850     1850        6     30A0       0
                clrtext                            1856     1856        6     30AC       0
                dataBANK4                           262      262        4      220       1
                bssBANK4                            257      257        B      220       1
                bssBANK3                            1E2      1E2        E      1A0       1
                dataBANK1                            E4       E4        4       A0       1
                bssBANK1                             C6       C6       1E       A0       1
                stringtext                          700      700      341        E       0
                idataBANK4                         183D     183D        4     307A       0
                idataBANK1                         1841     1841        4     3082       0

TOTAL           Name                               Link     Load   Length     Space
        CLASS   STACK          

        CLASS   CODE           
                end_init                             F3       F3        2         0
                cinit                                F5       F5       32         0
                intentry                              4        4       EF         0
                reset_vec                             0        0        2         0
                text79                             1EED     1EED       54         0
                text78                             1A98     1A98       2E         0
                text77                             1DFA     1DFA       4E         0
                text76                             1C59     1C59       41         0
                text75                             190E     190E       12         0
                text74                              A41      A41       10         0
                text73                             1920     1920       12         0
                text72                             1932     1932       12         0
                text71                             18D3     18D3        D         0
                text70                             189A     189A        B         0
                text69                             1A16     1A16       2B         0
                text68                             19EE     19EE       28         0
                text67                             1BB5     1BB5       33         0
                text66                             1375     1375       CC         0
                text65                             11B2     11B2       66         0
                text64                             1D1D     1D1D       43         0
                text63                             1E48     1E48       52         0
                text62                             170A     170A       F6         0
                text61                             18BB     18BB        C         0
                text60                             1A6C     1A6C       2C         0
                text59                             186A     186A        9         0
                text58                             184A     184A        6         0
                text57                             1526     1526       EF         0
                text56                             1D60     1D60       4D         0
                text55                             1F9E     1F9E       62         0
                text54                             1085     1085       63         0
                text53                             1B24     1B24       30         0
                text52                              B65      B65      179         0
                text51                             1845     1845        5         0
                text50                             19C9     19C9       25         0
                text49                             1AC6     1AC6       2F         0
                text48                             100B     100B       18         0
                text47                             187C     187C        A         0
                text46                             1886     1886        A         0
                text45                             1956     1956       13         0
                text44                              CDE      CDE      18E         0
                text43                              127      127      561         0
                text42                             185C     185C        7         0
                text41                             18FD     18FD       11         0
                text40                              6F8      6F8        8         0
                text39                             1831     1831        3         0
                text38                             1834     1834        3         0
                text37                             18A5     18A5        B         0
                text36                             1837     1837        3         0
                text34                             1944     1944       12         0
                text33                             19A5     19A5       24         0
                text32                             18E0     18E0        E         0
                text31                             1C9A     1C9A       41         0
                text30                             1890     1890        A         0
                text29                             1E9A     1E9A       53         0
                text28                             1873     1873        9         0
                text27                             1441     1441       E5         0
                text26                             1B54     1B54       30         0
                text25                             1DAD     1DAD       4D         0
                text24                             1023     1023       62         0
                text23                             1AF5     1AF5       2F         0
                text22                             10E8     10E8       65         0
                text21                             1BE8     1BE8       35         0
                text20                             1B84     1B84       31         0
                text19                              A51      A51      114         0
                text18                             18C7     18C7        C         0
                text17                             1969     1969       13         0
                text16                             18B0     18B0        B         0
                text15                             1000     1000        B         0
                text14                             197C     197C       14         0
                text13                              E6C      E6C      194         0
                text12                              688      688       70         0
                text11                             183A     183A        3         0
                text10                             1A41     1A41       2B         0
                text9                              18EE     18EE        F         0
                text8                              1863     1863        7         0
                text7                              1CDB     1CDB       42         0
                text6                              114D     114D       65         0
                text5                              1218     1218       A9         0
                text4                              12C1     12C1       B4         0
                text3                              1990     1990       15         0
                text2                              1F41     1F41       5D         0
                text1                              1C1D     1C1D       3C         0
                maintext                           1615     1615       F5         0
                inittext                           1850     1850        6         0
                clrtext                            1856     1856        6         0
                idataBANK4                         183D     183D        4         0
                idataBANK1                         1841     1841        4         0

        CLASS   STRCODE        
                stringtext                          700      700      341         0

        CLASS   STRING         

        CLASS   CONST          

        CLASS   ENTRY          

        CLASS   COMMON         
                cstackCOMMON                         70       70        E         1

        CLASS   BANK0          
                cstackBANK0                          20       20       50         1

        CLASS   BANK1          
                cstackBANK1                          A0       A0       26         1
                dataBANK1                            E4       E4        4         1
                bssBANK1                             C6       C6       1E         1

        CLASS   BANK2          
                cstackBANK2                         120      120       3F         1

        CLASS   BANK3          
                cstackBANK3                         1A0      1A0       42         1
                bssBANK3                            1E2      1E2        E         1

        CLASS   BANK4          
                cstackBANK4                         220      220       37         1
                dataBANK4                           262      262        4         1
                bssBANK4                            257      257        B         1

        CLASS   BANK5          

        CLASS   BANK6          

        CLASS   BANK7          

        CLASS   BANK8          

        CLASS   BANK9          

        CLASS   BANK10         

        CLASS   BANK11         

        CLASS   BANK12         

        CLASS   BIGRAM         

        CLASS   RAM            

        CLASS   ABS1           
                abs_s1                               7E       7E        2         1

        CLASS   SFR0           

        CLASS   SFR1           

        CLASS   SFR2           

        CLASS   SFR3           

        CLASS   SFR4           

        CLASS   SFR5           

        CLASS   SFR6           

        CLASS   SFR7           

        CLASS   SFR8           

        CLASS   SFR9           

        CLASS   SFR10          

        CLASS   SFR11          

        CLASS   SFR12          

        CLASS   SFR13          

        CLASS   SFR14          

        CLASS   SFR15          

        CLASS   SFR16          

        CLASS   SFR17          

        CLASS   SFR18          

        CLASS   SFR19          

        CLASS   SFR20          

        CLASS   SFR21          

        CLASS   SFR22          

        CLASS   SFR23          

        CLASS   SFR24          

        CLASS   SFR25          

        CLASS   SFR26          

        CLASS   SFR27          

        CLASS   SFR28          

        CLASS   SFR29          

        CLASS   SFR30          

        CLASS   SFR31          

        CLASS   CONFIG         
                config                             8007     8007        2         0

        CLASS   IDLOC          

        CLASS   BANK31         

        CLASS   BANK30         

        CLASS   BANK29         

        CLASS   BANK28         

        CLASS   BANK27         

        CLASS   BANK26         

        CLASS   BANK25         

        CLASS   BANK24         

        CLASS   BANK23         

        CLASS   BANK22         

        CLASS   BANK21         

        CLASS   BANK20         

        CLASS   BANK19         

        CLASS   BANK18         

        CLASS   BANK17         

        CLASS   BANK16         

        CLASS   BANK15         

        CLASS   BANK14         

        CLASS   BANK13         

        CLASS   EEDATA         



SEGMENTS        Name                           Load    Length   Top    Selector   Space  Class     Delta

                reset_vec                      000000  000002  000002         0       0  CODE        2
                intentry                       000004  0006FC  000700         8       0  CODE        2
                cstackBANK0                    000020  000050  000070        20       1  BANK0       1
                cstackCOMMON                   000070  00000E  00007E        70       1  COMMON      1
                cstackBANK1                    0000A0  000048  0000E8        A0       1  BANK1       1
                cstackBANK2                    000120  00003F  00015F       120       1  BANK2       1
                cstackBANK3                    0001A0  000050  0001F0       1A0       1  BANK3       1
                cstackBANK4                    000220  000046  000266       220       1  BANK4       1
                stringtext                     000700  000341  000A41         E       0  STRCODE     2
                text74                         000A41  000010  000A51      1482       0  CODE        2
                text19                         000A51  000114  000B65      14A2       0  CODE        2
                text52                         000B65  000179  000CDE      16CA       0  CODE        2
                text44                         000CDE  00018E  000E6C      19BC       0  CODE        2
                text13                         000E6C  00019F  00100B      1CD8       0  CODE        2
                text48                         00100B  000018  001023      2016       0  CODE        2
                text24                         001023  000062  001085      2046       0  CODE        2
                text54                         001085  000063  0010E8      210A       0  CODE        2
                text22                         0010E8  000065  00114D      21D0       0  CODE        2
                text6                          00114D  000065  0011B2      229A       0  CODE        2
                text65                         0011B2  000066  001218      2364       0  CODE        2
                text5                          001218  0000A9  0012C1      2430       0  CODE        2
                text4                          0012C1  0000B4  001375      2582       0  CODE        2
                text66                         001375  0000CC  001441      26EA       0  CODE        2
                text27                         001441  0000E5  001526      2882       0  CODE        2
                text57                         001526  0000EF  001615      2A4C       0  CODE        2
                maintext                       001615  0000F5  00170A      2C2A       0  CODE        2
                text62                         00170A  0000F6  001800      2E14       0  CODE        2
                text39                         001831  000003  001834      3062       0  CODE        2
                text38                         001834  000003  001837      3068       0  CODE        2
                text36                         001837  000003  00183A      306E       0  CODE        2
                text11                         00183A  000003  00183D      3074       0  CODE        2
                idataBANK4                     00183D  000004  001841      307A       0  CODE        2
                idataBANK1                     001841  000004  001845      3082       0  CODE        2
                text51                         001845  000005  00184A      308A       0  CODE        2
                text58                         00184A  000006  001850      3094       0  CODE        2
                inittext                       001850  000006  001856      30A0       0  CODE        2
                clrtext                        001856  000006  00185C      30AC       0  CODE        2
                text42                         00185C  000007  001863      30B8       0  CODE        2
                text8                          001863  000007  00186A      30C6       0  CODE        2
                text59                         00186A  000009  001873      30D4       0  CODE        2
                text28                         001873  000009  00187C      30E6       0  CODE        2
                text47                         00187C  00000A  001886      30F8       0  CODE        2
                text46                         001886  00000A  001890      310C       0  CODE        2
                text30                         001890  00000A  00189A      3120       0  CODE        2
                text70                         00189A  00000B  0018A5      3134       0  CODE        2
                text37                         0018A5  00000B  0018B0      314A       0  CODE        2
                text16                         0018B0  00000B  0018BB      3160       0  CODE        2
                text61                         0018BB  00000C  0018C7      3176       0  CODE        2
                text18                         0018C7  00000C  0018D3      318E       0  CODE        2
                text71                         0018D3  00000D  0018E0      31A6       0  CODE        2
                text32                         0018E0  00000E  0018EE      31C0       0  CODE        2
                text9                          0018EE  00000F  0018FD      31DC       0  CODE        2
                text41                         0018FD  000011  00190E      31FA       0  CODE        2
                text75                         00190E  000012  001920      321C       0  CODE        2
                text73                         001920  000012  001932      3240       0  CODE        2
                text72                         001932  000012  001944      3264       0  CODE        2
                text34                         001944  000012  001956      3288       0  CODE        2
                text45                         001956  000013  001969      32AC       0  CODE        2
                text17                         001969  000013  00197C      32D2       0  CODE        2
                text14                         00197C  000014  001990      32F8       0  CODE        2
                text3                          001990  000015  0019A5      3320       0  CODE        2
                text33                         0019A5  000024  0019C9      334A       0  CODE        2
                text50                         0019C9  000025  0019EE      3392       0  CODE        2
                text68                         0019EE  000028  001A16      33DC       0  CODE        2
                text69                         001A16  00002B  001A41      342C       0  CODE        2
                text10                         001A41  00002B  001A6C      3482       0  CODE        2
                text60                         001A6C  00002C  001A98      34D8       0  CODE        2
                text78                         001A98  00002E  001AC6      3530       0  CODE        2
                text49                         001AC6  00002F  001AF5      358C       0  CODE        2
                text23                         001AF5  00002F  001B24      35EA       0  CODE        2
                text53                         001B24  000030  001B54      3648       0  CODE        2
                text26                         001B54  000030  001B84      36A8       0  CODE        2
                text20                         001B84  000031  001BB5      3708       0  CODE        2
                text67                         001BB5  000033  001BE8      376A       0  CODE        2
                text21                         001BE8  000035  001C1D      37D0       0  CODE        2
                text1                          001C1D  00003C  001C59      383A       0  CODE        2
                text76                         001C59  000041  001C9A      38B2       0  CODE        2
                text31                         001C9A  000041  001CDB      3934       0  CODE        2
                text7                          001CDB  000042  001D1D      39B6       0  CODE        2
                text64                         001D1D  000043  001D60      3A3A       0  CODE        2
                text56                         001D60  00004D  001DAD      3AC0       0  CODE        2
                text25                         001DAD  00004D  001DFA      3B5A       0  CODE        2
                text77                         001DFA  00004E  001E48      3BF4       0  CODE        2
                text63                         001E48  000052  001E9A      3C90       0  CODE        2
                text29                         001E9A  000053  001EED      3D34       0  CODE        2
                text79                         001EED  000054  001F41      3DDA       0  CODE        2
                text2                          001F41  00005D  001F9E      3E82       0  CODE        2
                text55                         001F9E  000062  002000      3F3C       0  CODE        2
                config                         008007  000002  008009     1000E       0  CONFIG      2


UNUSED ADDRESS RANGES

        Name                Unused          Largest block    Delta
        BANK1            000E8-000EF               8           1
        BANK10           00520-0056F              50           1
        BANK11           005A0-005EF              50           1
        BANK12           00620-0064F              30           1
        BANK2            0015F-0016F              11           1
        BANK4            00266-0026F               A           1
        BANK5            002A0-002EF              50           1
        BANK6            00320-0036F              50           1
        BANK7            003A0-003EF              50           1
        BANK8            00420-0046F              50           1
        BANK9            004A0-004EF              50           1
        BIGRAM           02000-023EF             3F0           1
        CODE             00002-00003               2           2
                         01800-01830              31
        CONST            00002-00003               2           2
                         01800-01830              31
        ENTRY            00002-00003               2           2
                         01800-01830              31
        IDLOC            08000-08003               4           2
        RAM              000E8-000EF               8           1
                         0015F-0016F              11
                         00266-0026F               A
                         002A0-002EF              50
                         00320-0036F              50
                         003A0-003EF              50
                         00420-0046F              50
                         004A0-004EF              50
                         00520-0056F              50
                         005A0-005EF              50
                         00620-0064F              30
        SFR0             00000-0001F              20           1
        SFR1             00080-0009F              20           1
        SFR10            00500-0051F              20           1
        SFR11            00580-0059F              20           1
        SFR12            00600-0061F              20           1
        SFR13            00680-006EF              70           1
        SFR14            00700-0076F              70           1
        SFR15            00780-007EF              70           1
        SFR16            00800-0086F              70           1
        SFR17            00880-008EF              70           1
        SFR18            00900-0096F              70           1
        SFR19            00980-009EF              70           1
        SFR2             00100-0011F              20           1
        SFR20            00A00-00A6F              70           1
        SFR21            00A80-00AEF              70           1
        SFR22            00B00-00B6F              70           1
        SFR23            00B80-00BEF              70           1
        SFR24            00C00-00C6F              70           1
        SFR25            00C80-00CEF              70           1
        SFR26            00D00-00D6F              70           1
        SFR27            00D80-00DEF              70           1
        SFR28            00E00-00E6F              70           1
        SFR29            00E80-00EEF              70           1
        SFR3             00180-0019F              20           1
        SFR30            00F00-00F6F              70           1
        SFR31            00F80-00FEF              70           1
        SFR4             00200-0021F              20           1
        SFR5             00280-0029F              20           1
        SFR6             00300-0031F              20           1
        SFR7             00380-0039F              20           1
        SFR8             00400-0041F              20           1
        SFR9             00480-0049F              20           1
        STACK            02186-023EF             26A           1
        STRCODE          00002-00003               2           2
                         01800-01830              31
        STRING           00002-00003               2           2
                         01800-01830              31

                                  Symbol Table

?_InternalADC_Read                    cstackBANK4  0022A
?_PS2RawToScan                        cstackCOMMON 00078
?_ReadBaud                            cstackBANK4  00232
?_ReadFlash_2Byte                     cstackBANK4  00220
?_ReadFlash_4Byte                     cstackBANK4  00225
?_ReadVoltage                         cstackBANK4  0024C
?___ftdiv                             cstackBANK4  0022C
?___ftmul                             cstackBANK4  0023C
?___ftpack                            cstackBANK4  00220
?___lldiv                             cstackBANK4  00220
?___llmod                             cstackBANK0  00020
?___lmul                              cstackCOMMON 00070
?___lwtoft                            cstackBANK4  00228
?_sprintf                             cstackBANK0  0002A
?i1_ReadBaud                          cstackBANK0  00024
?i1_ReadFlash_2Byte                   cstackCOMMON 00070
?i1_ReadFlash_4Byte                   cstackCOMMON 00075
?i1___lldiv                           cstackCOMMON 00070
BlockErase@row                        cstackCOMMON 00070
BufferShiftBack@buffer                cstackCOMMON 00077
BufferShiftBack@i                     cstackCOMMON 00076
BufferShiftBack@shift                 cstackCOMMON 00070
BufferShiftBack@size                  cstackCOMMON 00071
CheckSum_byte@Odd_Even                cstackBANK4  00222
CheckSum_byte@Parity                  cstackBANK4  00226
CheckSum_byte@This                    cstackBANK4  00220
CheckSum_byte@ThisTemp                cstackBANK4  00224
CheckSum_byte@i                       cstackBANK4  00227
Clock_TRIS@direction                  cstackBANK4  00220
Data_TRIS@direction                   cstackBANK4  00220
Decode_Scan_Code@Code                 cstackCOMMON 00070
Decode_Scan_Code_Function@Code        cstackCOMMON 00070
Decode_Scan_Code_FunctionE0@Code      cstackCOMMON 00070
Decode_Scan_Code_Shift@Code           cstackCOMMON 00070
ISNUMBER@ascii                        cstackCOMMON 00070
InitUART@Baud                         cstackBANK4  0022E
InitUART@baudconfig                   cstackBANK4  0023D
InitUART@config                       cstackBANK4  0023E
InitUART@parity                       cstackBANK4  00232
InitUART@spbrg                        cstackBANK4  0023B
InitUART@temp                         cstackBANK4  0023F
Init_System@Baud                      cstackBANK4  0024C
Init_System@Parity                    cstackBANK4  00250
Init_System@temp                      cstackBANK4  00248
InternalADC_Read@channel              cstackBANK4  0022E
OpenUSART@config                      cstackBANK4  00222
OpenUSART@spbrg                       cstackBANK4  00220
PS2RawToScan@Raw                      cstackCOMMON 00078
PS2RawToScan@temp                     cstackCOMMON 0007A
PS_2_DISABLE_INTERRUPT@DATA_CLK       cstackBANK4  00221
PS_2_ENABLE_INTERRUPT@DATA_CLK        cstackBANK4  00220
Process_PS2_ScanCode@buf              cstackBANK3  001A0
Process_PS2_ScanCode@shortbreak       cstackBANK3  001E0
Process_PS2_ScanCode@temp             cstackBANK3  001E1
READ_PS_2_PIN@DATA_CLK                cstackBANK4  00220
ReadBaud@column                       cstackBANK4  00234
ReadBaud@row                          cstackBANK4  00232
ReadBaud@temp                         cstackBANK4  0023E
ReadFlash_2Byte@column                cstackBANK4  00222
ReadFlash_2Byte@row                   cstackBANK4  00220
ReadFlash_4Byte@column                cstackBANK4  00227
ReadFlash_4Byte@row                   cstackBANK4  00225
ReadFlash_4Byte@temp                  cstackBANK4  0022E
ReadUSART@data                        cstackBANK4  00221
ReadVoltage@temp                      cstackBANK4  00253
ReadVoltage@voltage                   cstackBANK4  00250
Reverse_Byte@This                     cstackCOMMON 00073
Reverse_Byte@temp                     cstackCOMMON 00072
Send_PS2@command                      cstackBANK4  0022F
Send_PS2@i                            cstackBANK4  00230
Send_PS2@oddparity                    cstackBANK4  0022E
Send_PS2@timeout                      cstackBANK4  00231
SetBaud@Baud                          cstackBANK1  000AF
SetBaud@Baudtemp                      cstackBANK2  00152
SetBaud@Parity                        cstackBANK1  000B3
SetBaud@Paritytemp                    cstackBANK2  00156
SetBaud@buf                           cstackBANK2  00120
SetBaud@i                             cstackBANK2  0015E
SetBaud@temp                          cstackBANK2  0015A
Timer2Init@postscaler                 cstackBANK4  00223
Timer2Init@prescaler                  cstackBANK4  00224
Timer2Init@time                       cstackBANK4  00222
UART_send_break_timed@US              cstackCOMMON 0007A
UARTchar@NinethBit_override_data      cstackBANK4  00229
UARTchar@data                         cstackBANK4  0022E
UARTchar@override                     cstackBANK4  00228
UARTstringWAIT@data                   cstackBANK4  0022F
WriteBaud@Baud                        cstackBANK1  000A2
WriteBaud@Parity                      cstackBANK1  000A6
WriteBaud@row                         cstackBANK1  000A0
WriteBaud@temp                        cstackBANK0  0006A
WriteFlash_Sequential@TempBufH        cstackBANK0  00023
WriteFlash_Sequential@TempBufL        cstackBANK0  00043
WriteFlash_Sequential@amount          cstackCOMMON 0007D
WriteFlash_Sequential@amountTemp      cstackBANK0  00065
WriteFlash_Sequential@buffer          cstackCOMMON 0007C
WriteFlash_Sequential@i               cstackBANK0  00069
WriteFlash_Sequential@row             cstackCOMMON 0007A
WriteFlash_Sequential@spaces          cstackBANK0  00068
WriteFlash_Sequential@temp            cstackBANK0  00066
WriteFlash_Sequential@tempH           cstackBANK0  00063
WriteFlash_Sequential@tempL           cstackBANK0  00064
_ADCON0                               (abs)        0009D
_ADCON1                               (abs)        0009E
_ADCON2                               (abs)        0009F
_ADRESH                               (abs)        0009C
_ADRESL                               (abs)        0009B
_ANSELA                               (abs)        0018C
_ANSELC                               (abs)        0018E
_Alarm                                bssBANK4     0025E
_BAUD                                 dataBANK4    00262
_BAUD1CON                             (abs)        0019F
_BAUDMODE                             bssBANK1     000CC
_BatteryVoltage                       bssBANK4     00257
_BaudTyped                            bssBANK1     000C6
_BlockErase                           text69       01A16
_BufferShiftBack                      text76       01C59
_CCP2CONbits                          (abs)        0029A
_CKPPS                                (abs)        00E25
_CapsCount                            bssBANK3     001E8
_Caps_Lock                            bssBANK3     001E9
_Caps_Lock_Key                        bssBANK1     000CD
_Caps_Lock_Key_old                    bssBANK1     000CE
_CheckSum_byte                        text23       01AF5
_Clock_TRIS                           text16       018B0
_CloseUSART                           text32       018E0
_ConfigureOscillator                  text34       01944
_Data_TRIS                            text15       01000
_Decode_Scan_Code                     text75       0190E
_Decode_Scan_Code_Function            text74       00A41
_Decode_Scan_Code_FunctionE0          text73       01920
_Decode_Scan_Code_Shift               text72       01932
_Delete                               bssBANK1     000CF
_DisableInternalADC                   text8        01863
_ECHO                                 bssBANK4     0025F
_EvenParityMSG                        stringtext   008FB
_FVRCON                               (abs)        00117
_HFIOFS                               (abs)        004D0
_INTCON                               (abs)        0000B
_INTCONbits                           (abs)        0000B
_IOCAF                                (abs)        00393
_IOCAN                                (abs)        00392
_IOCAP                                (abs)        00391
_ISNUMBER                             text71       018D3
_InitApp                              text33       019A5
_InitUART                             text27       01441
_Init_PS_2_Send                       text12       00688
_Init_System                          text19       00A51
_InternalADC_Read                     text7        01CDB
_LALT                                 bssBANK3     001EA
_LATA                                 (abs)        0010C
_LATC                                 (abs)        0010E
_LControl                             bssBANK1     000D0
_Left_Shift_Key                       bssBANK3     001EB
_Left_Shift_Key_old                   bssBANK1     000D1
_LineOverride                         bssBANK4     00260
_MEM                                  dataBANK1    000E4
_MarkParityMSG                        stringtext   0094A
_NoParityMSG                          stringtext   00926
_OPTION_REGbits                       (abs)        00095
_OSCCON                               (abs)        00099
_OSCSTAT                              (abs)        0009A
_OddParityMSG                         stringtext   00911
_OpenUSART                            text31       01C9A
_PARITY                               bssBANK4     00261
_PIE1                                 (abs)        00091
_PIE1bits                             (abs)        00091
_PIR1bits                             (abs)        00011
_PMADRH                               (abs)        00192
_PMADRL                               (abs)        00191
_PMCON1                               (abs)        00195
_PMCON2                               (abs)        00196
_PMDATH                               (abs)        00194
_PMDATL                               (abs)        00193
_PORTA                                (abs)        0000C
_PORTC                                (abs)        0000E
_PPSLOCK                              (abs)        00E0F
_PR2                                  (abs)        0001B
_PS2RawToScan                         text77       01DFA
_PS_2_Buffer_items                    bssBANK1     000D2
_PS_2_DISABLE_INTERRUPT               text17       01969
_PS_2_ENABLE_INTERRUPT                text18       018C7
_PS_2_INIT                            text9        018EE
_PS_2_Read_Data_First                 bssBANK3     001E2
_PS_2_Read_Data_Second                bssBANK3     001E4
_PS_2_Read_Data_TEMP                  bssBANK1     000CA
_PS_2_Read_Data_Third                 bssBANK3     001E6
_PS_2_ScanCodes                       bssBANK1     000D8
_PS_2_bits                            bssBANK1     000D3
_ParityTyped                          bssBANK3     001EC
_Process_PS2_ScanCode                 text43       00127
_Process_PS2_ScanCode$855             cstackBANK3  001DC
_Process_PS2_ScanCode$856             cstackBANK3  001DD
_Process_PS2_ScanCode$857             cstackBANK3  001DE
_Process_PS2_ScanCode$858             cstackBANK3  001DF
_RALT                                 bssBANK3     001ED
_RC1STA                               (abs)        0019D
_RC1STAbits                           (abs)        0019D
_RC2PPS                               (abs)        00EA2
_RCREG                                (abs)        00199
_RCSTA                                (abs)        0019D
_RCSTAbits                            (abs)        0019D
_RControl                             bssBANK1     000D4
_READ_CONFIG_PIN                      text42       0185C
_READ_PS_2_PIN                        text14       0197C
_RXPPS                                (abs)        00E24
_ReadBaud                             text24       01023
_ReadFlash_2Byte                      text26       01B54
_ReadFlash_4Byte                      text25       01DAD
_ReadUSART                            text30       01890
_ReadVoltage                          text2        01F41
_ResendLast                           text40       006F8
_ResendLastFlag                       bssBANK1     000D5
_Reverse_Byte                         text79       01EED
_Right_Shift_Key                      bssBANK3     001EE
_Right_Shift_Key_old                  bssBANK1     000D6
_SPBRG                                (abs)        0019B
_SPBRGH                               (abs)        0019C
_ScanCode                             stringtext   00784
_ScanCodeFunctionE0                   stringtext   00866
_ScanCodeFunctionNoE0                 stringtext   00700
_ScanCodeSHIFT                        stringtext   007F5
_Send_PS2                             text13       00E6C
_SetBaud                              text52       00B65
_Shift_Key                            bssBANK3     001EF
_SinLEDtimer                          bssBANK4     0025A
_SpaceParityMSG                       stringtext   0093A
_T2CON                                (abs)        0001C
_T2CONbits                            (abs)        0001C
_TMR2                                 (abs)        0001A
_TRISAbits                            (abs)        0008C
_TRISCbits                            (abs)        0008E
_TX1STA                               (abs)        0019E
_TX1STAbits                           (abs)        0019E
_TXREG                                (abs)        0019A
_TXSTAbits                            (abs)        0019E
_Timer2Init                           text10       01A41
_Timer2OFF                            text39       01831
_Timer2ON                             text11       0183A
_Timer2Reset                          text38       01834
_UART_send_break                      text51       01845
_UART_send_break_timed                text50       019C9
_UARTchar                             text22       010E8
_UARTstringWAIT                       text20       01B84
_UNLOCK                               text70       0189A
_Version                              stringtext   00966
_VoltageMSG                           stringtext   00959
_WPUA                                 (abs)        0020C
_WPUC                                 (abs)        0020E
_WriteBaud                            text65       011B2
_WriteFlash_Sequential                text66       01375
__CFG_BOREN$ON                        (abs)        00000
__CFG_BORV$LO                         (abs)        00000
__CFG_CLKOUTEN$OFF                    (abs)        00000
__CFG_CP$ON                           (abs)        00000
__CFG_FCMEN$OFF                       (abs)        00000
__CFG_FOSC$INTOSC                     (abs)        00000
__CFG_IESO$OFF                        (abs)        00000
__CFG_LPBOR$OFF                       (abs)        00000
__CFG_LVP$ON                          (abs)        00000
__CFG_MCLRE$ON                        (abs)        00000
__CFG_PLLEN$OFF                       (abs)        00000
__CFG_PPS1WAY$OFF                     (abs)        00000
__CFG_PWRTE$OFF                       (abs)        00000
__CFG_STVREN$ON                       (abs)        00000
__CFG_WDTE$OFF                        (abs)        00000
__CFG_WRT$OFF                         (abs)        00000
__CFG_ZCDDIS$ON                       (abs)        00000
__Habs1                               abs1         00000
__Hbank0                              bank0        00000
__Hbank1                              bank1        00000
__Hbank10                             bank10       00000
__Hbank11                             bank11       00000
__Hbank12                             bank12       00000
__Hbank13                             bank13       00000
__Hbank14                             bank14       00000
__Hbank15                             bank15       00000
__Hbank16                             bank16       00000
__Hbank17                             bank17       00000
__Hbank18                             bank18       00000
__Hbank19                             bank19       00000
__Hbank2                              bank2        00000
__Hbank20                             bank20       00000
__Hbank21                             bank21       00000
__Hbank22                             bank22       00000
__Hbank23                             bank23       00000
__Hbank24                             bank24       00000
__Hbank25                             bank25       00000
__Hbank26                             bank26       00000
__Hbank27                             bank27       00000
__Hbank28                             bank28       00000
__Hbank29                             bank29       00000
__Hbank3                              bank3        00000
__Hbank30                             bank30       00000
__Hbank31                             bank31       00000
__Hbank4                              bank4        00000
__Hbank5                              bank5        00000
__Hbank6                              bank6        00000
__Hbank7                              bank7        00000
__Hbank8                              bank8        00000
__Hbank9                              bank9        00000
__Hbigram                             bigram       00000
__HbssBANK1                           bssBANK1     00000
__HbssBANK3                           bssBANK3     00000
__HbssBANK4                           bssBANK4     00000
__Hcinit                              cinit        00127
__Hclrtext                            clrtext      00000
__Hcode                               code         00000
__Hcommon                             common       00000
__Hconfig                             config       08009
__HcstackBANK0                        cstackBANK0  00000
__HcstackBANK1                        cstackBANK1  00000
__HcstackBANK2                        cstackBANK2  00000
__HcstackBANK3                        cstackBANK3  00000
__HcstackBANK4                        cstackBANK4  00000
__HcstackCOMMON                       cstackCOMMON 00000
__HdataBANK1                          dataBANK1    00000
__HdataBANK4                          dataBANK4    00000
__Heeprom_data                        eeprom_data  00000
__Hend_init                           end_init     000F5
__Hfunctab                            functab      00000
__HidataBANK1                         idataBANK1   00000
__HidataBANK4                         idataBANK4   00000
__Hidloc                              idloc        00000
__Hinit                               init         000F3
__Hinittext                           inittext     00000
__Hintentry                           intentry     000F3
__Hmaintext                           maintext     00000
__Hpowerup                            powerup      00000
__Hram                                ram          00000
__Hreset_vec                          reset_vec    00002
__Hsfr0                               sfr0         00000
__Hsfr1                               sfr1         00000
__Hsfr10                              sfr10        00000
__Hsfr11                              sfr11        00000
__Hsfr12                              sfr12        00000
__Hsfr13                              sfr13        00000
__Hsfr14                              sfr14        00000
__Hsfr15                              sfr15        00000
__Hsfr16                              sfr16        00000
__Hsfr17                              sfr17        00000
__Hsfr18                              sfr18        00000
__Hsfr19                              sfr19        00000
__Hsfr2                               sfr2         00000
__Hsfr20                              sfr20        00000
__Hsfr21                              sfr21        00000
__Hsfr22                              sfr22        00000
__Hsfr23                              sfr23        00000
__Hsfr24                              sfr24        00000
__Hsfr25                              sfr25        00000
__Hsfr26                              sfr26        00000
__Hsfr27                              sfr27        00000
__Hsfr28                              sfr28        00000
__Hsfr29                              sfr29        00000
__Hsfr3                               sfr3         00000
__Hsfr30                              sfr30        00000
__Hsfr31                              sfr31        00000
__Hsfr4                               sfr4         00000
__Hsfr5                               sfr5         00000
__Hsfr6                               sfr6         00000
__Hsfr7                               sfr7         00000
__Hsfr8                               sfr8         00000
__Hsfr9                               sfr9         00000
__Hspace_0                            (abs)        08009
__Hspace_1                            (abs)        00266
__Hspace_2                            (abs)        00000
__Hspace_3                            (abs)        00000
__Hstack                              stack        00000
__Hstrings                            strings      00000
__Hstringtext                         stringtext   00000
__Htext                               text         00000
__Labs1                               abs1         00000
__Lbank0                              bank0        00000
__Lbank1                              bank1        00000
__Lbank10                             bank10       00000
__Lbank11                             bank11       00000
__Lbank12                             bank12       00000
__Lbank13                             bank13       00000
__Lbank14                             bank14       00000
__Lbank15                             bank15       00000
__Lbank16                             bank16       00000
__Lbank17                             bank17       00000
__Lbank18                             bank18       00000
__Lbank19                             bank19       00000
__Lbank2                              bank2        00000
__Lbank20                             bank20       00000
__Lbank21                             bank21       00000
__Lbank22                             bank22       00000
__Lbank23                             bank23       00000
__Lbank24                             bank24       00000
__Lbank25                             bank25       00000
__Lbank26                             bank26       00000
__Lbank27                             bank27       00000
__Lbank28                             bank28       00000
__Lbank29                             bank29       00000
__Lbank3                              bank3        00000
__Lbank30                             bank30       00000
__Lbank31                             bank31       00000
__Lbank4                              bank4        00000
__Lbank5                              bank5        00000
__Lbank6                              bank6        00000
__Lbank7                              bank7        00000
__Lbank8                              bank8        00000
__Lbank9                              bank9        00000
__Lbigram                             bigram       00000
__LbssBANK1                           bssBANK1     00000
__LbssBANK3                           bssBANK3     00000
__LbssBANK4                           bssBANK4     00000
__Lcinit                              cinit        000F5
__Lclrtext                            clrtext      00000
__Lcode                               code         00000
__Lcommon                             common       00000
__Lconfig                             config       08007
__LcstackBANK0                        cstackBANK0  00000
__LcstackBANK1                        cstackBANK1  00000
__LcstackBANK2                        cstackBANK2  00000
__LcstackBANK3                        cstackBANK3  00000
__LcstackBANK4                        cstackBANK4  00000
__LcstackCOMMON                       cstackCOMMON 00000
__LdataBANK1                          dataBANK1    00000
__LdataBANK4                          dataBANK4    00000
__Leeprom_data                        eeprom_data  00000
__Lend_init                           end_init     000F3
__Lfunctab                            functab      00000
__LidataBANK1                         idataBANK1   00000
__LidataBANK4                         idataBANK4   00000
__Lidloc                              idloc        00000
__Linit                               init         000F3
__Linittext                           inittext     00000
__Lintentry                           intentry     00004
__Lmaintext                           maintext     00000
__Lpowerup                            powerup      00000
__Lram                                ram          00000
__Lreset_vec                          reset_vec    00000
__Lsfr0                               sfr0         00000
__Lsfr1                               sfr1         00000
__Lsfr10                              sfr10        00000
__Lsfr11                              sfr11        00000
__Lsfr12                              sfr12        00000
__Lsfr13                              sfr13        00000
__Lsfr14                              sfr14        00000
__Lsfr15                              sfr15        00000
__Lsfr16                              sfr16        00000
__Lsfr17                              sfr17        00000
__Lsfr18                              sfr18        00000
__Lsfr19                              sfr19        00000
__Lsfr2                               sfr2         00000
__Lsfr20                              sfr20        00000
__Lsfr21                              sfr21        00000
__Lsfr22                              sfr22        00000
__Lsfr23                              sfr23        00000
__Lsfr24                              sfr24        00000
__Lsfr25                              sfr25        00000
__Lsfr26                              sfr26        00000
__Lsfr27                              sfr27        00000
__Lsfr28                              sfr28        00000
__Lsfr29                              sfr29        00000
__Lsfr3                               sfr3         00000
__Lsfr30                              sfr30        00000
__Lsfr31                              sfr31        00000
__Lsfr4                               sfr4         00000
__Lsfr5                               sfr5         00000
__Lsfr6                               sfr6         00000
__Lsfr7                               sfr7         00000
__Lsfr8                               sfr8         00000
__Lsfr9                               sfr9         00000
__Lspace_0                            (abs)        00000
__Lspace_1                            (abs)        00000
__Lspace_2                            (abs)        00000
__Lspace_3                            (abs)        00000
__Lstack                              stack        00000
__Lstrings                            strings      00000
__Lstringtext                         stringtext   00000
__Ltext                               text         00000
__S0                                  (abs)        08009
__S1                                  (abs)        00266
__S2                                  (abs)        00000
___ftdiv                              text5        01218
___ftdiv@cntr                         cstackBANK4  00236
___ftdiv@exp                          cstackBANK4  0023A
___ftdiv@f1                           cstackBANK4  0022F
___ftdiv@f2                           cstackBANK4  0022C
___ftdiv@f3                           cstackBANK4  00237
___ftdiv@sign                         cstackBANK4  0023B
___ftge                               text1        01C1D
___ftge@ff1                           cstackBANK4  00220
___ftge@ff2                           cstackBANK4  00223
___ftmul                              text4        012C1
___ftmul@cntr                         cstackBANK4  0024A
___ftmul@exp                          cstackBANK4  00246
___ftmul@f1                           cstackBANK4  0023C
___ftmul@f2                           cstackBANK4  0023F
___ftmul@f3_as_product                cstackBANK4  00247
___ftmul@sign                         cstackBANK4  0024B
___ftpack                             text6        0114D
___ftpack@arg                         cstackBANK4  00220
___ftpack@exp                         cstackBANK4  00223
___ftpack@sign                        cstackBANK4  00224
___int_sp                             stack        00000
___latbits                            (abs)        00002
___lldiv                              text29       01E9A
___lldiv@counter                      cstackBANK4  0022D
___lldiv@dividend                     cstackBANK4  00224
___lldiv@divisor                      cstackBANK4  00220
___lldiv@quotient                     cstackBANK4  00229
___llmod                              text64       01D1D
___llmod@counter                      cstackBANK0  00029
___llmod@dividend                     cstackBANK0  00024
___llmod@divisor                      cstackBANK0  00020
___lmul                               text49       01AC6
___lmul@multiplicand                  cstackCOMMON 00074
___lmul@multiplier                    cstackCOMMON 00070
___lmul@product                       cstackCOMMON 00078
___lwtoft                             text3        01990
___lwtoft@c                           cstackBANK4  00228
___sp                                 stack        00000
__end_of_BlockErase                   text69       01A41
__end_of_BufferShiftBack              text76       01C9A
__end_of_CheckSum_byte                text23       01B24
__end_of_Clock_TRIS                   text16       018BB
__end_of_CloseUSART                   text32       018EE
__end_of_ConfigureOscillator          text34       01956
__end_of_Data_TRIS                    text15       0100B
__end_of_Decode_Scan_Code             text75       01920
__end_of_Decode_Scan_Code_Function    text74       00A51
__end_of_Decode_Scan_Code_FunctionE0  text73       01932
__end_of_Decode_Scan_Code_Shift       text72       01944
__end_of_DisableInternalADC           text8        0186A
__end_of_EvenParityMSG                stringtext   00911
__end_of_ISNUMBER                     text71       018E0
__end_of_InitApp                      text33       019C9
__end_of_InitUART                     text27       01526
__end_of_Init_PS_2_Send               text12       006F8
__end_of_Init_System                  text19       00B65
__end_of_InternalADC_Read             text7        01D1D
__end_of_MarkParityMSG                stringtext   00959
__end_of_NoParityMSG                  stringtext   0093A
__end_of_OddParityMSG                 stringtext   00926
__end_of_OpenUSART                    text31       01CDB
__end_of_PS2RawToScan                 text77       01E48
__end_of_PS_2_DISABLE_INTERRUPT       text17       0197C
__end_of_PS_2_ENABLE_INTERRUPT        text18       018D3
__end_of_PS_2_INIT                    text9        018FD
__end_of_Process_PS2_ScanCode         text43       00688
__end_of_READ_CONFIG_PIN              text42       01863
__end_of_READ_PS_2_PIN                text14       01990
__end_of_ReadBaud                     text24       01085
__end_of_ReadFlash_2Byte              text26       01B84
__end_of_ReadFlash_4Byte              text25       01DFA
__end_of_ReadUSART                    text30       0189A
__end_of_ReadVoltage                  text2        01F9E
__end_of_ResendLast                   text40       00700
__end_of_Reverse_Byte                 text79       01F41
__end_of_ScanCode                     stringtext   007F5
__end_of_ScanCodeFunctionE0           stringtext   008D3
__end_of_ScanCodeFunctionNoE0         stringtext   00784
__end_of_ScanCodeSHIFT                stringtext   00866
__end_of_Send_PS2                     text13       01000
__end_of_SetBaud                      text52       00CDE
__end_of_SpaceParityMSG               stringtext   0094A
__end_of_Timer2Init                   text10       01A6C
__end_of_Timer2OFF                    text39       01834
__end_of_Timer2ON                     text11       0183D
__end_of_Timer2Reset                  text38       01837
__end_of_UART_send_break              text51       0184A
__end_of_UART_send_break_timed        text50       019EE
__end_of_UARTchar                     text22       0114D
__end_of_UARTstringWAIT               text20       01BB5
__end_of_UNLOCK                       text70       018A5
__end_of_Version                      stringtext   0096F
__end_of_VoltageMSG                   stringtext   00966
__end_of_WriteBaud                    text65       01218
__end_of_WriteFlash_Sequential        text66       01441
__end_of___ftdiv                      text5        012C1
__end_of___ftge                       text1        01C59
__end_of___ftmul                      text4        01375
__end_of___ftpack                     text6        011B2
__end_of___lldiv                      text29       01EED
__end_of___llmod                      text64       01D60
__end_of___lmul                       text49       01AF5
__end_of___lwtoft                     text3        019A5
__end_of__initialization              cinit        00124
__end_of_baudUSART                    text28       0187C
__end_of_cleanBuffer                  text48       01023
__end_of_delayUS                      text21       01C1D
__end_of_dpowers                      stringtext   008FB
__end_of_isr                          intentry     000F3
__end_of_main                         maintext     0170A
__end_of_sprintf                      text62       01800
__end_ofi1_CheckSum_byte              text78       01AC6
__end_ofi1_Clock_TRIS                 text47       01886
__end_ofi1_CloseUSART                 text61       018C7
__end_ofi1_Data_TRIS                  text46       01890
__end_ofi1_InitUART                   text57       01615
__end_ofi1_OpenUSART                  text60       01A98
__end_ofi1_PS_2_DISABLE_INTERRUPT     text41       0190E
__end_ofi1_PS_2_ENABLE_INTERRUPT      text37       018B0
__end_ofi1_READ_PS_2_PIN              text45       01969
__end_ofi1_ReadBaud                   text55       02000
__end_ofi1_ReadFlash_2Byte            text68       01A16
__end_ofi1_ReadFlash_4Byte            text56       01DAD
__end_ofi1_ReadUSART                  text59       01873
__end_ofi1_Send_PS2                   text44       00E6C
__end_ofi1_Timer2ON                   text36       0183A
__end_ofi1_UARTchar                   text54       010E8
__end_ofi1_UARTstringWAIT             text53       01B54
__end_ofi1___lldiv                    text63       01E9A
__end_ofi1_baudUSART                  text58       01850
__end_ofi1_delayUS                    text67       01BE8
__initialization                      cinit        000F5
__pbssBANK1                           bssBANK1     000C6
__pbssBANK3                           bssBANK3     001E2
__pbssBANK4                           bssBANK4     00257
__pcstackBANK0                        cstackBANK0  00020
__pcstackBANK1                        cstackBANK1  000A0
__pcstackBANK2                        cstackBANK2  00120
__pcstackBANK3                        cstackBANK3  001A0
__pcstackBANK4                        cstackBANK4  00220
__pcstackCOMMON                       cstackCOMMON 00070
__pdataBANK1                          dataBANK1    000E4
__pdataBANK4                          dataBANK4    00262
__pidataBANK1                         idataBANK1   01841
__pidataBANK4                         idataBANK4   0183D
__pintentry                           intentry     00004
__pmaintext                           maintext     01615
__pstringtext                         stringtext   00700
__ptext1                              text1        01C1D
__ptext10                             text10       01A41
__ptext11                             text11       0183A
__ptext12                             text12       00688
__ptext13                             text13       00E6C
__ptext14                             text14       0197C
__ptext15                             text15       01000
__ptext16                             text16       018B0
__ptext17                             text17       01969
__ptext18                             text18       018C7
__ptext19                             text19       00A51
__ptext2                              text2        01F41
__ptext20                             text20       01B84
__ptext21                             text21       01BE8
__ptext22                             text22       010E8
__ptext23                             text23       01AF5
__ptext24                             text24       01023
__ptext25                             text25       01DAD
__ptext26                             text26       01B54
__ptext27                             text27       01441
__ptext28                             text28       01873
__ptext29                             text29       01E9A
__ptext3                              text3        01990
__ptext30                             text30       01890
__ptext31                             text31       01C9A
__ptext32                             text32       018E0
__ptext33                             text33       019A5
__ptext34                             text34       01944
__ptext36                             text36       01837
__ptext37                             text37       018A5
__ptext38                             text38       01834
__ptext39                             text39       01831
__ptext4                              text4        012C1
__ptext40                             text40       006F8
__ptext41                             text41       018FD
__ptext42                             text42       0185C
__ptext43                             text43       00127
__ptext44                             text44       00CDE
__ptext45                             text45       01956
__ptext46                             text46       01886
__ptext47                             text47       0187C
__ptext48                             text48       0100B
__ptext49                             text49       01AC6
__ptext5                              text5        01218
__ptext50                             text50       019C9
__ptext51                             text51       01845
__ptext52                             text52       00B65
__ptext53                             text53       01B24
__ptext54                             text54       01085
__ptext55                             text55       01F9E
__ptext56                             text56       01D60
__ptext57                             text57       01526
__ptext58                             text58       0184A
__ptext59                             text59       0186A
__ptext6                              text6        0114D
__ptext60                             text60       01A6C
__ptext61                             text61       018BB
__ptext62                             text62       0170A
__ptext63                             text63       01E48
__ptext64                             text64       01D1D
__ptext65                             text65       011B2
__ptext66                             text66       01375
__ptext67                             text67       01BB5
__ptext68                             text68       019EE
__ptext69                             text69       01A16
__ptext7                              text7        01CDB
__ptext70                             text70       0189A
__ptext71                             text71       018D3
__ptext72                             text72       01932
__ptext73                             text73       01920
__ptext74                             text74       00A41
__ptext75                             text75       0190E
__ptext76                             text76       01C59
__ptext77                             text77       01DFA
__ptext78                             text78       01A98
__ptext79                             text79       01EED
__ptext8                              text8        01863
__ptext9                              text9        018EE
__size_of_BlockErase                  (abs)        00000
__size_of_BufferShiftBack             (abs)        00000
__size_of_CheckSum_byte               (abs)        00000
__size_of_Clock_TRIS                  (abs)        00000
__size_of_CloseUSART                  (abs)        00000
__size_of_ConfigureOscillator         (abs)        00000
__size_of_Data_TRIS                   (abs)        00000
__size_of_Decode_Scan_Code            (abs)        00000
__size_of_Decode_Scan_Code_Function   (abs)        00000
__size_of_Decode_Scan_Code_FunctionE0 (abs)        00000
__size_of_Decode_Scan_Code_Shift      (abs)        00000
__size_of_DisableInternalADC          (abs)        00000
__size_of_ISNUMBER                    (abs)        00000
__size_of_InitApp                     (abs)        00000
__size_of_InitUART                    (abs)        00000
__size_of_Init_PS_2_Send              (abs)        00000
__size_of_Init_System                 (abs)        00000
__size_of_InternalADC_Read            (abs)        00000
__size_of_OpenUSART                   (abs)        00000
__size_of_PS2RawToScan                (abs)        00000
__size_of_PS_2_DISABLE_INTERRUPT      (abs)        00000
__size_of_PS_2_ENABLE_INTERRUPT       (abs)        00000
__size_of_PS_2_INIT                   (abs)        00000
__size_of_Process_PS2_ScanCode        (abs)        00000
__size_of_READ_CONFIG_PIN             (abs)        00000
__size_of_READ_PS_2_PIN               (abs)        00000
__size_of_ReadBaud                    (abs)        00000
__size_of_ReadFlash_2Byte             (abs)        00000
__size_of_ReadFlash_4Byte             (abs)        00000
__size_of_ReadUSART                   (abs)        00000
__size_of_ReadVoltage                 (abs)        00000
__size_of_ResendLast                  (abs)        00000
__size_of_Reverse_Byte                (abs)        00000
__size_of_Send_PS2                    (abs)        00000
__size_of_SetBaud                     (abs)        00000
__size_of_Timer2Init                  (abs)        00000
__size_of_Timer2OFF                   (abs)        00000
__size_of_Timer2ON                    (abs)        00000
__size_of_Timer2Reset                 (abs)        00000
__size_of_UART_send_break             (abs)        00000
__size_of_UART_send_break_timed       (abs)        00000
__size_of_UARTchar                    (abs)        00000
__size_of_UARTstringWAIT              (abs)        00000
__size_of_UNLOCK                      (abs)        00000
__size_of_WriteBaud                   (abs)        00000
__size_of_WriteFlash_Sequential       (abs)        00000
__size_of___ftdiv                     (abs)        00000
__size_of___ftge                      (abs)        00000
__size_of___ftmul                     (abs)        00000
__size_of___ftpack                    (abs)        00000
__size_of___lldiv                     (abs)        00000
__size_of___llmod                     (abs)        00000
__size_of___lmul                      (abs)        00000
__size_of___lwtoft                    (abs)        00000
__size_of_baudUSART                   (abs)        00000
__size_of_cleanBuffer                 (abs)        00000
__size_of_delayUS                     (abs)        00000
__size_of_isr                         (abs)        00000
__size_of_main                        (abs)        00000
__size_of_sprintf                     (abs)        00000
__size_ofi1_CheckSum_byte             (abs)        00000
__size_ofi1_Clock_TRIS                (abs)        00000
[...]
 This function calls:
		_UNLOCK
 This function is called by:
		_WriteFlash_Sequential
 This function uses a non-reentrant model


 *************** function _UNLOCK *****************
 Defined at:
		line 76 in file "FLASH.c"
 Parameters:    Size  Location     Type
		None
 Auto vars:     Size  Location     Type
		None
 Return value:  Size  Location     Type
		None               void
 Registers used:
		wreg
 Tracked objects:
		On entry : 
		On exit  : 
		Unchanged: 
 Data sizes:     COMMON   BANK0   BANK1   BANK2   BANK3   BANK4   BANK5   BANK6   BANK7   BANK8   BANK9  BANK10  BANK11  BANK12
      Params:         0       0       0       0       0       0       0       0       0       0       0       0       0       0
      Locals:         0       0       0       0       0       0       0       0       0       0       0       0       0       0
      Temps:          0       0       0       0       0       0       0       0       0       0       0       0       0       0
      Totals:         0       0       0       0       0       0       0       0       0       0       0       0       0       0
Total ram usage:        0 bytes
 Hardware stack levels used:    1
 This function calls:
		Nothing
 This function is called by:
		_BlockErase
		_WriteFlash_Sequential
 This function uses a non-reentrant model


 *************** function _ISNUMBER *****************
 Defined at:
		line 129 in file "MISC.c"
 Parameters:    Size  Location     Type
  ascii           1    wreg     unsigned char 
 Auto vars:     Size  Location     Type
  ascii           1    0[COMMON] unsigned char 
 Return value:  Size  Location     Type
                  1    wreg      unsigned char 
 Registers used:
		wreg
 Tracked objects:
		On entry : 
		On exit  : 
		Unchanged: 
 Data sizes:     COMMON   BANK0   BANK1   BANK2   BANK3   BANK4   BANK5   BANK6   BANK7   BANK8   BANK9  BANK10  BANK11  BANK12
      Params:         0       0       0       0       0       0       0       0       0       0       0       0       0       0
      Locals:         1       0       0       0       0       0       0       0       0       0       0       0       0       0
      Temps:          0       0       0       0       0       0       0       0       0       0       0       0       0       0
      Totals:         1       0       0       0       0       0       0       0       0       0       0       0       0       0
Total ram usage:        1 bytes
 Hardware stack levels used:    1
 This function calls:
		Nothing
 This function is called by:
		_Process_PS2_ScanCode
 This function uses a non-reentrant model


 *************** function _Decode_Scan_Code_Shift *****************
 Defined at:
		line 801 in file "PS_2.c"
 Parameters:    Size  Location     Type
  Code            1    wreg     unsigned char 
 Auto vars:     Size  Location     Type
  Code            1    0[COMMON] unsigned char 
 Return value:  Size  Location     Type
                  1    wreg      unsigned char 
 Registers used:
		wreg, fsr0l, fsr0h, status,2, status,0, pclath
 Tracked objects:
		On entry : 
		On exit  : 
		Unchanged: 
 Data sizes:     COMMON   BANK0   BANK1   BANK2   BANK3   BANK4   BANK5   BANK6   BANK7   BANK8   BANK9  BANK10  BANK11  BANK12
      Params:         0       0       0       0       0       0       0       0       0       0       0       0       0       0
      Locals:         1       0       0       0       0       0       0       0       0       0       0       0       0       0
      Temps:          0       0       0       0       0       0       0       0       0       0       0       0       0       0
      Totals:         1       0       0       0       0       0       0       0       0       0       0       0       0       0
Total ram usage:        1 bytes
 Hardware stack levels used:    1
 This function calls:
		Nothing
 This function is called by:
		_Process_PS2_ScanCode
 This function uses a non-reentrant model


 *************** function _Decode_Scan_Code_FunctionE0 *****************
 Defined at:
		line 820 in file "PS_2.c"
 Parameters:    Size  Location     Type
  Code            1    wreg     unsigned char 
 Auto vars:     Size  Location     Type
  Code            1    0[COMMON] unsigned char 
 Return value:  Size  Location     Type
                  1    wreg      unsigned char 
 Registers used:
		wreg, fsr0l, fsr0h, status,2, status,0, pclath
 Tracked objects:
		On entry : 
		On exit  : 
		Unchanged: 
 Data sizes:     COMMON   BANK0   BANK1   BANK2   BANK3   BANK4   BANK5   BANK6   BANK7   BANK8   BANK9  BANK10  BANK11  BANK12
      Params:         0       0       0       0       0       0       0       0       0       0       0       0       0       0
      Locals:         1       0       0       0       0       0       0       0       0       0       0       0       0       0
      Temps:          0       0       0       0       0       0       0       0       0       0       0       0       0       0
      Totals:         1       0       0       0       0       0       0       0       0       0       0       0       0       0
Total ram usage:        1 bytes
 Hardware stack levels used:    1
 This function calls:
		Nothing
 This function is called by:
		_Process_PS2_ScanCode
 This function uses a non-reentrant model


 *************** function _Decode_Scan_Code_Function *****************
 Defined at:
		line 839 in file "PS_2.c"
 Parameters:    Size  Location     Type
  Code            1    wreg     unsigned char 
 Auto vars:     Size  Location     Type
  Code            1    0[COMMON] unsigned char 
 Return value:  Size  Location     Type
                  1    wreg      unsigned char 
 Registers used:
		wreg, fsr0l, fsr0h, pclath
 Tracked objects:
		On entry : 
		On exit  : 
		Unchanged: 
 Data sizes:     COMMON   BANK0   BANK1   BANK2   BANK3   BANK4   BANK5   BANK6   BANK7   BANK8   BANK9  BANK10  BANK11  BANK12
      Params:         0       0       0       0       0       0       0       0       0       0       0       0       0       0
      Locals:         1       0       0       0       0       0       0       0       0       0       0       0       0       0
      Temps:          0       0       0       0       0       0       0       0       0       0       0       0       0       0
      Totals:         1       0       0       0       0       0       0       0       0       0       0       0       0       0
Total ram usage:        1 bytes
 Hardware stack levels used:    1
 This function calls:
		Nothing
 This function is called by:
		_Process_PS2_ScanCode
 This function uses a non-reentrant model


 *************** function _Decode_Scan_Code *****************
 Defined at:
		line 782 in file "PS_2.c"
 Parameters:    Size  Location     Type
  Code            1    wreg     unsigned char 
 Auto vars:     Size  Location     Type
  Code            1    0[COMMON] unsigned char 
 Return value:  Size  Location     Type
                  1    wreg      unsigned char 
 Registers used:
		wreg, fsr0l, fsr0h, status,2, status,0, pclath
 Tracked objects:
		On entry : 
		On exit  : 
		Unchanged: 
 Data sizes:     COMMON   BANK0   BANK1   BANK2   BANK3   BANK4   BANK5   BANK6   BANK7   BANK8   BANK9  BANK10  BANK11  BANK12
      Params:         0       0       0       0       0       0       0       0       0       0       0       0       0       0
      Locals:         1       0       0       0       0       0       0       0       0       0       0       0       0       0
      Temps:          0       0       0       0       0       0       0       0       0       0       0       0       0       0
      Totals:         1       0       0       0       0       0       0       0       0       0       0       0       0       0
Total ram usage:        1 bytes
 Hardware stack levels used:    1
 This function calls:
		Nothing
 This function is called by:
		_Process_PS2_ScanCode
 This function uses a non-reentrant model


 *************** function _BufferShiftBack *****************
 Defined at:
		line 179 in file "MISC.c"
 Parameters:    Size  Location     Type
  buffer          1    wreg     PTR unsigned char 
		 -> PS_2_ScanCodes(12), 
  shift           1    0[COMMON] unsigned char 
  size            1    1[COMMON] unsigned char 
 Auto vars:     Size  Location     Type
  buffer          1    7[COMMON] PTR unsigned char 
		 -> PS_2_ScanCodes(12), 
  i               1    6[COMMON] unsigned char 
 Return value:  Size  Location     Type
                  1    wreg      unsigned char 
 Registers used:
		wreg, fsr1l, fsr1h, status,2, status,0
 Tracked objects:
		On entry : 
		On exit  : 
		Unchanged: 
 Data sizes:     COMMON   BANK0   BANK1   BANK2   BANK3   BANK4   BANK5   BANK6   BANK7   BANK8   BANK9  BANK10  BANK11  BANK12
      Params:         2       0       0       0       0       0       0       0       0       0       0       0       0       0
      Locals:         2       0       0       0       0       0       0       0       0       0       0       0       0       0
      Temps:          4       0       0       0       0       0       0       0       0       0       0       0       0       0
      Totals:         8       0       0       0       0       0       0       0       0       0       0       0       0       0
Total ram usage:        8 bytes
 Hardware stack levels used:    1
 This function calls:
		Nothing
 This function is called by:
		_Process_PS2_ScanCode
 This function uses a non-reentrant model


 *************** function _PS2RawToScan *****************
 Defined at:
		line 1115 in file "PS_2.c"
 Parameters:    Size  Location     Type
  Raw             2    8[COMMON] unsigned int 
 Auto vars:     Size  Location     Type
  temp            2   10[COMMON] unsigned int 
 Return value:  Size  Location     Type
                  2    8[COMMON] unsigned int 
 Registers used:
		wreg, status,2, status,0, pclath, cstack
 Tracked objects:
		On entry : 
		On exit  : 
		Unchanged: 
 Data sizes:     COMMON   BANK0   BANK1   BANK2   BANK3   BANK4   BANK5   BANK6   BANK7   BANK8   BANK9  BANK10  BANK11  BANK12
      Params:         2       0       0       0       0       0       0       0       0       0       0       0       0       0
      Locals:         2       0       0       0       0       0       0       0       0       0       0       0       0       0
      Temps:          0       9       0       0       0       0       0       0       0       0       0       0       0       0
      Totals:         4       9       0       0       0       0       0       0       0       0       0       0       0       0
Total ram usage:       13 bytes
 Hardware stack levels used:    1
 Hardware stack levels required when called:    1
 This function calls:
		_Reverse_Byte
		i1_CheckSum_byte
 This function is called by:
		_isr
 This function uses a non-reentrant model


 *************** function i1_CheckSum_byte *****************
 Defined at:
		line 71 in file "MISC.c"
 Parameters:    Size  Location     Type
  This            2    0[COMMON] unsigned int 
  Odd_Even        1    2[COMMON] unsigned char 
 Auto vars:     Size  Location     Type
  CheckSum_byt    2    4[COMMON] unsigned int 
  CheckSum_byt    1    7[COMMON] unsigned char 
  CheckSum_byt    1    6[COMMON] unsigned char 
 Return value:  Size  Location     Type
                  1    wreg      unsigned char 
 Registers used:
		wreg, status,2, status,0
 Tracked objects:
		On entry : 
		On exit  : 
		Unchanged: 
 Data sizes:     COMMON   BANK0   BANK1   BANK2   BANK3   BANK4   BANK5   BANK6   BANK7   BANK8   BANK9  BANK10  BANK11  BANK12
      Params:         3       0       0       0       0       0       0       0       0       0       0       0       0       0
      Locals:         4       0       0       0       0       0       0       0       0       0       0       0       0       0
      Temps:          1       0       0       0       0       0       0       0       0       0       0       0       0       0
      Totals:         8       0       0       0       0       0       0       0       0       0       0       0       0       0
Total ram usage:        8 bytes
 Hardware stack levels used:    1
 This function calls:
		Nothing
 This function is called by:
		_PS2RawToScan
		i1_UARTchar
		i1_Send_PS2
 This function uses a non-reentrant model


 *************** function _Reverse_Byte *****************
 Defined at:
		line 108 in file "MISC.c"
 Parameters:    Size  Location     Type
  This            1    wreg     unsigned char 
 Auto vars:     Size  Location     Type
  This            1    3[COMMON] unsigned char 
  temp            1    2[COMMON] unsigned char 
 Return value:  Size  Location     Type
                  1    wreg      unsigned char 
 Registers used:
		wreg, status,2, status,0
 Tracked objects:
		On entry : 
		On exit  : 
		Unchanged: 
 Data sizes:     COMMON   BANK0   BANK1   BANK2   BANK3   BANK4   BANK5   BANK6   BANK7   BANK8   BANK9  BANK10  BANK11  BANK12
      Params:         0       0       0       0       0       0       0       0       0       0       0       0       0       0
      Locals:         2       0       0       0       0       0       0       0       0       0       0       0       0       0
      Temps:          2       0       0       0       0       0       0       0       0       0       0       0       0       0
      Totals:         4       0       0       0       0       0       0       0       0       0       0       0       0       0
Total ram usage:        4 bytes
 Hardware stack levels used:    1
 This function calls:
		Nothing
 This function is called by:
		_PS2RawToScan
 This function uses a non-reentrant model



MODULE INFORMATION

Module		Function		Class		Link	Load	Size
C:\Program Files (x86)\Microchip\xc8\v1.34\sources\common\ftge.c
		___ftge        		CODE           	1C1D	0000	61

C:\Program Files (x86)\Microchip\xc8\v1.34\sources\common\ftge.c estimated size: 61

UART.c
		_OpenUSART     		CODE           	1C9A	0000	66
		_UART_send_brea		CODE           	1845	0000	6
		_InitUART      		CODE           	1441	0000	230
		_UARTstringWAIT		CODE           	1B84	0000	50
		_CloseUSART    		CODE           	18E0	0000	15
		_SetBaud       		CODE           	0B65	0000	378
		_UART_send_brea		CODE           	19C9	0000	38
		_UARTchar      		CODE           	10E8	0000	102
		_baudUSART     		CODE           	1873	0000	10
		_ReadUSART     		CODE           	1890	0000	11

UART.c estimated size: 906

Timer.c
		_Timer2Init    		CODE           	1A41	0000	44
		_Timer2ON      		CODE           	183A	0000	4
		_Timer2OFF     		CODE           	1831	0000	4
		_Timer2Reset   		CODE           	1834	0000	4

Timer.c estimated size: 56

interrupts.c
		_isr           		CODE           	0004	0000	240

interrupts.c estimated size: 240

C:\Program Files (x86)\Microchip\xc8\v1.34\sources\common\Umul32.c
		___lmul        		CODE           	1AC6	0000	48

C:\Program Files (x86)\Microchip\xc8\v1.34\sources\common\Umul32.c estimated size: 48

C:\Program Files (x86)\Microchip\xc8\v1.34\sources\common\float.c
		___ftpack      		CODE           	114D	0000	102

C:\Program Files (x86)\Microchip\xc8\v1.34\sources\common\float.c estimated size: 102

FLASH.c
		_UNLOCK        		CODE           	189A	0000	12
		_ReadBaud      		CODE           	1023	0000	99
		_ReadFlash_2Byt		CODE           	1B54	0000	49
		_ReadFlash_4Byt		CODE           	1DAD	0000	78
		_WriteBaud     		CODE           	11B2	0000	103
		_WriteFlash_Seq		CODE           	1375	0000	205
		_BlockErase    		CODE           	1A16	0000	44

FLASH.c estimated size: 590

C:\Program Files (x86)\Microchip\xc8\v1.34\sources\common\llmod.c
		___llmod       		CODE           	1D1D	0000	68

C:\Program Files (x86)\Microchip\xc8\v1.34\sources\common\llmod.c estimated size: 68

PS_2.c
		_READ_PS_2_PIN 		CODE           	197C	0000	21
		_Decode_Scan_Co		CODE           	190E	0000	19
		_PS_2_INIT     		CODE           	18EE	0000	16
		_PS_2_ENABLE_IN		CODE           	18C7	0000	13
		_Clock_TRIS    		CODE           	18B0	0000	12
		_Decode_Scan_Co		CODE           	0A41	0000	17
		_Decode_Scan_Co		CODE           	1920	0000	19
		_ResendLast    		CODE           	06F8	0000	9
		_PS2RawToScan  		CODE           	1DFA	0000	79
		_Send_PS2      		CODE           	0E6C	0000	405
		_Data_TRIS     		CODE           	1000	0000	12
		_Decode_Scan_Co		CODE           	1932	0000	19
		_Process_PS2_Sc		CODE           	0127	0000	1378
		_PS_2_DISABLE_I		CODE           	1969	0000	20
		_Init_PS_2_Send		CODE           	0688	0000	113

PS_2.c estimated size: 2152

C:\Program Files (x86)\Microchip\xc8\v1.34\sources\common\ftmul.c
		___ftmul       		CODE           	12C1	0000	181

C:\Program Files (x86)\Microchip\xc8\v1.34\sources\common\ftmul.c estimated size: 181

C:\Program Files (x86)\Microchip\xc8\v1.34\sources\common\lwtoft.c
		___lwtoft      		CODE           	1990	0000	22

C:\Program Files (x86)\Microchip\xc8\v1.34\sources\common\lwtoft.c estimated size: 22

C:\Program Files (x86)\Microchip\xc8\v1.34\sources\common\ftdiv.c
		___ftdiv       		CODE           	1218	0000	170

C:\Program Files (x86)\Microchip\xc8\v1.34\sources\common\ftdiv.c estimated size: 170

shared
		i1_PS_2_DISABLE		CODE           	18FD	0000	18
		i1_CloseUSART  		CODE           	18BB	0000	13
		i1_UARTchar    		CODE           	1085	0000	100
		i1_CheckSum_byt		CODE           	1A98	0000	47
		_ScanCodeFuncti		STRCODE        	0866	0000	110
		_ScanCode      		STRCODE        	0784	0000	114
		_dpowers       		STRCODE        	08D3	0000	41
		i1_Timer2ON    		CODE           	1837	0000	4
		i1_baudUSART   		CODE           	184A	0000	7
		_ScanCodeSHIFT 		STRCODE        	07F5	0000	114
		i1_ReadFlash_2B		CODE           	19EE	0000	41
		i1_ReadFlash_4B		CODE           	1D60	0000	78
		i1_ReadBaud    		CODE           	1F9E	0000	99
		i1_OpenUSART   		CODE           	1A6C	0000	45
		_OddParityMSG  		STRCODE        	0911	0000	22
		i1___lldiv     		CODE           	1E48	0000	83
		i1_ReadUSART   		CODE           	186A	0000	10
		i1_READ_PS_2_PI		CODE           	1956	0000	20
		__initializatio		CODE           	00F5	0000	48
		_VoltageMSG    		STRCODE        	0959	0000	14
		_NoParityMSG   		STRCODE        	0926	0000	21
		i1_Send_PS2    		CODE           	0CDE	0000	399
		i1_Data_TRIS   		CODE           	1886	0000	11
		i1_Clock_TRIS  		CODE           	187C	0000	11
		_ScanCodeFuncti		STRCODE        	0700	0000	133
		i1_InitUART    		CODE           	1526	0000	240
		_MarkParityMSG 		STRCODE        	094A	0000	16
		_EvenParityMSG 		STRCODE        	08FB	0000	23
		i1_delayUS     		CODE           	1BB5	0000	52
		_Version       		STRCODE        	0966	0000	10
		_SpaceParityMSG		STRCODE        	093A	0000	17
		i1_PS_2_ENABLE_		CODE           	18A5	0000	12
		i1_UARTstringWA		CODE           	1B24	0000	49

shared estimated size: 2022

ADC.c
		_InternalADC_Re		CODE           	1CDB	0000	67
		_ReadVoltage   		CODE           	1F41	0000	94
		_DisableInterna		CODE           	1863	0000	8

ADC.c estimated size: 169

MISC.c
		_READ_CONFIG_PI		CODE           	185C	0000	8
		_cleanBuffer   		CODE           	100B	0000	25
		_delayUS       		CODE           	1BE8	0000	54
		_CheckSum_byte 		CODE           	1AF5	0000	48
		_Reverse_Byte  		CODE           	1EED	0000	85
		_BufferShiftBac		CODE           	1C59	0000	66
		_ISNUMBER      		CODE           	18D3	0000	14

MISC.c estimated size: 300

C:\Program Files (x86)\Microchip\xc8\v1.34\sources\common\lldiv.c
		___lldiv       		CODE           	1E9A	0000	84

C:\Program Files (x86)\Microchip\xc8\v1.34\sources\common\lldiv.c estimated size: 84

user.c
		_InitApp       		CODE           	19A5	0000	37
		_Init_System   		CODE           	0A51	0000	277

user.c estimated size: 314

C:\Program Files (x86)\Microchip\xc8\v1.34\sources\common\doprnt.c
		_sprintf       		CODE           	170A	0000	247

C:\Program Files (x86)\Microchip\xc8\v1.34\sources\common\doprnt.c estimated size: 247

main.c
		_main          		CODE           	1615	0000	246

main.c estimated size: 246

system.c
		_ConfigureOscil		CODE           	1944	0000	19

system.c estimated size: 19

