Microchip MPLAB XC8 Compiler V1.33 ()

Linker command line:

--edf=C:\Program Files (x86)\Microchip\xc8\v1.33\dat\en_msgs.txt -cs \
  -h+dist/xc8_pic16f1705/debug\PS2_to_UART_PIC.debug.sym \
  --cmf=dist/xc8_pic16f1705/debug\PS2_to_UART_PIC.debug.cmf -z -Q16F1705 \
  -oC:\Users\DWHITF~1.TDY\AppData\Local\Temp\s8j4.6 \
  -Mdist/xc8_pic16f1705/debug/PS2_to_UART_PIC.debug.map -E1 -ver=XC8 \
  -ASTACK=021D1h-0231fh -pstack=STACK -ACONST=00h-0FFhx32 \
  -ACODE=00h-07FFhx4 -ASTRCODE=00h-01FFFh -AENTRY=00h-0FFhx32 \
  -ASTRING=00h-0FFhx32 -ACOMMON=070h-07Fh -ABANK0=020h-06Fh \
  -ABANK1=0A0h-0EFh -ABANK2=0120h-016Fh -ABANK3=01A0h-01EFh \
  -ABANK4=0220h-026Fh -ABANK5=02A0h-02EFh -ABANK6=0320h-036Fh \
  -ABANK7=03A0h-03EFh -ABANK8=0420h-046Fh -ABANK9=04A0h-04EFh \
  -ABANK10=0520h-056Fh -ABANK11=05A0h-05EFh -ABANK12=0620h-064Fh \
  -ABIGRAM=02000h-023EFh \
  -ARAM=020h-06Fh,0A0h-0EFh,0120h-016Fh,01A0h-01EFh,0220h-026Fh,02A0h-02EFh,0320h-036Fh,03A0h-03EFh,0420h-046Fh,04A0h-04EFh,0520h-056Fh,05A0h-05EFh,0620h-064Fh \
  -AABS1=020h-07Fh,0A0h-0EFh,0120h-016Fh,01A0h-01EFh,0220h-026Fh,02A0h-02EFh,0320h-036Fh,03A0h-03EFh,0420h-046Fh,04A0h-04EFh,0520h-056Fh,05A0h-05EFh,0620h-064Fh \
  -ASFR0=00h-01Fh -ASFR1=080h-09Fh -ASFR2=0100h-011Fh -ASFR3=0180h-019Fh \
  -ASFR4=0200h-021Fh -ASFR5=0280h-029Fh -ASFR6=0300h-031Fh \
  -ASFR7=0380h-039Fh -ASFR8=0400h-041Fh -ASFR9=0480h-049Fh \
  -ASFR10=0500h-051Fh -ASFR11=0580h-059Fh -ASFR12=0600h-061Fh \
  -ASFR13=0680h-06EFh -ASFR14=0700h-076Fh -ASFR15=0780h-07EFh \
  -ASFR16=0800h-086Fh -ASFR17=0880h-08EFh -ASFR18=0900h-096Fh \
  -ASFR19=0980h-09EFh -ASFR20=0A00h-0A6Fh -ASFR21=0A80h-0AEFh \
  -ASFR22=0B00h-0B6Fh -ASFR23=0B80h-0BEFh -ASFR24=0C00h-0C6Fh \
  -ASFR25=0C80h-0CEFh -ASFR26=0D00h-0D6Fh -ASFR27=0D80h-0DEFh \
  -ASFR28=0E00h-0E6Fh -ASFR29=0E80h-0EEFh -ASFR30=0F00h-0F6Fh \
  -ASFR31=0F80h-0FEFh -preset_vec=00h,intentry=04h,init,end_init \
  -ppowerup=CODE -pcinit=CODE -pfunctab=CODE -ACONFIG=08007h-08008h \
  -pconfig=CONFIG -DCONFIG=2 -AIDLOC=08000h-08003h -pidloc=IDLOC -DIDLOC=2 \
  -DCODE=2 -DSTRCODE=2 -DSTRING=2 -DCONST=2 -DENTRY=2 -k \
  C:\Users\DWHITF~1.TDY\AppData\Local\Temp\s8j4.obj \
  dist/xc8_pic16f1705/debug\PS2_to_UART_PIC.debug.obj 

Object code version is 3.11

Machine type is 16F1705



                Name                               Link     Load   Length Selector   Space Scale
C:\Users\DWHITF~1.TDY\AppData\Local\Temp\s8j4.obj
                end_init                             E8       E8        2        8       0
                reset_vec                             0        0        3        0       0
                config                             8007     8007        2    1000E       0
dist/xc8_pic16f1705/debug\PS2_to_UART_PIC.debug.obj
                cinit                                EA       EA       39        8       0
                intentry                              4        4       E4        8       0
                text58                             18B2     18B2        7     3164       0
                text57                             1978     1978       13     32F0       0
                text56                             18C0     18C0        9     3180       0
                text55                             1B3D     1B3D       33     367A       0
                text54                             19FD     19FD       25     33FA       0
                text53                             1A49     1A49       30     3492       0
                text52                             1DB7     1DB7       58     3B6E       0
                text50                             1954     1954       12     32A8       0
                text49                             19D9     19D9       24     33B2       0
                text48                              BC5      BC5       1F     178A       0
                text47                             1AA9     1AA9       31     3552       0
                text46                             18DC     18DC        B     31B8       0
                text45                             18E7     18E7        B     31CE       0
                text44                             19C4     19C4       15     3388       0
                text43                             1966     1966       12     32CC       0
                text42                             1002     1002       35     2004       0
                text41                              C69      C69      19F     18D2       0
                text40                             13AC     13AC       F3     2758       0
                text39                             1909     1909        E     3212       0
                text38                             1BA3     1BA3       3F     3746       0
                text37                             18D2     18D2        A     31A4       0
                text36                             1CBA     1CBA       53     3974       0
                text35                             18C9     18C9        9     3192       0
                text34                             11CA     11CA       F0     2394       0
                text33                             1B0B     1B0B       32     3616       0
                text32                             1C69     1C69       51     38D2       0
                text31                             1ECB     1ECB       64     3D96       0
                text30                             1E0F     1E0F       5E     3C1E       0
                text29                             1B70     1B70       33     36E0       0
                text28                             1BE2     1BE2       43     37C4       0
                text27                             149F     149F       F4     293E       0
                text26                             1593     1593      108     2B26       0
                text25                             198B     198B       13     3316       0
                text24                             1943     1943       11     3286       0
                text23                             199E     199E       13     333C       0
                text22                             19B1     19B1       13     3362       0
                text21                             1917     1917        E     322E       0
                text20                             1D0D     1D0D       55     3A1A       0
                text19                             18F2     18F2        B     31E4       0
                text18                             1ADA     1ADA       31     35B4       0
                text17                             12BA     12BA       F2     2574       0
                text16                             1E6D     1E6D       5E     3CDA       0
                text15                             169B     169B      165     2D36       0
                text14                             1A22     1A22       27     3444       0
                text13                             1A79     1A79       30     34F2       0
                text12                              123      123      6C0        8       0
                text11                             1D62     1D62       55     3AC4       0
                text10                             1933     1933       10     3266       0
                text9                              18FD     18FD        C     31FA       0
                text8                              18B9     18B9        7     3172       0
                text7                              1C25     1C25       44     384A       0
                text6                              1F95     1F95       6B     3F2A       0
                text5                              1037     1037       C1     206E       0
                text4                              10F8     10F8       D2     21F0       0
                text3                               7E3      7E3       18        8       0
                text2                               BE4      BE4       85     17C8       0
                text1                              1F2F     1F2F       66     3E5E       0
                maintext                            E08      E08      1F8     1C10       0
                cstackBANK0                          20       20       46       20       1
                cstackCOMMON                         70       70        E       70       1
                cstackBANK1                          A0       A0       48       A0       1
                cstackBANK2                         120      120       3F      120       1
                cstackBANK3                         1AF      1AF        9      1A0       1
                cstackBANK5                         2A0      2A0       41      2A0       1
                inittext                           18A6     18A6        6     314C       0
                clrtext                            18AC     18AC        6     3158       0
                dataBANK4                           220      220        E      220       1
                bssBANK4                            22E      22E        C      220       1
                bssBANK3                            1A0      1A0        F      1A0       1
                dataBANK2                           16E      16E        1      120       1
                bssBANK2                            15F      15F        F      120       1
                dataBANK1                            EB       EB        1       A0       1
                bssBANK1                             E8       E8        3       A0       1
                bssBANK0                             66       66        5       20       1
                stringtext                          800      800      3C5       10       0
                idataBANK4                         1925     1925        E     324A       0
                idataBANK2                          7FC      7FC        1        8       0
                idataBANK1                          7FB      7FB        1        8       0

TOTAL           Name                               Link     Load   Length     Space
        CLASS   STACK          

        CLASS   CONST          

        CLASS   CODE           
                end_init                             E8       E8        2         0
                cinit                                EA       EA       39         0
                intentry                              4        4       E4         0
                reset_vec                             0        0        3         0
                text58                             18B2     18B2        7         0
                text57                             1978     1978       13         0
                text56                             18C0     18C0        9         0
                text55                             1B3D     1B3D       33         0
                text54                             19FD     19FD       25         0
                text53                             1A49     1A49       30         0
                text52                             1DB7     1DB7       58         0
                text50                             1954     1954       12         0
                text49                             19D9     19D9       24         0
                text48                              BC5      BC5       1F         0
                text47                             1AA9     1AA9       31         0
                text46                             18DC     18DC        B         0
                text45                             18E7     18E7        B         0
                text44                             19C4     19C4       15         0
                text43                             1966     1966       12         0
                text42                             1002     1002       35         0
                text41                              C69      C69      19F         0
                text40                             13AC     13AC       F3         0
                text39                             1909     1909        E         0
                text38                             1BA3     1BA3       3F         0
                text37                             18D2     18D2        A         0
                text36                             1CBA     1CBA       53         0
                text35                             18C9     18C9        9         0
                text34                             11CA     11CA       F0         0
                text33                             1B0B     1B0B       32         0
                text32                             1C69     1C69       51         0
                text31                             1ECB     1ECB       64         0
                text30                             1E0F     1E0F       5E         0
                text29                             1B70     1B70       33         0
                text28                             1BE2     1BE2       43         0
                text27                             149F     149F       F4         0
                text26                             1593     1593      108         0
                text25                             198B     198B       13         0
                text24                             1943     1943       11         0
                text23                             199E     199E       13         0
                text22                             19B1     19B1       13         0
                text21                             1917     1917        E         0
                text20                             1D0D     1D0D       55         0
                text19                             18F2     18F2        B         0
                text18                             1ADA     1ADA       31         0
                text17                             12BA     12BA       F2         0
                text16                             1E6D     1E6D       5E         0
                text15                             169B     169B      165         0
                text14                             1A22     1A22       27         0
                text13                             1A79     1A79       30         0
                text12                              123      123      6C0         0
                text11                             1D62     1D62       55         0
                text10                             1933     1933       10         0
                text9                              18FD     18FD        C         0
                text8                              18B9     18B9        7         0
                text7                              1C25     1C25       44         0
                text6                              1F95     1F95       6B         0
                text5                              1037     1037       C1         0
                text4                              10F8     10F8       D2         0
                text3                               7E3      7E3       18         0
                text2                               BE4      BE4       85         0
                text1                              1F2F     1F2F       66         0
                maintext                            E08      E08      1F8         0
                inittext                           18A6     18A6        6         0
                clrtext                            18AC     18AC        6         0
                idataBANK4                         1925     1925        E         0
                idataBANK2                          7FC      7FC        1         0
                idataBANK1                          7FB      7FB        1         0

        CLASS   STRCODE        
                stringtext                          800      800      3C5         0

        CLASS   ENTRY          

        CLASS   STRING         

        CLASS   COMMON         
                cstackCOMMON                         70       70        E         1

        CLASS   BANK0          
                cstackBANK0                          20       20       46         1
                bssBANK0                             66       66        5         1

        CLASS   BANK1          
                cstackBANK1                          A0       A0       48         1
                dataBANK1                            EB       EB        1         1
                bssBANK1                             E8       E8        3         1

        CLASS   BANK2          
                cstackBANK2                         120      120       3F         1
                dataBANK2                           16E      16E        1         1
                bssBANK2                            15F      15F        F         1

        CLASS   BANK3          
                cstackBANK3                         1AF      1AF        9         1
                bssBANK3                            1A0      1A0        F         1

        CLASS   BANK4          
                dataBANK4                           220      220        E         1
                bssBANK4                            22E      22E        C         1

        CLASS   BANK5          
                cstackBANK5                         2A0      2A0       41         1

        CLASS   BANK6          

        CLASS   BANK7          

        CLASS   BANK8          

        CLASS   BANK9          

        CLASS   BANK10         

        CLASS   BANK11         

        CLASS   BANK12         

        CLASS   BIGRAM         

        CLASS   RAM            

        CLASS   ABS1           
                abs_s1                               7E       7E        2         1

        CLASS   SFR0           

        CLASS   SFR1           

        CLASS   SFR2           

        CLASS   SFR3           

        CLASS   SFR4           

        CLASS   SFR5           

        CLASS   SFR6           

        CLASS   SFR7           

        CLASS   SFR8           

        CLASS   SFR9           

        CLASS   SFR10          

        CLASS   SFR11          

        CLASS   SFR12          

        CLASS   SFR13          

        CLASS   SFR14          

        CLASS   SFR15          

        CLASS   SFR16          

        CLASS   SFR17          

        CLASS   SFR18          

        CLASS   SFR19          

        CLASS   SFR20          

        CLASS   SFR21          

        CLASS   SFR22          

        CLASS   SFR23          

        CLASS   SFR24          

        CLASS   SFR25          

        CLASS   SFR26          

        CLASS   SFR27          

        CLASS   SFR28          

        CLASS   SFR29          

        CLASS   SFR30          

        CLASS   SFR31          

        CLASS   CONFIG         
                config                             8007     8007        2         0

        CLASS   IDLOC          

        CLASS   BANK31         

        CLASS   BANK30         

        CLASS   BANK29         

        CLASS   BANK28         

        CLASS   BANK27         

        CLASS   BANK26         

        CLASS   BANK25         

        CLASS   BANK24         

        CLASS   BANK23         

        CLASS   BANK22         

        CLASS   BANK21         

        CLASS   BANK20         

        CLASS   BANK19         

        CLASS   BANK18         

        CLASS   BANK17         

        CLASS   BANK16         

        CLASS   BANK15         

        CLASS   BANK14         

        CLASS   BANK13         

        CLASS   EEDATA         



SEGMENTS        Name                           Load    Length   Top    Selector   Space  Class     Delta

                reset_vec                      000000  000003  000003         0       0  CODE        2
                intentry                       000004  0007F9  0007FD         8       0  CODE        2
                cstackBANK0                    000020  00004B  00006B        20       1  BANK0       1
                cstackCOMMON                   000070  00000E  00007E        70       1  COMMON      1
                cstackBANK1                    0000A0  00004C  0000EC        A0       1  BANK1       1
                cstackBANK2                    000120  00004F  00016F       120       1  BANK2       1
                bssBANK3                       0001A0  000018  0001B8       1A0       1  BANK3       1
                dataBANK4                      000220  00001A  00023A       220       1  BANK4       1
                cstackBANK5                    0002A0  000041  0002E1       2A0       1  BANK5       1
                stringtext                     000800  0003C5  000BC5        10       0  STRCODE     2
                text48                         000BC5  00001F  000BE4      178A       0  CODE        2
                text2                          000BE4  000085  000C69      17C8       0  CODE        2
                text41                         000C69  00019F  000E08      18D2       0  CODE        2
                maintext                       000E08  0001F8  001000      1C10       0  CODE        2
                text42                         001002  000035  001037      2004       0  CODE        2
                text5                          001037  0000C1  0010F8      206E       0  CODE        2
                text4                          0010F8  0000D2  0011CA      21F0       0  CODE        2
                text34                         0011CA  0000F0  0012BA      2394       0  CODE        2
                text17                         0012BA  0000F2  0013AC      2574       0  CODE        2
                text40                         0013AC  0000F3  00149F      2758       0  CODE        2
                text27                         00149F  0000F4  001593      293E       0  CODE        2
                text26                         001593  000108  00169B      2B26       0  CODE        2
                text15                         00169B  000165  001800      2D36       0  CODE        2
                inittext                       0018A6  000006  0018AC      314C       0  CODE        2
                clrtext                        0018AC  000006  0018B2      3158       0  CODE        2
                text58                         0018B2  000007  0018B9      3164       0  CODE        2
                text8                          0018B9  000007  0018C0      3172       0  CODE        2
                text56                         0018C0  000009  0018C9      3180       0  CODE        2
                text35                         0018C9  000009  0018D2      3192       0  CODE        2
                text37                         0018D2  00000A  0018DC      31A4       0  CODE        2
                text46                         0018DC  00000B  0018E7      31B8       0  CODE        2
                text45                         0018E7  00000B  0018F2      31CE       0  CODE        2
                text19                         0018F2  00000B  0018FD      31E4       0  CODE        2
                text9                          0018FD  00000C  001909      31FA       0  CODE        2
                text39                         001909  00000E  001917      3212       0  CODE        2
                text21                         001917  00000E  001925      322E       0  CODE        2
                idataBANK4                     001925  00000E  001933      324A       0  CODE        2
                text10                         001933  000010  001943      3266       0  CODE        2
                text24                         001943  000011  001954      3286       0  CODE        2
                text50                         001954  000012  001966      32A8       0  CODE        2
                text43                         001966  000012  001978      32CC       0  CODE        2
                text57                         001978  000013  00198B      32F0       0  CODE        2
                text25                         00198B  000013  00199E      3316       0  CODE        2
                text23                         00199E  000013  0019B1      333C       0  CODE        2
                text22                         0019B1  000013  0019C4      3362       0  CODE        2
                text44                         0019C4  000015  0019D9      3388       0  CODE        2
                text49                         0019D9  000024  0019FD      33B2       0  CODE        2
                text54                         0019FD  000025  001A22      33FA       0  CODE        2
                text14                         001A22  000027  001A49      3444       0  CODE        2
                text53                         001A49  000030  001A79      3492       0  CODE        2
                text13                         001A79  000030  001AA9      34F2       0  CODE        2
                text47                         001AA9  000031  001ADA      3552       0  CODE        2
                text18                         001ADA  000031  001B0B      35B4       0  CODE        2
                text33                         001B0B  000032  001B3D      3616       0  CODE        2
                text55                         001B3D  000033  001B70      367A       0  CODE        2
                text29                         001B70  000033  001BA3      36E0       0  CODE        2
                text38                         001BA3  00003F  001BE2      3746       0  CODE        2
                text28                         001BE2  000043  001C25      37C4       0  CODE        2
                text7                          001C25  000044  001C69      384A       0  CODE        2
                text32                         001C69  000051  001CBA      38D2       0  CODE        2
                text36                         001CBA  000053  001D0D      3974       0  CODE        2
                text20                         001D0D  000055  001D62      3A1A       0  CODE        2
                text11                         001D62  000055  001DB7      3AC4       0  CODE        2
                text52                         001DB7  000058  001E0F      3B6E       0  CODE        2
                text30                         001E0F  00005E  001E6D      3C1E       0  CODE        2
                text16                         001E6D  00005E  001ECB      3CDA       0  CODE        2
                text31                         001ECB  000064  001F2F      3D96       0  CODE        2
                text1                          001F2F  000066  001F95      3E5E       0  CODE        2
                text6                          001F95  00006B  002000      3F2A       0  CODE        2
                config                         008007  000002  008009     1000E       0  CONFIG      2


UNUSED ADDRESS RANGES

        Name                Unused          Largest block    Delta
        BANK0            0006B-0006F               5           1
        BANK1            000EC-000EF               4           1
        BANK10           00520-0056F              50           1
        BANK11           005A0-005EF              50           1
        BANK12           00620-0064F              30           1
        BANK2            0016F-0016F               1           1
        BANK3            001B8-001EF              38           1
        BANK4            0023A-0026F              36           1
        BANK5            002E1-002EF               F           1
        BANK6            00320-0036F              50           1
        BANK7            003A0-003EF              50           1
        BANK8            00420-0046F              50           1
        BANK9            004A0-004EF              50           1
        BIGRAM           02000-023EF             3F0           1
        CODE             00003-00003               1           2
                         007FD-007FF               3
                         01000-01001               2
                         01800-018A5              A6
        CONST            00003-00003               1           2
                         007FD-007FF               3
                         01000-01001               2
                         01800-018A5              A6
        ENTRY            00003-00003               1           2
                         007FD-007FF               3
                         01000-01001               2
                         01800-018A5              A6
        IDLOC            08000-08003               4           2
        RAM              0006B-0006F               5           1
                         000EC-000EF               4
                         0016F-0016F               1
                         001B8-001EF              38
                         0023A-0026F              36
                         002E1-002EF               F
                         00320-0036F              50
                         003A0-003EF              50
                         00420-0046F              50
                         004A0-004EF              50
                         00520-0056F              50
                         005A0-005EF              50
                         00620-0064F              30
        SFR0             00000-0001F              20           1
        SFR1             00080-0009F              20           1
        SFR10            00500-0051F              20           1
        SFR11            00580-0059F              20           1
        SFR12            00600-0061F              20           1
        SFR13            00680-006EF              70           1
        SFR14            00700-0076F              70           1
        SFR15            00780-007EF              70           1
        SFR16            00800-0086F              70           1
        SFR17            00880-008EF              70           1
        SFR18            00900-0096F              70           1
        SFR19            00980-009EF              70           1
        SFR2             00100-0011F              20           1
        SFR20            00A00-00A6F              70           1
        SFR21            00A80-00AEF              70           1
        SFR22            00B00-00B6F              70           1
        SFR23            00B80-00BEF              70           1
        SFR24            00C00-00C6F              70           1
        SFR25            00C80-00CEF              70           1
        SFR26            00D00-00D6F              70           1
        SFR27            00D80-00DEF              70           1
        SFR28            00E00-00E6F              70           1
        SFR29            00E80-00EEF              70           1
        SFR3             00180-0019F              20           1
        SFR30            00F00-00F6F              70           1
        SFR31            00F80-00FEF              70           1
        SFR4             00200-0021F              20           1
        SFR5             00280-0029F              20           1
        SFR6             00300-0031F              20           1
        SFR7             00380-0039F              20           1
        SFR8             00400-0041F              20           1
        SFR9             00480-0049F              20           1
        STACK            021D1-0231F             14F           1
        STRCODE          00003-00003               1           2
                         007FD-007FF               3
                         01000-01001               2
                         01800-018A5              A6
        STRING           00003-00003               1           2
                         007FD-007FF               3
                         01000-01001               2
                         01800-018A5              A6

                                  Symbol Table

?_InternalADC_Read                    cstackBANK0  0002F
?_ReadBaud                            cstackBANK0  00037
?_ReadFlash_2Byte                     cstackBANK0  00025
?_ReadFlash_4Byte                     cstackBANK0  0002A
?_ReadVoltage                         cstackBANK0  0005C
?___fldiv                             cstackBANK0  00034
?___flmul                             cstackBANK0  00048
?___flpack                            cstackBANK0  00025
?___lldiv                             cstackBANK0  00025
?___llmod                             cstackBANK0  00033
?___lmul                              cstackBANK0  00025
?___lwtofl                            cstackBANK0  0002F
?_sprintf                             cstackBANK0  0003D
BlockErase@row                        cstackBANK0  00025
CheckSum_byte@Odd_Even                cstackBANK0  00027
CheckSum_byte@Parity                  cstackBANK0  0002B
CheckSum_byte@This                    cstackBANK0  00025
CheckSum_byte@ThisTemp                cstackBANK0  00029
CheckSum_byte@i                       cstackBANK0  0002C
Clock_TRIS@direction                  cstackBANK0  00025
Data_TRIS@direction                   cstackBANK0  00025
Decode_Scan_Code@Code                 cstackBANK0  00025
Decode_Scan_Code_Function@Code        cstackBANK0  00025
Decode_Scan_Code_FunctionE0@Code      cstackBANK0  00025
Decode_Scan_Code_Shift@Code           cstackBANK0  00025
INIT_PS_2_INTERRUPT@DATA_CLK          cstackBANK0  00025
ISNUMBER@ascii                        cstackBANK0  00025
InitUART@Baud                         cstackBANK0  00033
InitUART@baudconfig                   cstackBANK0  00042
InitUART@config                       cstackBANK0  00043
InitUART@parity                       cstackBANK0  00037
InitUART@spbrg                        cstackBANK0  00040
InitUART@temp                         cstackBANK0  00044
Init_System@Baud                      cstackBANK1  000E1
Init_System@Parity                    cstackBANK1  000E0
Init_System@buf                       cstackBANK1  000A0
Init_System@temp                      cstackBANK1  000DC
InternalADC_Read@channel              cstackBANK0  00033
Keyboard_Connected@i                  cstackBANK0  00061
OpenUSART@config                      cstackBANK0  00027
OpenUSART@spbrg                       cstackBANK0  00025
PS_2_DISABLE_INTERRUPT@DATA_CLK       cstackBANK0  00026
PS_2_ENABLE_INTERRUPT@DATA_CLK        cstackBANK0  00026
PS_2_Update@buf                       cstackBANK5  002A0
PS_2_Update@temp                      cstackBANK5  002E0
READ_PS_2_PIN@DATA_CLK                cstackBANK0  00025
ReadBaud@column                       cstackBANK0  00039
ReadBaud@row                          cstackBANK0  00037
ReadBaud@temp                         cstackBANK0  00043
ReadFlash_2Byte@column                cstackBANK0  00027
ReadFlash_2Byte@row                   cstackBANK0  00025
ReadFlash_4Byte@column                cstackBANK0  0002C
ReadFlash_4Byte@row                   cstackBANK0  0002A
ReadFlash_4Byte@temp                  cstackBANK0  00033
ReadUSART@data                        cstackBANK0  00026
ReadVoltage@temp                      cstackBANK1  000A4
ReadVoltage@voltage                   cstackBANK1  000A0
Reverse_Byte@This                     cstackBANK0  00028
Reverse_Byte@temp                     cstackBANK0  00027
Send_PS2@command                      cstackBANK0  00034
Send_PS2@i                            cstackBANK0  00035
Send_PS2@oddparity                    cstackBANK0  00033
Send_PS2@timeout                      cstackBANK0  00036
SetBaud@Baud                          cstackBANK0  00054
SetBaud@Baudtemp                      cstackBANK2  00152
SetBaud@Parity                        cstackBANK0  00058
SetBaud@Paritytemp                    cstackBANK2  00156
SetBaud@buf                           cstackBANK2  00120
SetBaud@i                             cstackBANK2  0015E
SetBaud@temp                          cstackBANK2  0015A
UART_send_break_timed@US              cstackBANK0  0002F
UARTchar@NinethBit_override_data      cstackBANK0  0002E
UARTchar@data                         cstackBANK0  00033
UARTchar@override                     cstackBANK0  0002D
UARTstringWAIT@data                   cstackBANK0  00034
WriteBaud@Baud                        cstackBANK0  00038
WriteBaud@Parity                      cstackBANK0  0003C
WriteBaud@row                         cstackBANK0  00036
WriteBaud@temp                        cstackBANK0  00045
WriteFlash_Sequential@TempBufH        cstackBANK1  000A0
WriteFlash_Sequential@TempBufL        cstackBANK1  000C0
WriteFlash_Sequential@amount          cstackBANK0  00032
WriteFlash_Sequential@amountTemp      cstackBANK1  000E2
WriteFlash_Sequential@buffer          cstackBANK0  00031
WriteFlash_Sequential@i               cstackBANK1  000E6
WriteFlash_Sequential@row             cstackBANK0  0002F
WriteFlash_Sequential@spaces          cstackBANK1  000E5
WriteFlash_Sequential@temp            cstackBANK1  000E3
WriteFlash_Sequential@tempH           cstackBANK1  000E0
WriteFlash_Sequential@tempL           cstackBANK1  000E1
_ADCON0                               (abs)        0009D
_ADCON1                               (abs)        0009E
_ADCON2                               (abs)        0009F
_ADRESH                               (abs)        0009C
_ADRESL                               (abs)        0009B
_ANSELA                               (abs)        0018C
_ANSELC                               (abs)        0018E
_Alarm                                bssBANK1     000E8
_BAUD                                 dataBANK4    00220
_BAUD1CON                             (abs)        0019F
_BAUDMODE                             bssBANK2     00163
_BatteryVoltage                       bssBANK2     0015F
_BaudTyped                            bssBANK0     00066
_BlockErase                           text18       01ADA
_CCP2CONbits                          (abs)        0029A
_CKPPS                                (abs)        00E25
_CapsCount                            bssBANK3     001A8
_Caps_Lock                            bssBANK3     001A9
_Caps_Lock_Key                        bssBANK2     00164
_Caps_Lock_Key_old                    bssBANK2     00165
_CheckSum_byte                        text47       01AA9
_Clock_TRIS                           text46       018DC
_CloseUSART                           text39       01909
_ConfigureOscillator                  text50       01954
_Data_TRIS                            text45       018E7
_Decode_Scan_Code                     text25       0198B
_Decode_Scan_Code_Function            text24       01943
_Decode_Scan_Code_FunctionE0          text23       0199E
_Decode_Scan_Code_Shift               text22       019B1
_Delete                               bssBANK2     00166
_DisableInternalADC                   text8        018B9
_ECHO                                 bssBANK1     000E9
_FVRCON                               (abs)        00117
_HFIOFS                               (abs)        004D0
_INIT_PS_2_INTERRUPT                  text10       01933
_INTCON                               (abs)        0000B
_INTCONbits                           (abs)        0000B
_IOCAF                                (abs)        00393
_IOCAN                                (abs)        00392
_IOCAP                                (abs)        00391
_ISNUMBER                             text21       01917
_InitApp                              text49       019D9
_InitUART                             text34       011CA
_Init_PS_2_Send                       text40       013AC
_Init_System                          text26       01593
_InternalADC_Read                     text7        01C25
_Keyboard_Connected                   text11       01D62
_LALT                                 bssBANK2     00167
_LATA                                 (abs)        0010C
_LATC                                 (abs)        0010E
_LControl                             bssBANK2     00168
_Left_Shift_Key                       bssBANK3     001AA
_Left_Shift_Key_old                   bssBANK2     00169
_MEM                                  dataBANK4    00226
_No_Keyboard                          dataBANK1    000EB
_No_Keyboard_old                      dataBANK2    0016E
_OPTION_REGbits                       (abs)        00095
_OSCCON                               (abs)        00099
_OSCSTAT                              (abs)        0009A
_OpenUSART                            text38       01BA3
_PARITY                               bssBANK1     000EA
_PIE1                                 (abs)        00091
_PIE1bits                             (abs)        00091
_PIR1bits                             (abs)        00011
_PMADRH                               (abs)        00192
_PMADRL                               (abs)        00191
_PMCON1                               (abs)        00195
_PMCON2                               (abs)        00196
_PMDATH                               (abs)        00194
_PMDATL                               (abs)        00193
_PORTA                                (abs)        0000C
_PORTC                                (abs)        0000E
_PPSLOCK                              (abs)        00E0F
_PR2                                  (abs)        0001B
_PS_2_DISABLE_INTERRUPT               text48       00BC5
_PS_2_ENABLE_INTERRUPT                text44       019C4
_PS_2_INIT                            text9        018FD
_PS_2_Read_Data_First                 bssBANK3     001A0
_PS_2_Read_Data_FirstTEMP             bssBANK4     0022E
_PS_2_Read_Data_Forth                 bssBANK3     001A2
_PS_2_Read_Data_ForthTEMP             bssBANK4     00230
_PS_2_Read_Data_Second                bssBANK3     001A4
_PS_2_Read_Data_SecondTEMP            bssBANK4     00232
_PS_2_Read_Data_Third                 bssBANK3     001A6
_PS_2_Read_Data_ThirdTEMP             bssBANK4     00234
_PS_2_Update                          text12       00123
_PS_2_Update$830                      cstackBANK5  002DC
_PS_2_Update$831                      cstackBANK5  002DD
_PS_2_Update$832                      cstackBANK5  002DE
_PS_2_Update$833                      cstackBANK5  002DF
_PS_2_bits                            bssBANK0     0006A
_ParityTyped                          bssBANK3     001AB
_RALT                                 bssBANK3     001AC
_RC1STA                               (abs)        0019D
_RC1STAbits                           (abs)        0019D
_RC2PPS                               (abs)        00EA2
_RCREG                                (abs)        00199
_RCSTA                                (abs)        0019D
_RCSTAbits                            (abs)        0019D
_RControl                             bssBANK2     0016A
_READ_CONFIG_PIN                      text58       018B2
_READ_PS_2_PIN                        text43       01966
_RXPPS                                (abs)        00E24
_ReadBaud                             text31       01ECB
_ReadFlash_2Byte                      text33       01B0B
_ReadFlash_4Byte                      text32       01C69
_ReadUSART                            text37       018D2
_ReadVoltage                          text2        00BE4
_Read_Timer                           dataBANK4    00224
_Reverse_Byte                         text20       01D0D
_Right_Shift_Key                      bssBANK3     001AD
_Right_Shift_Key_old                  bssBANK2     0016B
_SPBRG                                (abs)        0019B
_SPBRGH                               (abs)        0019C
_ScanCode                             stringtext   00884
_ScanCodeFunctionE0                   stringtext   00966
_ScanCodeFunctionNoE0                 stringtext   00800
_ScanCodeSHIFT                        stringtext   008F5
_Send_PS2                             text41       00C69
_SetBaud                              text15       0169B
_Shift_Key                            bssBANK3     001AE
_SinLEDtimer                          bssBANK4     00236
_T2CON                                (abs)        0001C
_T2CONbits                            (abs)        0001C
_TRISAbits                            (abs)        0008C
_TRISCbits                            (abs)        0008E
_TX1STA                               (abs)        0019E
_TX1STAbits                           (abs)        0019E
_TXREG                                (abs)        0019A
_TXSTAbits                            (abs)        0019E
_UART_send_break_timed                text14       01A22
_UARTchar                             text30       01E0F
_UARTstringWAIT                       text29       01B70
_UNLOCK                               text19       018F2
_Version                              dataBANK4    0022A
_WPUA                                 (abs)        0020C
_WPUC                                 (abs)        0020E
_WriteBaud                            text16       01E6D
_WriteFlash_Sequential                text17       012BA
__CFG_BOREN$ON                        (abs)        00000
__CFG_BORV$LO                         (abs)        00000
__CFG_CLKOUTEN$OFF                    (abs)        00000
__CFG_CP$OFF                          (abs)        00000
__CFG_FCMEN$OFF                       (abs)        00000
__CFG_FOSC$INTOSC                     (abs)        00000
__CFG_IESO$OFF                        (abs)        00000
__CFG_LPBOR$OFF                       (abs)        00000
__CFG_LVP$ON                          (abs)        00000
__CFG_MCLRE$ON                        (abs)        00000
__CFG_PLLEN$OFF                       (abs)        00000
__CFG_PPS1WAY$OFF                     (abs)        00000
__CFG_PWRTE$OFF                       (abs)        00000
__CFG_STVREN$ON                       (abs)        00000
__CFG_WDTE$OFF                        (abs)        00000
__CFG_WRT$OFF                         (abs)        00000
__CFG_ZCDDIS$ON                       (abs)        00000
__Habs1                               abs1         00000
__Hbank0                              bank0        00000
__Hbank1                              bank1        00000
__Hbank10                             bank10       00000
__Hbank11                             bank11       00000
__Hbank12                             bank12       00000
__Hbank13                             bank13       00000
__Hbank14                             bank14       00000
__Hbank15                             bank15       00000
__Hbank16                             bank16       00000
__Hbank17                             bank17       00000
__Hbank18                             bank18       00000
__Hbank19                             bank19       00000
__Hbank2                              bank2        00000
__Hbank20                             bank20       00000
__Hbank21                             bank21       00000
__Hbank22                             bank22       00000
__Hbank23                             bank23       00000
__Hbank24                             bank24       00000
__Hbank25                             bank25       00000
__Hbank26                             bank26       00000
__Hbank27                             bank27       00000
__Hbank28                             bank28       00000
__Hbank29                             bank29       00000
__Hbank3                              bank3        00000
__Hbank30                             bank30       00000
__Hbank31                             bank31       00000
__Hbank4                              bank4        00000
__Hbank5                              bank5        00000
__Hbank6                              bank6        00000
__Hbank7                              bank7        00000
__Hbank8                              bank8        00000
__Hbank9                              bank9        00000
__Hbigram                             bigram       00000
__HbssBANK0                           bssBANK0     00000
__HbssBANK1                           bssBANK1     00000
__HbssBANK2                           bssBANK2     00000
__HbssBANK3                           bssBANK3     00000
__HbssBANK4                           bssBANK4     00000
__Hcinit                              cinit        00123
__Hclrtext                            clrtext      00000
__Hcode                               code         00000
__Hcommon                             common       00000
__Hconfig                             config       08009
__HcstackBANK0                        cstackBANK0  00000
__HcstackBANK1                        cstackBANK1  00000
__HcstackBANK2                        cstackBANK2  00000
__HcstackBANK3                        cstackBANK3  00000
__HcstackBANK5                        cstackBANK5  00000
__HcstackCOMMON                       cstackCOMMON 00000
__HdataBANK1                          dataBANK1    00000
__HdataBANK2                          dataBANK2    00000
__HdataBANK4                          dataBANK4    00000
__Heeprom_data                        eeprom_data  00000
__Hend_init                           end_init     000EA
__Hfunctab                            functab      00000
__HidataBANK1                         idataBANK1   00000
__HidataBANK2                         idataBANK2   00000
__HidataBANK4                         idataBANK4   00000
__Hidloc                              idloc        00000
__Hinit                               init         000E8
__Hinittext                           inittext     00000
__Hintentry                           intentry     000E8
__Hmaintext                           maintext     00000
__Hpowerup                            powerup      00000
__Hram                                ram          00000
__Hreset_vec                          reset_vec    00003
__Hsfr0                               sfr0         00000
__Hsfr1                               sfr1         00000
__Hsfr10                              sfr10        00000
__Hsfr11                              sfr11        00000
__Hsfr12                              sfr12        00000
__Hsfr13                              sfr13        00000
__Hsfr14                              sfr14        00000
__Hsfr15                              sfr15        00000
__Hsfr16                              sfr16        00000
__Hsfr17                              sfr17        00000
__Hsfr18                              sfr18        00000
__Hsfr19                              sfr19        00000
__Hsfr2                               sfr2         00000
__Hsfr20                              sfr20        00000
__Hsfr21                              sfr21        00000
__Hsfr22                              sfr22        00000
__Hsfr23                              sfr23        00000
__Hsfr24                              sfr24        00000
__Hsfr25                              sfr25        00000
__Hsfr26                              sfr26        00000
__Hsfr27                              sfr27        00000
__Hsfr28                              sfr28        00000
__Hsfr29                              sfr29        00000
__Hsfr3                               sfr3         00000
__Hsfr30                              sfr30        00000
__Hsfr31                              sfr31        00000
__Hsfr4                               sfr4         00000
__Hsfr5                               sfr5         00000
__Hsfr6                               sfr6         00000
__Hsfr7                               sfr7         00000
__Hsfr8                               sfr8         00000
__Hsfr9                               sfr9         00000
__Hspace_0                            (abs)        08009
__Hspace_1                            (abs)        002E1
__Hspace_2                            (abs)        00000
__Hspace_3                            (abs)        00000
__Hstack                              stack        00000
__Hstrings                            strings      00000
__Hstringtext                         stringtext   00000
__Htext                               text         00000
__Labs1                               abs1         00000
__Lbank0                              bank0        00000
__Lbank1                              bank1        00000
__Lbank10                             bank10       00000
__Lbank11                             bank11       00000
__Lbank12                             bank12       00000
__Lbank13                             bank13       00000
__Lbank14                             bank14       00000
__Lbank15                             bank15       00000
__Lbank16                             bank16       00000
__Lbank17                             bank17       00000
__Lbank18                             bank18       00000
__Lbank19                             bank19       00000
__Lbank2                              bank2        00000
__Lbank20                             bank20       00000
__Lbank21                             bank21       00000
__Lbank22                             bank22       00000
__Lbank23                             bank23       00000
__Lbank24                             bank24       00000
__Lbank25                             bank25       00000
__Lbank26                             bank26       00000
__Lbank27                             bank27       00000
__Lbank28                             bank28       00000
__Lbank29                             bank29       00000
__Lbank3                              bank3        00000
__Lbank30                             bank30       00000
__Lbank31                             bank31       00000
__Lbank4                              bank4        00000
__Lbank5                              bank5        00000
__Lbank6                              bank6        00000
__Lbank7                              bank7        00000
__Lbank8                              bank8        00000
__Lbank9                              bank9        00000
__Lbigram                             bigram       00000
__LbssBANK0                           bssBANK0     00000
__LbssBANK1                           bssBANK1     00000
__LbssBANK2                           bssBANK2     00000
__LbssBANK3                           bssBANK3     00000
__LbssBANK4                           bssBANK4     00000
__Lcinit                              cinit        000EA
__Lclrtext                            clrtext      00000
__Lcode                               code         00000
__Lcommon                             common       00000
__Lconfig                             config       08007
__LcstackBANK0                        cstackBANK0  00000
__LcstackBANK1                        cstackBANK1  00000
__LcstackBANK2                        cstackBANK2  00000
__LcstackBANK3                        cstackBANK3  00000
__LcstackBANK5                        cstackBANK5  00000
__LcstackCOMMON                       cstackCOMMON 00000
__LdataBANK1                          dataBANK1    00000
__LdataBANK2                          dataBANK2    00000
__LdataBANK4                          dataBANK4    00000
__Leeprom_data                        eeprom_data  00000
__Lend_init                           end_init     000E8
__Lfunctab                            functab      00000
__LidataBANK1                         idataBANK1   00000
__LidataBANK2                         idataBANK2   00000
__LidataBANK4                         idataBANK4   00000
__Lidloc                              idloc        00000
__Linit                               init         000E8
__Linittext                           inittext     00000
__Lintentry                           intentry     00004
__Lmaintext                           maintext     00000
__Lpowerup                            powerup      00000
__Lram                                ram          00000
__Lreset_vec                          reset_vec    00000
__Lsfr0                               sfr0         00000
__Lsfr1                               sfr1         00000
__Lsfr10                              sfr10        00000
__Lsfr11                              sfr11        00000
__Lsfr12                              sfr12        00000
__Lsfr13                              sfr13        00000
__Lsfr14                              sfr14        00000
__Lsfr15                              sfr15        00000
__Lsfr16                              sfr16        00000
__Lsfr17                              sfr17        00000
__Lsfr18                              sfr18        00000
__Lsfr19                              sfr19        00000
__Lsfr2                               sfr2         00000
__Lsfr20                              sfr20        00000
__Lsfr21                              sfr21        00000
__Lsfr22                              sfr22        00000
__Lsfr23                              sfr23        00000
__Lsfr24                              sfr24        00000
__Lsfr25                              sfr25        00000
__Lsfr26                              sfr26        00000
__Lsfr27                              sfr27        00000
__Lsfr28                              sfr28        00000
__Lsfr29                              sfr29        00000
__Lsfr3                               sfr3         00000
__Lsfr30                              sfr30        00000
__Lsfr31                              sfr31        00000
__Lsfr4                               sfr4         00000
__Lsfr5                               sfr5         00000
__Lsfr6                               sfr6         00000
__Lsfr7                               sfr7         00000
__Lsfr8                               sfr8         00000
__Lsfr9                               sfr9         00000
__Lspace_0                            (abs)        00000
__Lspace_1                            (abs)        00000
__Lspace_2                            (abs)        00000
__Lspace_3                            (abs)        00000
__Lstack                              stack        00000
__Lstrings                            strings      00000
__Lstringtext                         stringtext   00000
__Ltext                               text         00000
__S0                                  (abs)        08009
__S1                                  (abs)        002E1
__S2                                  (abs)        00000
___fldiv                              text5        01037
___fldiv@cntr                         cstackBANK0  00045
___fldiv@exp                          cstackBANK0  00046
___fldiv@f1                           cstackBANK0  00038
___fldiv@f2                           cstackBANK0  00034
___fldiv@f3                           cstackBANK0  00041
___fldiv@sign                         cstackBANK0  00047
___flge                               text1        01F2F
___flge@ff1                           cstackBANK0  00025
___flge@ff2                           cstackBANK0  00029
___flmul                              text4        010F8
___flmul@cntr                         cstackBANK0  0005A
___flmul@exp                          cstackBANK0  00055
___flmul@f1                           cstackBANK0  00048
___flmul@f2                           cstackBANK0  0004C
___flmul@f3_as_product                cstackBANK0  00056
___flmul@sign                         cstackBANK0  0005B
___flpack                             text6        01F95
___flpack@arg                         cstackBANK0  00025
___flpack@exp                         cstackBANK0  00029
___flpack@sign                        cstackBANK0  0002A
___int_sp                             stack        00000
___latbits                            (abs)        00002
___lldiv                              text36       01CBA
___lldiv@counter                      cstackBANK0  00032
___lldiv@dividend                     cstackBANK0  00029
___lldiv@divisor                      cstackBANK0  00025
___lldiv@quotient                     cstackBANK0  0002E
___llmod                              text28       01BE2
___llmod@counter                      cstackBANK0  0003C
___llmod@dividend                     cstackBANK0  00037
___llmod@divisor                      cstackBANK0  00033
___lmul                               text13       01A79
___lmul@multiplicand                  cstackBANK0  00029
___lmul@multiplier                    cstackBANK0  00025
___lmul@product                       cstackBANK0  0002D
___lwtofl                             text3        007E3
___lwtofl@c                           cstackBANK0  0002F
___sp                                 stack        00000
__end_of_BlockErase                   text18       01B0B
__end_of_CheckSum_byte                text47       01ADA
__end_of_Clock_TRIS                   text46       018E7
__end_of_CloseUSART                   text39       01917
__end_of_ConfigureOscillator          text50       01966
__end_of_Data_TRIS                    text45       018F2
__end_of_Decode_Scan_Code             text25       0199E
__end_of_Decode_Scan_Code_Function    text24       01954
__end_of_Decode_Scan_Code_FunctionE0  text23       019B1
__end_of_Decode_Scan_Code_Shift       text22       019C4
__end_of_DisableInternalADC           text8        018C0
__end_of_INIT_PS_2_INTERRUPT          text10       01943
__end_of_ISNUMBER                     text21       01925
__end_of_InitApp                      text49       019FD
__end_of_InitUART                     text34       012BA
__end_of_Init_PS_2_Send               text40       0149F
__end_of_Init_System                  text26       0169B
__end_of_InternalADC_Read             text7        01C69
__end_of_Keyboard_Connected           text11       01DB7
__end_of_OpenUSART                    text38       01BE2
__end_of_PS_2_DISABLE_INTERRUPT       text48       00BE4
__end_of_PS_2_ENABLE_INTERRUPT        text44       019D9
__end_of_PS_2_INIT                    text9        01909
__end_of_PS_2_Update                  text12       007E3
__end_of_READ_CONFIG_PIN              text58       018B9
__end_of_READ_PS_2_PIN                text43       01978
__end_of_ReadBaud                     text31       01F2F
__end_of_ReadFlash_2Byte              text33       01B3D
__end_of_ReadFlash_4Byte              text32       01CBA
__end_of_ReadUSART                    text37       018DC
__end_of_ReadVoltage                  text2        00C69
__end_of_Reverse_Byte                 text20       01D62
__end_of_ScanCode                     stringtext   008F5
__end_of_ScanCodeFunctionE0           stringtext   009D3
__end_of_ScanCodeFunctionNoE0         stringtext   00884
__end_of_ScanCodeSHIFT                stringtext   00966
__end_of_Send_PS2                     text41       00E08
__end_of_SetBaud                      text15       01800
__end_of_UART_send_break_timed        text14       01A49
__end_of_UARTchar                     text30       01E6D
__end_of_UARTstringWAIT               text29       01BA3
__end_of_UNLOCK                       text19       018FD
__end_of_WriteBaud                    text16       01ECB
__end_of_WriteFlash_Sequential        text17       013AC
__end_of___fldiv                      text5        010F8
__end_of___flge                       text1        01F95
__end_of___flmul                      text4        011CA
__end_of___flpack                     text6        02000
__end_of___lldiv                      text36       01D0D
__end_of___llmod                      text28       01C25
__end_of___lmul                       text13       01AA9
__end_of___lwtofl                     text3        007FB
__end_of__initialization              cinit        0011F
__end_of__stringdata                  stringtext   00BC5
__end_of_baudUSART                    text35       018D2
__end_of_delayUS                      text42       01037
__end_of_dpowers                      stringtext   009FB
__end_of_isr                          intentry     000E8
__end_of_main                         maintext     01000
__end_of_sprintf                      text27       01593
__end_ofi1_CheckSum_byte              text53       01A79
__end_ofi1_READ_PS_2_PIN              text57       0198B
__end_ofi1_ReadUSART                  text56       018C9
__end_ofi1_UART_send_break_timed      text54       01A22
__end_ofi1_UARTchar                   text52       01E0F
__end_ofi1_delayUS                    text55       01B70
__initialization                      cinit        000EA
__pbssBANK0                           bssBANK0     00066
__pbssBANK1                           bssBANK1     000E8
__pbssBANK2                           bssBANK2     0015F
__pbssBANK3                           bssBANK3     001A0
__pbssBANK4                           bssBANK4     0022E
__pcstackBANK0                        cstackBANK0  00020
__pcstackBANK1                        cstackBANK1  000A0
__pcstackBANK2                        cstackBANK2  00120
__pcstackBANK3                        cstackBANK3  001AF
__pcstackBANK5                        cstackBANK5  002A0
__pcstackCOMMON                       cstackCOMMON 00070
__pdataBANK1                          dataBANK1    000EB
__pdataBANK2                          dataBANK2    0016E
__pdataBANK4                          dataBANK4    00220
__pidataBANK1                         idataBANK1   007FB
__pidataBANK2                         idataBANK2   007FC
__pidataBANK4                         idataBANK4   01925
__pintentry                           intentry     00004
__pmaintext                           maintext     00E08
__pstringtext                         stringtext   00800
__ptext1                              text1        01F2F
__ptext10                             text10       01933
__ptext11                             text11       01D62
__ptext12                             text12       00123
__ptext13                             text13       01A79
__ptext14                             text14       01A22
__ptext15                             text15       0169B
__ptext16                             text16       01E6D
__ptext17                             text17       012BA
__ptext18                             text18       01ADA
__ptext19                             text19       018F2
__ptext2                              text2        00BE4
__ptext20                             text20       01D0D
__ptext21                             text21       01917
__ptext22                             text22       019B1
__ptext23                             text23       0199E
__ptext24                             text24       01943
__ptext25                             text25       0198B
__ptext26                             text26       01593
__ptext27                             text27       0149F
__ptext28                             text28       01BE2
__ptext29                             text29       01B70
__ptext3                              text3        007E3
__ptext30                             text30       01E0F
__ptext31                             text31       01ECB
__ptext32                             text32       01C69
__ptext33                             text33       01B0B
__ptext34                             text34       011CA
__ptext35                             text35       018C9
__ptext36                             text36       01CBA
__ptext37                             text37       018D2
__ptext38                             text38       01BA3
__ptext39                             text39       01909
__ptext4                              text4        010F8
__ptext40                             text40       013AC
__ptext41                             text41       00C69
__ptext42                             text42       01002
__ptext43                             text43       01966
__ptext44                             text44       019C4
__ptext45                             text45       018E7
__ptext46                             text46       018DC
__ptext47                             text47       01AA9
__ptext48                             text48       00BC5
__ptext49                             text49       019D9
__ptext5                              text5        01037
__ptext50                             text50       01954
__ptext52                             text52       01DB7
__ptext53                             text53       01A49
__ptext54                             text54       019FD
__ptext55                             text55       01B3D
__ptext56                             text56       018C0
__ptext57                             text57       01978
__ptext58                             text58       018B2
__ptext6                              text6        01F95
__ptext7                              text7        01C25
__ptext8                              text8        018B9
__ptext9                              text9        018FD
__size_of_BlockErase                  (abs)        00000
__size_of_CheckSum_byte               (abs)        00000
__size_of_Clock_TRIS                  (abs)        00000
__size_of_CloseUSART                  (abs)        00000
__size_of_ConfigureOscillator         (abs)        00000
__size_of_Data_TRIS                   (abs)        00000
__size_of_Decode_Scan_Code            (abs)        00000
__size_of_Decode_Scan_Code_Function   (abs)        00000
__size_of_Decode_Scan_Code_FunctionE0 (abs)        00000
__size_of_Decode_Scan_Code_Shift      (abs)        00000
__size_of_DisableInternalADC          (abs)        00000
__size_of_INIT_PS_2_INTERRUPT         (abs)        00000
__size_of_ISNUMBER                    (abs)        00000
__size_of_InitApp                     (abs)        00000
__size_of_InitUART                    (abs)        00000
__size_of_Init_PS_2_Send              (abs)        00000
__size_of_Init_System                 (abs)        00000
__size_of_InternalADC_Read            (abs)        00000
__size_of_Keyboard_Connected          (abs)        00000
__size_of_OpenUSART                   (abs)        00000
__size_of_PS_2_DISABLE_INTERRUPT      (abs)        00000
__size_of_PS_2_ENABLE_INTERRUPT       (abs)        00000
__size_of_PS_2_INIT                   (abs)        00000
__size_of_PS_2_Update                 (abs)        00000
__size_of_READ_CONFIG_PIN             (abs)        00000
__size_of_READ_PS_2_PIN               (abs)        00000
__size_of_ReadBaud                    (abs)        00000
__size_of_ReadFlash_2Byte             (abs)        00000
__size_of_ReadFlash_4Byte             (abs)        00000
__size_of_ReadUSART                   (abs)        00000
__size_of_ReadVoltage                 (abs)        00000
__size_of_Reverse_Byte                (abs)        00000
__size_of_Send_PS2                    (abs)        00000
__size_of_SetBaud                     (abs)        00000
__size_of_UART_send_break_timed       (abs)        00000
__size_of_UARTchar                    (abs)        00000
__size_of_UARTstringWAIT              (abs)        00000
__size_of_UNLOCK                      (abs)        00000
__size_of_WriteBaud                   (abs)        00000
__size_of_WriteFlash_Sequential       (abs)        00000
__size_of___fldiv                     (abs)        00000
__size_of___flge                      (abs)        00000
__size_of___flmul                     (abs)        00000
__size_of___flpack                    (abs)        00000
__size_of___lldiv                     (abs)        00000
__size_of___llmod                     (abs)        00000
__size_of___lmul                      (abs)        00000
__size_of___lwtofl                    (abs)        00000
__size_of_baudUSART                   (abs)        00000
__size_of_delayUS                     (abs)        00000
__size_of_isr                         (abs)        00000
__size_of_main                        (abs)        00000
__size_of_sprintf                     (abs)        00000
__size_ofi1_CheckSum_byte             (abs)        00000
__size_ofi1_READ_PS_2_PIN             (abs)        00000
__size_ofi1_ReadUSART                 (abs)        00000
__size_ofi1_UART_send_break_timed     (abs)        00000
__size_ofi1_UARTchar                  (abs)        00000
__size_ofi1_delayUS                   (abs)        00000
__stringdata                          stringtext   009FB
_baudUSART                            text35       018C9
_blinkdelay                           bssBANK2     0016C
_delayUS                              text42       01002
_dpowers                              stringtext   009D3
_i                                    bssBANK2     0016D
_isr                                  intentry     00004
_main                                 maintext     00E08
_pwrLEDtoggle                         bssBANK4     00238
_sprintf                              text27       0149F
baudUSART@baudconfig                  cstackBANK0  00025
btemp                                 (abs)        0007E
clear_ram0                            clrtext      018AC
delayUS@US                            cstackBANK0  00025
delayUS@i                             cstackBANK0  0002A
delayUS@j                             cstackBANK0  0002E
end_of_initialization                 cinit        0011F
i1CheckSum_byte@Odd_Even              cstackCOMMON 00072
i1CheckSum_byte@Parity                cstackCOMMON 00076
i1CheckSum_byte@This                  cstackCOMMON 00070
i1CheckSum_byte@ThisTemp              cstackCOMMON 00074
i1CheckSum_byte@i                     cstackCOMMON 00077
i1READ_PS_2_PIN@DATA_CLK              cstackCOMMON 00070
i1ReadUSART@data                      cstackCOMMON 00071
i1UART_send_break_timed@US            cstackCOMMON 0007A
i1UARTchar@NinethBit_override_data    cstackCOMMON 00079
i1UARTchar@data                       cstackBANK0  00020
i1UARTchar@override                   cstackCOMMON 00078
i1_CheckSum_byte                      text53       01A49
i1_READ_PS_2_PIN                      text57       01978
i1_ReadUSART                          text56       018C0
i1_UART_send_break_timed              text54       019FD
i1_UARTchar                           text52       01DB7
i1_delayUS                            text55       01B3D
i1delayUS@US                          cstackCOMMON 00070
i1delayUS@i                           cstackCOMMON 00075
i1delayUS@j                           cstackCOMMON 00079
init_ram                              inittext     018A6
intlevel0                             functab      00000
intlevel1                             functab      00000
intlevel2                             functab      00000
intlevel3                             functab      00000
intlevel4                             functab      00000
intlevel5                             functab      00000
isr@Rx_fault                          cstackBANK0  00023
isr@rx                                cstackBANK0  00024
ltemp                                 (abs)        0007E
ltemp0                                (abs)        0007E
ltemp1                                (abs)        00082
ltemp2                                (abs)        00086
ltemp3                                (abs)        00080
main@i                                cstackBANK1  000E7
pic14e$flags                          (abs)        0007E
reset_vec                             reset_vec    00000
sprintf@_val                          cstackBANK0  0004E
sprintf@ap                            cstackBANK0  00052
sprintf@c                             cstackBANK0  00053
sprintf@f                             cstackBANK0  0003F
sprintf@flag                          cstackBANK0  0004B
sprintf@prec                          cstackBANK0  0004C
sprintf@sp                            cstackBANK0  0003D
stackhi                               (abs)        0231F
stacklo                               (abs)        021D1
start                                 init         000E8
start_initialization                  cinit        000EA
ttemp                                 (abs)        0007E
ttemp0                                (abs)        0007E
ttemp1                                (abs)        00081
ttemp2                                (abs)        00084
ttemp3                                (abs)        00087
ttemp4                                (abs)        0007F
wtemp                                 (abs)        0007E
wtemp0                                (abs)        0007E
wtemp1                                (abs)        00080
wtemp2                                (abs)        00082
wtemp3                                (abs)        00084
wtemp4                                (abs)        00086
wtemp5                                (abs)        00088
wtemp6                                (abs)        0007F


FUNCTION INFORMATION:

 *************** function _main *****************
 Defined at:
		line 106 in file "main.c"
 Parameters:    Size  Location     Type
		None
 Auto vars:     Size  Location     Type
  i               1   71[BANK1 ] unsigned char 
 Return value:  Size  Location     Type
		None               void
 Registers used:
		wreg, fsr0l, fsr0h, fsr1l, fsr1h, status,2, status,0, pclath, cstack
 Tracked objects:
		On entry : 
		On exit  : 
		Unchanged: 
 Data sizes:     COMMON   BANK0   BANK1   BANK2   BANK3   BANK4   BANK5   BANK6   BANK7   BANK8   BANK9  BANK10  BANK11  BANK12
      Params:         0       0       0       0       0       0       0       0       0       0       0       0       0       0
      Locals:         0       0       1       0       0       0       0       0       0       0       0       0       0       0
      Temps:          0       1       0       0       0       0       0       0       0       0       0       0       0       0
      Totals:         0       1       1       0       0       0       0       0       0       0       0       0       0       0
Total ram usage:        2 bytes
 Hardware stack levels required when called:   10
 This function calls:
		_ConfigureOscillator
		_InitApp
		_Init_PS_2_Send
		_Init_System
		_Keyboard_Connected
		_PS_2_DISABLE_INTERRUPT
		_PS_2_ENABLE_INTERRUPT
		_PS_2_INIT
		_PS_2_Update
		_ReadVoltage
		_UARTstringWAIT
		___flge
		_delayUS
 This function is called by:
		Startup code after reset
 This function uses a non-reentrant model


 *************** function ___flge *****************
 Defined at:
		line 4 in file "C:\Program Files (x86)\Microchip\xc8\v1.33\sources\common\flge.c"
 Parameters:    Size  Location     Type
  ff1             4    5[BANK0 ] unsigned char 
  ff2             4    9[BANK0 ] unsigned char 
 Auto vars:     Size  Location     Type
		None
 Return value:  Size  Location     Type
		None               void
 Registers used:
		wreg, status,2, status,0
 Tracked objects:
		On entry : 
		On exit  : 
		Unchanged: 
 Data sizes:     COMMON   BANK0   BANK1   BANK2   BANK3   BANK4   BANK5   BANK6   BANK7   BANK8   BANK9  BANK10  BANK11  BANK12
      Params:         0       8       0       0       0       0       0       0       0       0       0       0       0       0
      Locals:         0       0       0       0       0       0       0       0       0       0       0       0       0       0
      Temps:          0       8       0       0       0       0       0       0       0       0       0       0       0       0
      Totals:         0      16       0       0       0       0       0       0       0       0       0       0       0       0
Total ram usage:       16 bytes
 Hardware stack levels used:    1
 Hardware stack levels required when called:    3
 This function calls:
		Nothing
 This function is called by:
		_main
 This function uses a non-reentrant model


 *************** function _ReadVoltage *****************
 Defined at:
		line 64 in file "ADC.c"
 Parameters:    Size  Location     Type
		None
 Auto vars:     Size  Location     Type
  voltage         4    0[BANK1 ] unsigned char 
  temp            2    4[BANK1 ] unsigned int 
[...]
      Temps:          0       1       0       0       0       0       0       0       0       0       0       0       0       0
      Totals:         0       8       0       0       0       0       0       0       0       0       0       0       0       0
Total ram usage:        8 bytes
 Hardware stack levels used:    1
 Hardware stack levels required when called:    3
 This function calls:
		Nothing
 This function is called by:
		_UARTchar
		_PS_2_Update
		_Send_PS2
 This function uses a non-reentrant model


 *************** function _PS_2_DISABLE_INTERRUPT *****************
 Defined at:
		line 176 in file "PS_2.c"
 Parameters:    Size  Location     Type
  DATA_CLK        1    wreg     unsigned char 
 Auto vars:     Size  Location     Type
  DATA_CLK        1    6[BANK0 ] unsigned char 
 Return value:  Size  Location     Type
		None               void
 Registers used:
		wreg, status,2, status,0
 Tracked objects:
		On entry : 
		On exit  : 
		Unchanged: 
 Data sizes:     COMMON   BANK0   BANK1   BANK2   BANK3   BANK4   BANK5   BANK6   BANK7   BANK8   BANK9  BANK10  BANK11  BANK12
      Params:         0       0       0       0       0       0       0       0       0       0       0       0       0       0
      Locals:         0       1       0       0       0       0       0       0       0       0       0       0       0       0
      Temps:          0       1       0       0       0       0       0       0       0       0       0       0       0       0
      Totals:         0       2       0       0       0       0       0       0       0       0       0       0       0       0
Total ram usage:        2 bytes
 Hardware stack levels used:    1
 Hardware stack levels required when called:    3
 This function calls:
		Nothing
 This function is called by:
		_main
		_PS_2_Update
		_Init_PS_2_Send
		_Keyboard_Connected
 This function uses a non-reentrant model


 *************** function _InitApp *****************
 Defined at:
		line 64 in file "user.c"
 Parameters:    Size  Location     Type
		None
 Auto vars:     Size  Location     Type
		None
 Return value:  Size  Location     Type
		None               void
 Registers used:
		wreg, status,2
 Tracked objects:
		On entry : 
		On exit  : 
		Unchanged: 
 Data sizes:     COMMON   BANK0   BANK1   BANK2   BANK3   BANK4   BANK5   BANK6   BANK7   BANK8   BANK9  BANK10  BANK11  BANK12
      Params:         0       0       0       0       0       0       0       0       0       0       0       0       0       0
      Locals:         0       0       0       0       0       0       0       0       0       0       0       0       0       0
      Temps:          0       0       0       0       0       0       0       0       0       0       0       0       0       0
      Totals:         0       0       0       0       0       0       0       0       0       0       0       0       0       0
Total ram usage:        0 bytes
 Hardware stack levels used:    1
 Hardware stack levels required when called:    3
 This function calls:
		Nothing
 This function is called by:
		_main
 This function uses a non-reentrant model


 *************** function _ConfigureOscillator *****************
 Defined at:
		line 40 in file "system.c"
 Parameters:    Size  Location     Type
		None
 Auto vars:     Size  Location     Type
		None
 Return value:  Size  Location     Type
		None               void
 Registers used:
		wreg, status,2, status,0
 Tracked objects:
		On entry : 
		On exit  : 
		Unchanged: 
 Data sizes:     COMMON   BANK0   BANK1   BANK2   BANK3   BANK4   BANK5   BANK6   BANK7   BANK8   BANK9  BANK10  BANK11  BANK12
      Params:         0       0       0       0       0       0       0       0       0       0       0       0       0       0
      Locals:         0       0       0       0       0       0       0       0       0       0       0       0       0       0
      Temps:          0       1       0       0       0       0       0       0       0       0       0       0       0       0
      Totals:         0       1       0       0       0       0       0       0       0       0       0       0       0       0
Total ram usage:        1 bytes
 Hardware stack levels used:    1
 Hardware stack levels required when called:    3
 This function calls:
		Nothing
 This function is called by:
		_main
 This function uses a non-reentrant model


 *************** function _isr *****************
 Defined at:
		line 72 in file "interrupts.c"
 Parameters:    Size  Location     Type
		None
 Auto vars:     Size  Location     Type
  rx              1    4[BANK0 ] unsigned char 
  Rx_fault        1    3[BANK0 ] unsigned char 
 Return value:  Size  Location     Type
		None               void
 Registers used:
		wreg, fsr0l, fsr0h, status,2, status,0, pclath, cstack
 Tracked objects:
		On entry : 
		On exit  : 
		Unchanged: 
 Data sizes:     COMMON   BANK0   BANK1   BANK2   BANK3   BANK4   BANK5   BANK6   BANK7   BANK8   BANK9  BANK10  BANK11  BANK12
      Params:         0       0       0       0       0       0       0       0       0       0       0       0       0       0
      Locals:         0       2       0       0       0       0       0       0       0       0       0       0       0       0
      Temps:          0       2       0       0       0       0       0       0       0       0       0       0       0       0
      Totals:         0       4       0       0       0       0       0       0       0       0       0       0       0       0
Total ram usage:        4 bytes
 Hardware stack levels used:    1
 Hardware stack levels required when called:    2
 This function calls:
		_READ_CONFIG_PIN
		i1_READ_PS_2_PIN
		i1_ReadUSART
		i1_UART_send_break_timed
		i1_UARTchar
 This function is called by:
		Interrupt level 1
 This function uses a non-reentrant model


 *************** function i1_UARTchar *****************
 Defined at:
		line 232 in file "UART.c"
 Parameters:    Size  Location     Type
  data            1    wreg     unsigned char 
  override        1    8[COMMON] unsigned char 
  NinethBit_ov    1    9[COMMON] unsigned char 
 Auto vars:     Size  Location     Type
  data            1    0[BANK0 ] unsigned char 
 Return value:  Size  Location     Type
		None               void
 Registers used:
		wreg, fsr0l, fsr0h, status,2, status,0, pclath, cstack
 Tracked objects:
		On entry : 
		On exit  : 
		Unchanged: 
 Data sizes:     COMMON   BANK0   BANK1   BANK2   BANK3   BANK4   BANK5   BANK6   BANK7   BANK8   BANK9  BANK10  BANK11  BANK12
      Params:         2       0       0       0       0       0       0       0       0       0       0       0       0       0
      Locals:         0       1       0       0       0       0       0       0       0       0       0       0       0       0
      Temps:          4       0       0       0       0       0       0       0       0       0       0       0       0       0
      Totals:         6       1       0       0       0       0       0       0       0       0       0       0       0       0
Total ram usage:        7 bytes
 Hardware stack levels used:    1
 Hardware stack levels required when called:    1
 This function calls:
		i1_CheckSum_byte
 This function is called by:
		_isr
 This function uses a non-reentrant model


 *************** function i1_CheckSum_byte *****************
 Defined at:
		line 69 in file "MISC.c"
 Parameters:    Size  Location     Type
  This            2    0[COMMON] unsigned int 
  Odd_Even        1    2[COMMON] unsigned char 
 Auto vars:     Size  Location     Type
  CheckSum_byt    2    4[COMMON] unsigned int 
  CheckSum_byt    1    7[COMMON] unsigned char 
  CheckSum_byt    1    6[COMMON] unsigned char 
 Return value:  Size  Location     Type
                  1    wreg      unsigned char 
 Registers used:
		wreg, status,2, status,0
 Tracked objects:
		On entry : 
		On exit  : 
		Unchanged: 
 Data sizes:     COMMON   BANK0   BANK1   BANK2   BANK3   BANK4   BANK5   BANK6   BANK7   BANK8   BANK9  BANK10  BANK11  BANK12
      Params:         3       0       0       0       0       0       0       0       0       0       0       0       0       0
      Locals:         4       0       0       0       0       0       0       0       0       0       0       0       0       0
      Temps:          1       0       0       0       0       0       0       0       0       0       0       0       0       0
      Totals:         8       0       0       0       0       0       0       0       0       0       0       0       0       0
Total ram usage:        8 bytes
 Hardware stack levels used:    1
 This function calls:
		Nothing
 This function is called by:
		i1_UARTchar
 This function uses a non-reentrant model


 *************** function i1_UART_send_break_timed *****************
 Defined at:
		line 332 in file "UART.c"
 Parameters:    Size  Location     Type
  US              2   10[COMMON] unsigned int 
 Auto vars:     Size  Location     Type
		None
 Return value:  Size  Location     Type
		None               void
 Registers used:
		wreg, status,2, status,0, pclath, cstack
 Tracked objects:
		On entry : 
		On exit  : 
		Unchanged: 
 Data sizes:     COMMON   BANK0   BANK1   BANK2   BANK3   BANK4   BANK5   BANK6   BANK7   BANK8   BANK9  BANK10  BANK11  BANK12
      Params:         2       0       0       0       0       0       0       0       0       0       0       0       0       0
      Locals:         0       0       0       0       0       0       0       0       0       0       0       0       0       0
      Temps:          1       0       0       0       0       0       0       0       0       0       0       0       0       0
      Totals:         3       0       0       0       0       0       0       0       0       0       0       0       0       0
Total ram usage:        3 bytes
 Hardware stack levels used:    1
 Hardware stack levels required when called:    1
 This function calls:
		i1_delayUS
 This function is called by:
		_isr
 This function uses a non-reentrant model


 *************** function i1_delayUS *****************
 Defined at:
		line 49 in file "MISC.c"
 Parameters:    Size  Location     Type
  US              4    0[COMMON] long 
 Auto vars:     Size  Location     Type
  delayUS         4    5[COMMON] long 
  delayUS         1    9[COMMON] unsigned char 
 Return value:  Size  Location     Type
		None               void
 Registers used:
		wreg, status,2, status,0
 Tracked objects:
		On entry : 
		On exit  : 
		Unchanged: 
 Data sizes:     COMMON   BANK0   BANK1   BANK2   BANK3   BANK4   BANK5   BANK6   BANK7   BANK8   BANK9  BANK10  BANK11  BANK12
      Params:         4       0       0       0       0       0       0       0       0       0       0       0       0       0
      Locals:         5       0       0       0       0       0       0       0       0       0       0       0       0       0
      Temps:          1       0       0       0       0       0       0       0       0       0       0       0       0       0
      Totals:        10       0       0       0       0       0       0       0       0       0       0       0       0       0
Total ram usage:       10 bytes
 Hardware stack levels used:    1
 This function calls:
		Nothing
 This function is called by:
		i1_UART_send_break_timed
 This function uses a non-reentrant model


 *************** function i1_ReadUSART *****************
 Defined at:
		line 300 in file "UART.c"
 Parameters:    Size  Location     Type
		None
 Auto vars:     Size  Location     Type
  ReadUSART       1    1[COMMON] unsigned char 
 Return value:  Size  Location     Type
                  1    wreg      unsigned char 
 Registers used:
		wreg
 Tracked objects:
		On entry : 
		On exit  : 
		Unchanged: 
 Data sizes:     COMMON   BANK0   BANK1   BANK2   BANK3   BANK4   BANK5   BANK6   BANK7   BANK8   BANK9  BANK10  BANK11  BANK12
      Params:         0       0       0       0       0       0       0       0       0       0       0       0       0       0
      Locals:         1       0       0       0       0       0       0       0       0       0       0       0       0       0
      Temps:          1       0       0       0       0       0       0       0       0       0       0       0       0       0
      Totals:         2       0       0       0       0       0       0       0       0       0       0       0       0       0
Total ram usage:        2 bytes
 Hardware stack levels used:    1
 This function calls:
		Nothing
 This function is called by:
		_isr
 This function uses a non-reentrant model


 *************** function i1_READ_PS_2_PIN *****************
 Defined at:
		line 224 in file "PS_2.c"
 Parameters:    Size  Location     Type
  DATA_CLK        1    wreg     unsigned char 
 Auto vars:     Size  Location     Type
  DATA_CLK        1    0[COMMON] unsigned char 
 Return value:  Size  Location     Type
                  1    wreg      unsigned char 
 Registers used:
		wreg
 Tracked objects:
		On entry : 
		On exit  : 
		Unchanged: 
 Data sizes:     COMMON   BANK0   BANK1   BANK2   BANK3   BANK4   BANK5   BANK6   BANK7   BANK8   BANK9  BANK10  BANK11  BANK12
      Params:         0       0       0       0       0       0       0       0       0       0       0       0       0       0
      Locals:         1       0       0       0       0       0       0       0       0       0       0       0       0       0
      Temps:          0       0       0       0       0       0       0       0       0       0       0       0       0       0
      Totals:         1       0       0       0       0       0       0       0       0       0       0       0       0       0
Total ram usage:        1 bytes
 Hardware stack levels used:    1
 This function calls:
		Nothing
 This function is called by:
		_isr
 This function uses a non-reentrant model


 *************** function _READ_CONFIG_PIN *****************
 Defined at:
		line 144 in file "MISC.c"
 Parameters:    Size  Location     Type
		None
 Auto vars:     Size  Location     Type
		None
 Return value:  Size  Location     Type
                  1    wreg      unsigned char 
 Registers used:
		wreg
 Tracked objects:
		On entry : 
		On exit  : 
		Unchanged: 
 Data sizes:     COMMON   BANK0   BANK1   BANK2   BANK3   BANK4   BANK5   BANK6   BANK7   BANK8   BANK9  BANK10  BANK11  BANK12
      Params:         0       0       0       0       0       0       0       0       0       0       0       0       0       0
      Locals:         0       0       0       0       0       0       0       0       0       0       0       0       0       0
      Temps:          0       0       0       0       0       0       0       0       0       0       0       0       0       0
      Totals:         0       0       0       0       0       0       0       0       0       0       0       0       0       0
Total ram usage:        0 bytes
 Hardware stack levels used:    1
 This function calls:
		Nothing
 This function is called by:
		_isr
 This function uses a non-reentrant model



MODULE INFORMATION

Module		Function		Class		Link	Load	Size
UART.c
		_OpenUSART     		CODE           	1BA3	0000	63
		_InitUART      		CODE           	11CA	0000	240
		_UARTstringWAIT		CODE           	1B70	0000	51
		_CloseUSART    		CODE           	1909	0000	14
		_SetBaud       		CODE           	169B	0000	357
		_UART_send_brea		CODE           	1A22	0000	39
		_UARTchar      		CODE           	1E0F	0000	94
		_baudUSART     		CODE           	18C9	0000	9
		_ReadUSART     		CODE           	18D2	0000	10

UART.c estimated size: 877

C:\Program Files (x86)\Microchip\xc8\v1.33\sources\common\doprnt.c
		_sprintf       		CODE           	149F	0000	244

C:\Program Files (x86)\Microchip\xc8\v1.33\sources\common\doprnt.c estimated size: 244

C:\Program Files (x86)\Microchip\xc8\v1.33\sources\common\lwtofl.c
		___lwtofl      		CODE           	07E3	0000	24

C:\Program Files (x86)\Microchip\xc8\v1.33\sources\common\lwtofl.c estimated size: 24

interrupts.c
		_isr           		CODE           	0004	0000	228

interrupts.c estimated size: 228

C:\Program Files (x86)\Microchip\xc8\v1.33\sources\common\llmod.c
		___llmod       		CODE           	1BE2	0000	67

C:\Program Files (x86)\Microchip\xc8\v1.33\sources\common\llmod.c estimated size: 67

C:\Program Files (x86)\Microchip\xc8\v1.33\sources\common\flmul.c
		___flmul       		CODE           	10F8	0000	210

C:\Program Files (x86)\Microchip\xc8\v1.33\sources\common\flmul.c estimated size: 210

FLASH.c
		_UNLOCK        		CODE           	18F2	0000	11
		_ReadBaud      		CODE           	1ECB	0000	100
		_ReadFlash_2Byt		CODE           	1B0B	0000	50
		_ReadFlash_4Byt		CODE           	1C69	0000	81
		_WriteBaud     		CODE           	1E6D	0000	94
		_WriteFlash_Seq		CODE           	12BA	0000	242
		_BlockErase    		CODE           	1ADA	0000	49

FLASH.c estimated size: 627

C:\Program Files (x86)\Microchip\xc8\v1.33\sources\common\Umul32.c
		___lmul        		CODE           	1A79	0000	48

C:\Program Files (x86)\Microchip\xc8\v1.33\sources\common\Umul32.c estimated size: 48

PS_2.c
		_READ_PS_2_PIN 		CODE           	1966	0000	18
		_Decode_Scan_Co		CODE           	198B	0000	19
		_PS_2_INIT     		CODE           	18FD	0000	12
		_PS_2_ENABLE_IN		CODE           	19C4	0000	21
		_Clock_TRIS    		CODE           	18DC	0000	11
		_Decode_Scan_Co		CODE           	1943	0000	17
		_Decode_Scan_Co		CODE           	199E	0000	19
		_Send_PS2      		CODE           	0C69	0000	415
		_PS_2_Update   		CODE           	0123	0000	1728
		_Data_TRIS     		CODE           	18E7	0000	11
		_Decode_Scan_Co		CODE           	19B1	0000	19
		_PS_2_DISABLE_I		CODE           	0BC5	0000	31
		_Init_PS_2_Send		CODE           	13AC	0000	243
		_INIT_PS_2_INTE		CODE           	1933	0000	16
		_Keyboard_Conne		CODE           	1D62	0000	85

PS_2.c estimated size: 2665

C:\Program Files (x86)\Microchip\xc8\v1.33\sources\common\lldiv.c
		___lldiv       		CODE           	1CBA	0000	83

C:\Program Files (x86)\Microchip\xc8\v1.33\sources\common\lldiv.c estimated size: 83

shared
		i1_UARTchar    		CODE           	1DB7	0000	88
		i1_CheckSum_byt		CODE           	1A49	0000	48
		__stringdata   		STRCODE        	09FB	0000	458
		_ScanCodeFuncti		STRCODE        	0966	0000	109
		_ScanCode      		STRCODE        	0884	0000	113
		_dpowers       		STRCODE        	09D3	0000	40
		_ScanCodeSHIFT 		STRCODE        	08F5	0000	113
		i1_ReadUSART   		CODE           	18C0	0000	9
		i1_READ_PS_2_PI		CODE           	1978	0000	19
		__initializatio		CODE           	00EA	0000	53
		_ScanCodeFuncti		STRCODE        	0800	0000	132
		i1_UART_send_br		CODE           	19FD	0000	37
		i1_delayUS     		CODE           	1B3D	0000	51

shared estimated size: 1270

ADC.c
		_InternalADC_Re		CODE           	1C25	0000	68
		_ReadVoltage   		CODE           	0BE4	0000	133
		_DisableInterna		CODE           	18B9	0000	7

ADC.c estimated size: 208

MISC.c
		_READ_CONFIG_PI		CODE           	18B2	0000	7
		_delayUS       		CODE           	1002	0000	53
		_CheckSum_byte 		CODE           	1AA9	0000	49
		_Reverse_Byte  		CODE           	1D0D	0000	85
		_ISNUMBER      		CODE           	1917	0000	14

MISC.c estimated size: 208

C:\Program Files (x86)\Microchip\xc8\v1.33\sources\common\double.c
		___flpack      		CODE           	1F95	0000	107

C:\Program Files (x86)\Microchip\xc8\v1.33\sources\common\double.c estimated size: 107

C:\Program Files (x86)\Microchip\xc8\v1.33\sources\pic\fldiv.c
		___fldiv       		CODE           	1037	0000	193

C:\Program Files (x86)\Microchip\xc8\v1.33\sources\pic\fldiv.c estimated size: 193

user.c
		_InitApp       		CODE           	19D9	0000	36
		_Init_System   		CODE           	1593	0000	264

user.c estimated size: 300

C:\Program Files (x86)\Microchip\xc8\v1.33\sources\common\flge.c
		___flge        		CODE           	1F2F	0000	102

C:\Program Files (x86)\Microchip\xc8\v1.33\sources\common\flge.c estimated size: 102

main.c
		_main          		CODE           	0E08	0000	504

main.c estimated size: 504

system.c
		_ConfigureOscil		CODE           	1954	0000	18

system.c estimated size: 18

